2020-07-08 21:28:05,290 py30 INFO handle_requests.py-33 line：发起一次HTTP请求
2020-07-08 21:28:05,291 py30 INFO handle_requests.py-41 line：请求头为：{'X-Lemonban-Media-Type': 'lemonban.v2', 'Content-Type': 'application/json'}
2020-07-08 21:28:05,291 py30 INFO handle_requests.py-42 line：请求方法为：POST
2020-07-08 21:28:05,291 py30 INFO handle_requests.py-43 line：请求url为：http://api.lemonban.com/futureloan/member/register
2020-07-08 21:28:05,291 py30 INFO handle_requests.py-44 line：请求数据为：{'mobile_phone': '18605671115', 'pwd': '123456789'}
2020-07-08 21:28:05,405 py30 INFO handle_requests.py-51 line：响应状态码为：200
2020-07-08 21:28:05,406 py30 INFO handle_requests.py-52 line：响应数据为：{'code': 2, 'msg': '账号已存在', 'data': None, 'copyright': 'Copyright 柠檬班 © 2017-2020 湖南省零檬信息技术有限公司 All Rights Reserved'}
2020-07-08 21:28:05,406 py30 INFO handle_requests.py-33 line：发起一次HTTP请求
2020-07-08 21:28:05,407 py30 INFO handle_requests.py-41 line：请求头为：{'X-Lemonban-Media-Type': 'lemonban.v2', 'Content-Type': 'application/json'}
2020-07-08 21:28:05,407 py30 INFO handle_requests.py-42 line：请求方法为：POST
2020-07-08 21:28:05,407 py30 INFO handle_requests.py-43 line：请求url为：http://api.lemonban.com/futureloan/member/login
2020-07-08 21:28:05,407 py30 INFO handle_requests.py-44 line：请求数据为：{'mobile_phone': '18605671115', 'pwd': '123456789'}
2020-07-08 21:28:05,520 py30 INFO handle_requests.py-51 line：响应状态码为：200
2020-07-08 21:28:05,521 py30 INFO handle_requests.py-52 line：响应数据为：{'code': 0, 'msg': 'OK', 'data': {'id': 200713, 'leave_amount': 8555405.44, 'mobile_phone': '18605671115', 'reg_name': '美丽可爱的小简', 'reg_time': '2020-06-29 11:52:20.0', 'type': 1, 'token_info': {'token_type': 'Bearer', 'expires_in': '2020-07-08 21:33:05', 'token': 'eyJhbGciOiJIUzUxMiJ9.eyJtZW1iZXJfaWQiOjIwMDcxMywiZXhwIjoxNTk0MjE1MTg1fQ.9oTx_KSOwjEg4V9Ez_P6QV-3aBk3QCCFRZk3OlTnGDElkVanMLFK_H5wgI_9xolnjBNZE9TMI7e1nSOPKWj2HA'}}, 'copyright': 'Copyright 柠檬班 © 2017-2020 湖南省零檬信息技术有限公司 All Rights Reserved'}
2020-07-08 21:28:05,584 py30 INFO test_recharge.py-67 line：充值前的用户余额：8555405.44
2020-07-08 21:28:05,585 py30 INFO test_recharge.py-70 line：充值的金额为：600
2020-07-08 21:28:05,586 py30 INFO test_recharge.py-72 line：期望的充值之后的金额为：8556005.44
2020-07-08 21:28:05,586 py30 INFO handle_requests.py-33 line：发起一次HTTP请求
2020-07-08 21:28:05,587 py30 INFO handle_requests.py-41 line：请求头为：{'X-Lemonban-Media-Type': 'lemonban.v2', 'Content-Type': 'application/json', 'Authorization': 'Bearer eyJhbGciOiJIUzUxMiJ9.eyJtZW1iZXJfaWQiOjIwMDcxMywiZXhwIjoxNTk0MjE1MTg1fQ.9oTx_KSOwjEg4V9Ez_P6QV-3aBk3QCCFRZk3OlTnGDElkVanMLFK_H5wgI_9xolnjBNZE9TMI7e1nSOPKWj2HA'}
2020-07-08 21:28:05,587 py30 INFO handle_requests.py-42 line：请求方法为：post
2020-07-08 21:28:05,587 py30 INFO handle_requests.py-43 line：请求url为：http://api.lemonban.com/futureloan/member/recharge
2020-07-08 21:28:05,587 py30 INFO handle_requests.py-44 line：请求数据为：{'member_id': 200713, 'amount': 600}
2020-07-08 21:28:05,670 py30 INFO handle_requests.py-51 line：响应状态码为：200
2020-07-08 21:28:05,670 py30 INFO handle_requests.py-52 line：响应数据为：{'code': 0, 'msg': 'OK', 'data': {'id': 200713, 'leave_amount': 8556005.44, 'mobile_phone': '18605671115', 'reg_name': '美丽可爱的小简', 'reg_time': '2020-06-29 11:52:20.0', 'type': 1}, 'copyright': 'Copyright 柠檬班 © 2017-2020 湖南省零檬信息技术有限公司 All Rights Reserved'}
2020-07-08 21:28:05,725 py30 INFO test_recharge.py-91 line：充值后的用户余额：8556005.44
2020-07-08 21:28:05,780 py30 INFO test_recharge.py-67 line：充值前的用户余额：8556005.44
2020-07-08 21:28:05,780 py30 INFO test_recharge.py-70 line：充值的金额为：600.1
2020-07-08 21:28:05,780 py30 INFO test_recharge.py-72 line：期望的充值之后的金额为：8556605.54
2020-07-08 21:28:05,781 py30 INFO handle_requests.py-33 line：发起一次HTTP请求
2020-07-08 21:28:05,781 py30 INFO handle_requests.py-41 line：请求头为：{'X-Lemonban-Media-Type': 'lemonban.v2', 'Content-Type': 'application/json', 'Authorization': 'Bearer eyJhbGciOiJIUzUxMiJ9.eyJtZW1iZXJfaWQiOjIwMDcxMywiZXhwIjoxNTk0MjE1MTg1fQ.9oTx_KSOwjEg4V9Ez_P6QV-3aBk3QCCFRZk3OlTnGDElkVanMLFK_H5wgI_9xolnjBNZE9TMI7e1nSOPKWj2HA'}
2020-07-08 21:28:05,781 py30 INFO handle_requests.py-42 line：请求方法为：post
2020-07-08 21:28:05,781 py30 INFO handle_requests.py-43 line：请求url为：http://api.lemonban.com/futureloan/member/recharge
2020-07-08 21:28:05,782 py30 INFO handle_requests.py-44 line：请求数据为：{'member_id': 200713, 'amount': 600.1}
2020-07-08 21:28:05,852 py30 INFO handle_requests.py-51 line：响应状态码为：200
2020-07-08 21:28:05,853 py30 INFO handle_requests.py-52 line：响应数据为：{'code': 0, 'msg': 'OK', 'data': {'id': 200713, 'leave_amount': 8556605.54, 'mobile_phone': '18605671115', 'reg_name': '美丽可爱的小简', 'reg_time': '2020-06-29 11:52:20.0', 'type': 1}, 'copyright': 'Copyright 柠檬班 © 2017-2020 湖南省零檬信息技术有限公司 All Rights Reserved'}
2020-07-08 21:28:05,904 py30 INFO test_recharge.py-91 line：充值后的用户余额：8556605.54
2020-07-08 21:28:05,954 py30 INFO test_recharge.py-67 line：充值前的用户余额：8556605.54
2020-07-08 21:28:05,954 py30 INFO test_recharge.py-70 line：充值的金额为：600.22
2020-07-08 21:28:05,955 py30 INFO test_recharge.py-72 line：期望的充值之后的金额为：8557205.76
2020-07-08 21:28:05,955 py30 INFO handle_requests.py-33 line：发起一次HTTP请求
2020-07-08 21:28:05,955 py30 INFO handle_requests.py-41 line：请求头为：{'X-Lemonban-Media-Type': 'lemonban.v2', 'Content-Type': 'application/json', 'Authorization': 'Bearer eyJhbGciOiJIUzUxMiJ9.eyJtZW1iZXJfaWQiOjIwMDcxMywiZXhwIjoxNTk0MjE1MTg1fQ.9oTx_KSOwjEg4V9Ez_P6QV-3aBk3QCCFRZk3OlTnGDElkVanMLFK_H5wgI_9xolnjBNZE9TMI7e1nSOPKWj2HA'}
2020-07-08 21:28:05,955 py30 INFO handle_requests.py-42 line：请求方法为：post
2020-07-08 21:28:05,956 py30 INFO handle_requests.py-43 line：请求url为：http://api.lemonban.com/futureloan/member/recharge
2020-07-08 21:28:05,956 py30 INFO handle_requests.py-44 line：请求数据为：{'member_id': 200713, 'amount': 600.22}
2020-07-08 21:28:06,027 py30 INFO handle_requests.py-51 line：响应状态码为：200
2020-07-08 21:28:06,028 py30 INFO handle_requests.py-52 line：响应数据为：{'code': 0, 'msg': 'OK', 'data': {'id': 200713, 'leave_amount': 8557205.76, 'mobile_phone': '18605671115', 'reg_name': '美丽可爱的小简', 'reg_time': '2020-06-29 11:52:20.0', 'type': 1}, 'copyright': 'Copyright 柠檬班 © 2017-2020 湖南省零檬信息技术有限公司 All Rights Reserved'}
2020-07-08 21:28:06,085 py30 INFO test_recharge.py-91 line：充值后的用户余额：8557205.76
2020-07-08 21:28:06,141 py30 INFO test_recharge.py-67 line：充值前的用户余额：8557205.76
2020-07-08 21:28:06,141 py30 INFO test_recharge.py-70 line：充值的金额为：500000
2020-07-08 21:28:06,142 py30 INFO test_recharge.py-72 line：期望的充值之后的金额为：9057205.76
2020-07-08 21:28:06,142 py30 INFO handle_requests.py-33 line：发起一次HTTP请求
2020-07-08 21:28:06,142 py30 INFO handle_requests.py-41 line：请求头为：{'X-Lemonban-Media-Type': 'lemonban.v2', 'Content-Type': 'application/json', 'Authorization': 'Bearer eyJhbGciOiJIUzUxMiJ9.eyJtZW1iZXJfaWQiOjIwMDcxMywiZXhwIjoxNTk0MjE1MTg1fQ.9oTx_KSOwjEg4V9Ez_P6QV-3aBk3QCCFRZk3OlTnGDElkVanMLFK_H5wgI_9xolnjBNZE9TMI7e1nSOPKWj2HA'}
2020-07-08 21:28:06,142 py30 INFO handle_requests.py-42 line：请求方法为：post
2020-07-08 21:28:06,142 py30 INFO handle_requests.py-43 line：请求url为：http://api.lemonban.com/futureloan/member/recharge
2020-07-08 21:28:06,143 py30 INFO handle_requests.py-44 line：请求数据为：{'member_id': 200713, 'amount': 500000}
2020-07-08 21:28:06,203 py30 INFO handle_requests.py-51 line：响应状态码为：200
2020-07-08 21:28:06,203 py30 INFO handle_requests.py-52 line：响应数据为：{'code': 0, 'msg': 'OK', 'data': {'id': 200713, 'leave_amount': 9057205.76, 'mobile_phone': '18605671115', 'reg_name': '美丽可爱的小简', 'reg_time': '2020-06-29 11:52:20.0', 'type': 1}, 'copyright': 'Copyright 柠檬班 © 2017-2020 湖南省零檬信息技术有限公司 All Rights Reserved'}
2020-07-08 21:28:06,253 py30 INFO test_recharge.py-91 line：充值后的用户余额：9057205.76
2020-07-08 21:28:06,259 py30 INFO handle_requests.py-33 line：发起一次HTTP请求
2020-07-08 21:28:06,260 py30 INFO handle_requests.py-41 line：请求头为：{'X-Lemonban-Media-Type': 'lemonban.v2', 'Content-Type': 'application/json', 'Authorization': 'Bearer eyJhbGciOiJIUzUxMiJ9.eyJtZW1iZXJfaWQiOjIwMDcxMywiZXhwIjoxNTk0MjE1MTg1fQ.9oTx_KSOwjEg4V9Ez_P6QV-3aBk3QCCFRZk3OlTnGDElkVanMLFK_H5wgI_9xolnjBNZE9TMI7e1nSOPKWj2HA'}
2020-07-08 21:28:06,261 py30 INFO handle_requests.py-42 line：请求方法为：post
2020-07-08 21:28:06,261 py30 INFO handle_requests.py-43 line：请求url为：http://api.lemonban.com/futureloan/member/recharge
2020-07-08 21:28:06,262 py30 INFO handle_requests.py-44 line：请求数据为：{'amount': 600}
2020-07-08 21:28:06,321 py30 INFO handle_requests.py-51 line：响应状态码为：200
2020-07-08 21:28:06,321 py30 INFO handle_requests.py-52 line：响应数据为：{'code': 1, 'msg': '用户id为空', 'data': None, 'copyright': 'Copyright 柠檬班 © 2017-2020 湖南省零檬信息技术有限公司 All Rights Reserved'}
2020-07-08 21:28:06,322 py30 INFO handle_requests.py-33 line：发起一次HTTP请求
2020-07-08 21:28:06,322 py30 INFO handle_requests.py-41 line：请求头为：{'X-Lemonban-Media-Type': 'lemonban.v2', 'Content-Type': 'application/json', 'Authorization': 'Bearer eyJhbGciOiJIUzUxMiJ9.eyJtZW1iZXJfaWQiOjIwMDcxMywiZXhwIjoxNTk0MjE1MTg1fQ.9oTx_KSOwjEg4V9Ez_P6QV-3aBk3QCCFRZk3OlTnGDElkVanMLFK_H5wgI_9xolnjBNZE9TMI7e1nSOPKWj2HA'}
2020-07-08 21:28:06,323 py30 INFO handle_requests.py-42 line：请求方法为：post
2020-07-08 21:28:06,323 py30 INFO handle_requests.py-43 line：请求url为：http://api.lemonban.com/futureloan/member/recharge
2020-07-08 21:28:06,323 py30 INFO handle_requests.py-44 line：请求数据为：{'member_id': 98989898, 'amount': 600}
2020-07-08 21:28:06,378 py30 INFO handle_requests.py-51 line：响应状态码为：200
2020-07-08 21:28:06,379 py30 INFO handle_requests.py-52 line：响应数据为：{'code': 1007, 'msg': '无权限访问，请检查参数', 'data': None, 'copyright': 'Copyright 柠檬班 © 2017-2020 湖南省零檬信息技术有限公司 All Rights Reserved'}
2020-07-08 21:28:06,384 py30 INFO handle_requests.py-33 line：发起一次HTTP请求
2020-07-08 21:28:06,385 py30 INFO handle_requests.py-41 line：请求头为：{'X-Lemonban-Media-Type': 'lemonban.v2', 'Content-Type': 'application/json', 'Authorization': 'Bearer eyJhbGciOiJIUzUxMiJ9.eyJtZW1iZXJfaWQiOjIwMDcxMywiZXhwIjoxNTk0MjE1MTg1fQ.9oTx_KSOwjEg4V9Ez_P6QV-3aBk3QCCFRZk3OlTnGDElkVanMLFK_H5wgI_9xolnjBNZE9TMI7e1nSOPKWj2HA'}
2020-07-08 21:28:06,386 py30 INFO handle_requests.py-42 line：请求方法为：post
2020-07-08 21:28:06,386 py30 INFO handle_requests.py-43 line：请求url为：http://api.lemonban.com/futureloan/member/recharge
2020-07-08 21:28:06,386 py30 INFO handle_requests.py-44 line：请求数据为：{'member_id': '200713', 'amount': 600}
2020-07-08 21:28:06,458 py30 INFO handle_requests.py-51 line：响应状态码为：200
2020-07-08 21:28:06,459 py30 INFO handle_requests.py-52 line：响应数据为：{'code': 0, 'msg': 'OK', 'data': {'id': 200713, 'leave_amount': 9057805.76, 'mobile_phone': '18605671115', 'reg_name': '美丽可爱的小简', 'reg_time': '2020-06-29 11:52:20.0', 'type': 1}, 'copyright': 'Copyright 柠檬班 © 2017-2020 湖南省零檬信息技术有限公司 All Rights Reserved'}
2020-07-08 21:28:06,459 py30 ERROR test_recharge.py-94 line：断言失败！
Traceback (most recent call last):
  File "C:\Program Files\JetBrains\PyCharm Community Edition 2020.1\plugins\python-ce\helpers\pycharm\teamcity\diff_tools.py", line 32, in _patched_equals
    old(self, first, second, msg)
  File "D:\python37\lib\unittest\case.py", line 839, in assertEqual
    assertion_func(first, second, msg=msg)
  File "D:\python37\lib\unittest\case.py", line 832, in _baseAssertEqual
    raise self.failureException(msg)
AssertionError: 0 != 2

During handling of the above exception, another exception occurred:

Traceback (most recent call last):
  File "D:\Pychram-Workspace\py30-接口自动化\day7\TestCases\test_recharge.py", line 84, in test_recharge
    self.assertEqual(response.json()["code"], expected["code"])
  File "C:\Program Files\JetBrains\PyCharm Community Edition 2020.1\plugins\python-ce\helpers\pycharm\teamcity\diff_tools.py", line 38, in _patched_equals
    raise error
teamcity.diff_tools.EqualsAssertionError:  :: 0 != 2
2020-07-08 21:28:06,465 py30 INFO handle_requests.py-33 line：发起一次HTTP请求
2020-07-08 21:28:06,465 py30 INFO handle_requests.py-41 line：请求头为：{'X-Lemonban-Media-Type': 'lemonban.v2', 'Content-Type': 'application/json', 'Authorization': 'Bearer eyJhbGciOiJIUzUxMiJ9.eyJtZW1iZXJfaWQiOjIwMDcxMywiZXhwIjoxNTk0MjE1MTg1fQ.9oTx_KSOwjEg4V9Ez_P6QV-3aBk3QCCFRZk3OlTnGDElkVanMLFK_H5wgI_9xolnjBNZE9TMI7e1nSOPKWj2HA'}
2020-07-08 21:28:06,465 py30 INFO handle_requests.py-42 line：请求方法为：post
2020-07-08 21:28:06,466 py30 INFO handle_requests.py-43 line：请求url为：http://api.lemonban.com/futureloan/member/recharge
2020-07-08 21:28:06,466 py30 INFO handle_requests.py-44 line：请求数据为：{'member_id': 15.0, 'amount': 600}
2020-07-08 21:28:06,522 py30 INFO handle_requests.py-51 line：响应状态码为：200
2020-07-08 21:28:06,523 py30 INFO handle_requests.py-52 line：响应数据为：{'code': 2, 'msg': '数字格式化异常', 'data': None, 'copyright': 'Copyright 柠檬班 © 2017-2020 湖南省零檬信息技术有限公司 All Rights Reserved'}
2020-07-08 21:28:06,525 py30 INFO handle_requests.py-33 line：发起一次HTTP请求
2020-07-08 21:28:06,526 py30 INFO handle_requests.py-41 line：请求头为：{'X-Lemonban-Media-Type': 'lemonban.v2', 'Content-Type': 'application/json', 'Authorization': 'Bearer eyJhbGciOiJIUzUxMiJ9.eyJtZW1iZXJfaWQiOjIwMDcxMywiZXhwIjoxNTk0MjE1MTg1fQ.9oTx_KSOwjEg4V9Ez_P6QV-3aBk3QCCFRZk3OlTnGDElkVanMLFK_H5wgI_9xolnjBNZE9TMI7e1nSOPKWj2HA'}
2020-07-08 21:28:06,527 py30 INFO handle_requests.py-42 line：请求方法为：post
2020-07-08 21:28:06,527 py30 INFO handle_requests.py-43 line：请求url为：http://api.lemonban.com/futureloan/member/recharge
2020-07-08 21:28:06,528 py30 INFO handle_requests.py-44 line：请求数据为：{'member_id': 200713, 'amount': 0}
2020-07-08 21:28:06,598 py30 INFO handle_requests.py-51 line：响应状态码为：200
2020-07-08 21:28:06,598 py30 INFO handle_requests.py-52 line：响应数据为：{'code': 0, 'msg': 'OK', 'data': {'id': 200713, 'leave_amount': 9057805.76, 'mobile_phone': '18605671115', 'reg_name': '美丽可爱的小简', 'reg_time': '2020-06-29 11:52:20.0', 'type': 1}, 'copyright': 'Copyright 柠檬班 © 2017-2020 湖南省零檬信息技术有限公司 All Rights Reserved'}
2020-07-08 21:28:06,598 py30 ERROR test_recharge.py-94 line：断言失败！
Traceback (most recent call last):
  File "C:\Program Files\JetBrains\PyCharm Community Edition 2020.1\plugins\python-ce\helpers\pycharm\teamcity\diff_tools.py", line 32, in _patched_equals
    old(self, first, second, msg)
  File "D:\python37\lib\unittest\case.py", line 839, in assertEqual
    assertion_func(first, second, msg=msg)
  File "D:\python37\lib\unittest\case.py", line 832, in _baseAssertEqual
    raise self.failureException(msg)
AssertionError: 0 != 2

During handling of the above exception, another exception occurred:

Traceback (most recent call last):
  File "D:\Pychram-Workspace\py30-接口自动化\day7\TestCases\test_recharge.py", line 84, in test_recharge
    self.assertEqual(response.json()["code"], expected["code"])
  File "C:\Program Files\JetBrains\PyCharm Community Edition 2020.1\plugins\python-ce\helpers\pycharm\teamcity\diff_tools.py", line 38, in _patched_equals
    raise error
teamcity.diff_tools.EqualsAssertionError:  :: 0 != 2
2020-07-08 21:28:06,602 py30 INFO handle_requests.py-33 line：发起一次HTTP请求
2020-07-08 21:28:06,603 py30 INFO handle_requests.py-41 line：请求头为：{'X-Lemonban-Media-Type': 'lemonban.v2', 'Content-Type': 'application/json', 'Authorization': 'Bearer eyJhbGciOiJIUzUxMiJ9.eyJtZW1iZXJfaWQiOjIwMDcxMywiZXhwIjoxNTk0MjE1MTg1fQ.9oTx_KSOwjEg4V9Ez_P6QV-3aBk3QCCFRZk3OlTnGDElkVanMLFK_H5wgI_9xolnjBNZE9TMI7e1nSOPKWj2HA'}
2020-07-08 21:28:06,603 py30 INFO handle_requests.py-42 line：请求方法为：post
2020-07-08 21:28:06,603 py30 INFO handle_requests.py-43 line：请求url为：http://api.lemonban.com/futureloan/member/recharge
2020-07-08 21:28:06,603 py30 INFO handle_requests.py-44 line：请求数据为：{'member_id': 200713, 'amount': -600}
2020-07-08 21:28:06,660 py30 INFO handle_requests.py-51 line：响应状态码为：200
2020-07-08 21:28:06,662 py30 INFO handle_requests.py-52 line：响应数据为：{'code': 2, 'msg': '余额必须大于0并且小于或者等于500000', 'data': None, 'copyright': 'Copyright 柠檬班 © 2017-2020 湖南省零檬信息技术有限公司 All Rights Reserved'}
2020-07-08 21:28:06,671 py30 INFO handle_requests.py-33 line：发起一次HTTP请求
2020-07-08 21:28:06,671 py30 INFO handle_requests.py-41 line：请求头为：{'X-Lemonban-Media-Type': 'lemonban.v2', 'Content-Type': 'application/json', 'Authorization': 'Bearer eyJhbGciOiJIUzUxMiJ9.eyJtZW1iZXJfaWQiOjIwMDcxMywiZXhwIjoxNTk0MjE1MTg1fQ.9oTx_KSOwjEg4V9Ez_P6QV-3aBk3QCCFRZk3OlTnGDElkVanMLFK_H5wgI_9xolnjBNZE9TMI7e1nSOPKWj2HA'}
2020-07-08 21:28:06,672 py30 INFO handle_requests.py-42 line：请求方法为：post
2020-07-08 21:28:06,673 py30 INFO handle_requests.py-43 line：请求url为：http://api.lemonban.com/futureloan/member/recharge
2020-07-08 21:28:06,673 py30 INFO handle_requests.py-44 line：请求数据为：{'member_id': 200713}
2020-07-08 21:28:06,742 py30 INFO handle_requests.py-51 line：响应状态码为：200
2020-07-08 21:28:06,742 py30 INFO handle_requests.py-52 line：响应数据为：{'code': 2, 'msg': '余额必须为数值型', 'data': None, 'copyright': 'Copyright 柠檬班 © 2017-2020 湖南省零檬信息技术有限公司 All Rights Reserved'}
2020-07-08 21:28:06,742 py30 ERROR test_recharge.py-94 line：断言失败！
Traceback (most recent call last):
  File "C:\Program Files\JetBrains\PyCharm Community Edition 2020.1\plugins\python-ce\helpers\pycharm\teamcity\diff_tools.py", line 32, in _patched_equals
    old(self, first, second, msg)
  File "D:\python37\lib\unittest\case.py", line 839, in assertEqual
    assertion_func(first, second, msg=msg)
  File "D:\python37\lib\unittest\case.py", line 832, in _baseAssertEqual
    raise self.failureException(msg)
AssertionError: 2 != 1

During handling of the above exception, another exception occurred:

Traceback (most recent call last):
  File "D:\Pychram-Workspace\py30-接口自动化\day7\TestCases\test_recharge.py", line 84, in test_recharge
    self.assertEqual(response.json()["code"], expected["code"])
  File "C:\Program Files\JetBrains\PyCharm Community Edition 2020.1\plugins\python-ce\helpers\pycharm\teamcity\diff_tools.py", line 38, in _patched_equals
    raise error
teamcity.diff_tools.EqualsAssertionError:  :: 2 != 1
2020-07-08 21:28:06,745 py30 INFO handle_requests.py-33 line：发起一次HTTP请求
2020-07-08 21:28:06,745 py30 INFO handle_requests.py-41 line：请求头为：{'X-Lemonban-Media-Type': 'lemonban.v2', 'Content-Type': 'application/json', 'Authorization': 'Bearer eyJhbGciOiJIUzUxMiJ9.eyJtZW1iZXJfaWQiOjIwMDcxMywiZXhwIjoxNTk0MjE1MTg1fQ.9oTx_KSOwjEg4V9Ez_P6QV-3aBk3QCCFRZk3OlTnGDElkVanMLFK_H5wgI_9xolnjBNZE9TMI7e1nSOPKWj2HA'}
2020-07-08 21:28:06,745 py30 INFO handle_requests.py-42 line：请求方法为：post
2020-07-08 21:28:06,746 py30 INFO handle_requests.py-43 line：请求url为：http://api.lemonban.com/futureloan/member/recharge
2020-07-08 21:28:06,746 py30 INFO handle_requests.py-44 line：请求数据为：{'member_id': 200713, 'amount': 600.222}
2020-07-08 21:28:06,805 py30 INFO handle_requests.py-51 line：响应状态码为：200
2020-07-08 21:28:06,806 py30 INFO handle_requests.py-52 line：响应数据为：{'code': 2, 'msg': '余额小数超过两位', 'data': None, 'copyright': 'Copyright 柠檬班 © 2017-2020 湖南省零檬信息技术有限公司 All Rights Reserved'}
2020-07-08 21:28:06,806 py30 ERROR test_recharge.py-94 line：断言失败！
Traceback (most recent call last):
  File "C:\Program Files\JetBrains\PyCharm Community Edition 2020.1\plugins\python-ce\helpers\pycharm\teamcity\diff_tools.py", line 32, in _patched_equals
    old(self, first, second, msg)
  File "D:\python37\lib\unittest\case.py", line 839, in assertEqual
    assertion_func(first, second, msg=msg)
  File "D:\python37\lib\unittest\case.py", line 1220, in assertMultiLineEqual
    self.fail(self._formatMessage(msg, standardMsg))
  File "D:\python37\lib\unittest\case.py", line 680, in fail
    raise self.failureException(msg)
AssertionError: '余额小数超过两位' != '金额小数超过两位'
- 余额小数超过两位
? ^
+ 金额小数超过两位
? ^


During handling of the above exception, another exception occurred:

Traceback (most recent call last):
  File "D:\Pychram-Workspace\py30-接口自动化\day7\TestCases\test_recharge.py", line 85, in test_recharge
    self.assertEqual(response.json()["msg"], expected["msg"])
  File "C:\Program Files\JetBrains\PyCharm Community Edition 2020.1\plugins\python-ce\helpers\pycharm\teamcity\diff_tools.py", line 38, in _patched_equals
    raise error
teamcity.diff_tools.EqualsAssertionError:  :: 余额小数超过两位 != 金额小数超过两位
2020-07-08 21:28:06,821 py30 INFO handle_requests.py-33 line：发起一次HTTP请求
2020-07-08 21:28:06,824 py30 INFO handle_requests.py-41 line：请求头为：{'X-Lemonban-Media-Type': 'lemonban.v2', 'Content-Type': 'application/json', 'Authorization': 'Bearer eyJhbGciOiJIUzUxMiJ9.eyJtZW1iZXJfaWQiOjIwMDcxMywiZXhwIjoxNTk0MjE1MTg1fQ.9oTx_KSOwjEg4V9Ez_P6QV-3aBk3QCCFRZk3OlTnGDElkVanMLFK_H5wgI_9xolnjBNZE9TMI7e1nSOPKWj2HA'}
2020-07-08 21:28:06,825 py30 INFO handle_requests.py-42 line：请求方法为：post
2020-07-08 21:28:06,825 py30 INFO handle_requests.py-43 line：请求url为：http://api.lemonban.com/futureloan/member/recharge
2020-07-08 21:28:06,825 py30 INFO handle_requests.py-44 line：请求数据为：{'member_id': 200713, 'amount': 500001}
2020-07-08 21:28:06,892 py30 INFO handle_requests.py-51 line：响应状态码为：200
2020-07-08 21:28:06,892 py30 INFO handle_requests.py-52 line：响应数据为：{'code': 2, 'msg': '余额必须大于0并且小于或者等于500000', 'data': None, 'copyright': 'Copyright 柠檬班 © 2017-2020 湖南省零檬信息技术有限公司 All Rights Reserved'}
2020-07-08 21:28:06,894 py30 ERROR test_recharge.py-94 line：断言失败！
Traceback (most recent call last):
  File "C:\Program Files\JetBrains\PyCharm Community Edition 2020.1\plugins\python-ce\helpers\pycharm\teamcity\diff_tools.py", line 32, in _patched_equals
    old(self, first, second, msg)
  File "D:\python37\lib\unittest\case.py", line 839, in assertEqual
    assertion_func(first, second, msg=msg)
  File "D:\python37\lib\unittest\case.py", line 1220, in assertMultiLineEqual
    self.fail(self._formatMessage(msg, standardMsg))
  File "D:\python37\lib\unittest\case.py", line 680, in fail
    raise self.failureException(msg)
AssertionError: '余额必须大于0并且小于或者等于500000' != '金额必须大于0并且小于或者等于500000'
- 余额必须大于0并且小于或者等于500000
? ^
+ 金额必须大于0并且小于或者等于500000
? ^


During handling of the above exception, another exception occurred:

Traceback (most recent call last):
  File "D:\Pychram-Workspace\py30-接口自动化\day7\TestCases\test_recharge.py", line 85, in test_recharge
    self.assertEqual(response.json()["msg"], expected["msg"])
  File "C:\Program Files\JetBrains\PyCharm Community Edition 2020.1\plugins\python-ce\helpers\pycharm\teamcity\diff_tools.py", line 38, in _patched_equals
    raise error
teamcity.diff_tools.EqualsAssertionError:  :: 余额必须大于0并且小于或者等于500000 != 金额必须大于0并且小于或者等于500000
2020-07-08 21:28:06,903 py30 INFO handle_requests.py-33 line：发起一次HTTP请求
2020-07-08 21:28:06,903 py30 INFO handle_requests.py-41 line：请求头为：{'X-Lemonban-Media-Type': 'lemonban.v2', 'Content-Type': 'application/json', 'Authorization': 'Bearer eyJhbGciOiJIUzUxMiJ9.eyJtZW1iZXJfaWQiOjIwMDcxMywiZXhwIjoxNTk0MjE1MTg1fQ.9oTx_KSOwjEg4V9Ez_P6QV-3aBk3QCCFRZk3OlTnGDElkVanMLFK_H5wgI_9xolnjBNZE9TMI7e1nSOPKWj2HA'}
2020-07-08 21:28:06,904 py30 INFO handle_requests.py-42 line：请求方法为：post
2020-07-08 21:28:06,904 py30 INFO handle_requests.py-43 line：请求url为：http://api.lemonban.com/futureloan/member/recharge
2020-07-08 21:28:06,904 py30 INFO handle_requests.py-44 line：请求数据为：{'member_id': 200713, 'amount': '5万'}
2020-07-08 21:28:06,960 py30 INFO handle_requests.py-51 line：响应状态码为：200
2020-07-08 21:28:06,960 py30 INFO handle_requests.py-52 line：响应数据为：{'code': 2, 'msg': '数字格式化异常', 'data': None, 'copyright': 'Copyright 柠檬班 © 2017-2020 湖南省零檬信息技术有限公司 All Rights Reserved'}
2020-07-08 21:28:31,797 py30 INFO handle_requests.py-33 line：发起一次HTTP请求
2020-07-08 21:28:31,798 py30 INFO handle_requests.py-41 line：请求头为：{'X-Lemonban-Media-Type': 'lemonban.v2', 'Content-Type': 'application/json'}
2020-07-08 21:28:31,798 py30 INFO handle_requests.py-42 line：请求方法为：POST
2020-07-08 21:28:31,798 py30 INFO handle_requests.py-43 line：请求url为：http://api.lemonban.com/futureloan/member/register
2020-07-08 21:28:31,798 py30 INFO handle_requests.py-44 line：请求数据为：{'mobile_phone': '18605671115', 'pwd': '123456789'}
2020-07-08 21:28:31,921 py30 INFO handle_requests.py-51 line：响应状态码为：200
2020-07-08 21:28:31,921 py30 INFO handle_requests.py-52 line：响应数据为：{'code': 2, 'msg': '账号已存在', 'data': None, 'copyright': 'Copyright 柠檬班 © 2017-2020 湖南省零檬信息技术有限公司 All Rights Reserved'}
2020-07-08 21:28:31,921 py30 INFO handle_requests.py-33 line：发起一次HTTP请求
2020-07-08 21:28:31,922 py30 INFO handle_requests.py-41 line：请求头为：{'X-Lemonban-Media-Type': 'lemonban.v2', 'Content-Type': 'application/json'}
2020-07-08 21:28:31,922 py30 INFO handle_requests.py-42 line：请求方法为：POST
2020-07-08 21:28:31,922 py30 INFO handle_requests.py-43 line：请求url为：http://api.lemonban.com/futureloan/member/login
2020-07-08 21:28:31,922 py30 INFO handle_requests.py-44 line：请求数据为：{'mobile_phone': '18605671115', 'pwd': '123456789'}
2020-07-08 21:28:32,036 py30 INFO handle_requests.py-51 line：响应状态码为：200
2020-07-08 21:28:32,037 py30 INFO handle_requests.py-52 line：响应数据为：{'code': 0, 'msg': 'OK', 'data': {'id': 200713, 'leave_amount': 9057805.76, 'mobile_phone': '18605671115', 'reg_name': '美丽可爱的小简', 'reg_time': '2020-06-29 11:52:20.0', 'type': 1, 'token_info': {'token_type': 'Bearer', 'expires_in': '2020-07-08 21:33:31', 'token': 'eyJhbGciOiJIUzUxMiJ9.eyJtZW1iZXJfaWQiOjIwMDcxMywiZXhwIjoxNTk0MjE1MjExfQ.CUDCn_kH5wr0BZpc1oQJnig7OLv8lU-yTdsQ5QQI-Y0daUntvOB1N6Mmm8mpcWUqo8vxVPXUGuGIu0s8ASHbkg'}}, 'copyright': 'Copyright 柠檬班 © 2017-2020 湖南省零檬信息技术有限公司 All Rights Reserved'}
2020-07-08 21:28:32,090 py30 INFO test_recharge.py-67 line：充值前的用户余额：9057805.76
2020-07-08 21:28:32,092 py30 INFO test_recharge.py-70 line：充值的金额为：600
2020-07-08 21:28:32,093 py30 INFO test_recharge.py-72 line：期望的充值之后的金额为：9058405.76
2020-07-08 21:28:32,094 py30 INFO handle_requests.py-33 line：发起一次HTTP请求
2020-07-08 21:28:32,094 py30 INFO handle_requests.py-41 line：请求头为：{'X-Lemonban-Media-Type': 'lemonban.v2', 'Content-Type': 'application/json', 'Authorization': 'Bearer eyJhbGciOiJIUzUxMiJ9.eyJtZW1iZXJfaWQiOjIwMDcxMywiZXhwIjoxNTk0MjE1MjExfQ.CUDCn_kH5wr0BZpc1oQJnig7OLv8lU-yTdsQ5QQI-Y0daUntvOB1N6Mmm8mpcWUqo8vxVPXUGuGIu0s8ASHbkg'}
2020-07-08 21:28:32,095 py30 INFO handle_requests.py-42 line：请求方法为：post
2020-07-08 21:28:32,095 py30 INFO handle_requests.py-43 line：请求url为：http://api.lemonban.com/futureloan/member/recharge
2020-07-08 21:28:32,095 py30 INFO handle_requests.py-44 line：请求数据为：{'member_id': 200713, 'amount': 600}
2020-07-08 21:28:32,157 py30 INFO handle_requests.py-51 line：响应状态码为：200
2020-07-08 21:28:32,157 py30 INFO handle_requests.py-52 line：响应数据为：{'code': 0, 'msg': 'OK', 'data': {'id': 200713, 'leave_amount': 9058405.76, 'mobile_phone': '18605671115', 'reg_name': '美丽可爱的小简', 'reg_time': '2020-06-29 11:52:20.0', 'type': 1}, 'copyright': 'Copyright 柠檬班 © 2017-2020 湖南省零檬信息技术有限公司 All Rights Reserved'}
2020-07-08 21:28:32,198 py30 INFO test_recharge.py-91 line：充值后的用户余额：9058405.76
2020-07-08 21:28:32,244 py30 INFO test_recharge.py-67 line：充值前的用户余额：9058405.76
2020-07-08 21:28:32,246 py30 INFO test_recharge.py-70 line：充值的金额为：600.1
2020-07-08 21:28:32,254 py30 INFO test_recharge.py-72 line：期望的充值之后的金额为：9059005.86
2020-07-08 21:28:32,256 py30 INFO handle_requests.py-33 line：发起一次HTTP请求
2020-07-08 21:28:32,256 py30 INFO handle_requests.py-41 line：请求头为：{'X-Lemonban-Media-Type': 'lemonban.v2', 'Content-Type': 'application/json', 'Authorization': 'Bearer eyJhbGciOiJIUzUxMiJ9.eyJtZW1iZXJfaWQiOjIwMDcxMywiZXhwIjoxNTk0MjE1MjExfQ.CUDCn_kH5wr0BZpc1oQJnig7OLv8lU-yTdsQ5QQI-Y0daUntvOB1N6Mmm8mpcWUqo8vxVPXUGuGIu0s8ASHbkg'}
2020-07-08 21:28:32,257 py30 INFO handle_requests.py-42 line：请求方法为：post
2020-07-08 21:28:32,257 py30 INFO handle_requests.py-43 line：请求url为：http://api.lemonban.com/futureloan/member/recharge
2020-07-08 21:28:32,257 py30 INFO handle_requests.py-44 line：请求数据为：{'member_id': 200713, 'amount': 600.1}
2020-07-08 21:28:32,322 py30 INFO handle_requests.py-51 line：响应状态码为：200
2020-07-08 21:28:32,323 py30 INFO handle_requests.py-52 line：响应数据为：{'code': 0, 'msg': 'OK', 'data': {'id': 200713, 'leave_amount': 9059005.86, 'mobile_phone': '18605671115', 'reg_name': '美丽可爱的小简', 'reg_time': '2020-06-29 11:52:20.0', 'type': 1}, 'copyright': 'Copyright 柠檬班 © 2017-2020 湖南省零檬信息技术有限公司 All Rights Reserved'}
2020-07-08 21:28:32,374 py30 INFO test_recharge.py-91 line：充值后的用户余额：9059005.86
2020-07-08 21:28:32,424 py30 INFO test_recharge.py-67 line：充值前的用户余额：9059005.86
2020-07-08 21:28:32,425 py30 INFO test_recharge.py-70 line：充值的金额为：600.22
2020-07-08 21:28:32,425 py30 INFO test_recharge.py-72 line：期望的充值之后的金额为：9059606.08
2020-07-08 21:28:32,425 py30 INFO handle_requests.py-33 line：发起一次HTTP请求
2020-07-08 21:28:32,425 py30 INFO handle_requests.py-41 line：请求头为：{'X-Lemonban-Media-Type': 'lemonban.v2', 'Content-Type': 'application/json', 'Authorization': 'Bearer eyJhbGciOiJIUzUxMiJ9.eyJtZW1iZXJfaWQiOjIwMDcxMywiZXhwIjoxNTk0MjE1MjExfQ.CUDCn_kH5wr0BZpc1oQJnig7OLv8lU-yTdsQ5QQI-Y0daUntvOB1N6Mmm8mpcWUqo8vxVPXUGuGIu0s8ASHbkg'}
2020-07-08 21:28:32,426 py30 INFO handle_requests.py-42 line：请求方法为：post
2020-07-08 21:28:32,426 py30 INFO handle_requests.py-43 line：请求url为：http://api.lemonban.com/futureloan/member/recharge
2020-07-08 21:28:32,426 py30 INFO handle_requests.py-44 line：请求数据为：{'member_id': 200713, 'amount': 600.22}
2020-07-08 21:28:32,499 py30 INFO handle_requests.py-51 line：响应状态码为：200
2020-07-08 21:28:32,502 py30 INFO handle_requests.py-52 line：响应数据为：{'code': 0, 'msg': 'OK', 'data': {'id': 200713, 'leave_amount': 9059606.08, 'mobile_phone': '18605671115', 'reg_name': '美丽可爱的小简', 'reg_time': '2020-06-29 11:52:20.0', 'type': 1}, 'copyright': 'Copyright 柠檬班 © 2017-2020 湖南省零檬信息技术有限公司 All Rights Reserved'}
2020-07-08 21:28:32,558 py30 INFO test_recharge.py-91 line：充值后的用户余额：9059606.08
2020-07-08 21:28:32,604 py30 INFO test_recharge.py-67 line：充值前的用户余额：9059606.08
2020-07-08 21:28:32,606 py30 INFO test_recharge.py-70 line：充值的金额为：500000
2020-07-08 21:28:32,608 py30 INFO test_recharge.py-72 line：期望的充值之后的金额为：9559606.08
2020-07-08 21:28:32,609 py30 INFO handle_requests.py-33 line：发起一次HTTP请求
2020-07-08 21:28:32,610 py30 INFO handle_requests.py-41 line：请求头为：{'X-Lemonban-Media-Type': 'lemonban.v2', 'Content-Type': 'application/json', 'Authorization': 'Bearer eyJhbGciOiJIUzUxMiJ9.eyJtZW1iZXJfaWQiOjIwMDcxMywiZXhwIjoxNTk0MjE1MjExfQ.CUDCn_kH5wr0BZpc1oQJnig7OLv8lU-yTdsQ5QQI-Y0daUntvOB1N6Mmm8mpcWUqo8vxVPXUGuGIu0s8ASHbkg'}
2020-07-08 21:28:32,610 py30 INFO handle_requests.py-42 line：请求方法为：post
2020-07-08 21:28:32,611 py30 INFO handle_requests.py-43 line：请求url为：http://api.lemonban.com/futureloan/member/recharge
2020-07-08 21:28:32,611 py30 INFO handle_requests.py-44 line：请求数据为：{'member_id': 200713, 'amount': 500000}
2020-07-08 21:28:32,693 py30 INFO handle_requests.py-51 line：响应状态码为：200
2020-07-08 21:28:32,697 py30 INFO handle_requests.py-52 line：响应数据为：{'code': 0, 'msg': 'OK', 'data': {'id': 200713, 'leave_amount': 9559606.08, 'mobile_phone': '18605671115', 'reg_name': '美丽可爱的小简', 'reg_time': '2020-06-29 11:52:20.0', 'type': 1}, 'copyright': 'Copyright 柠檬班 © 2017-2020 湖南省零檬信息技术有限公司 All Rights Reserved'}
2020-07-08 21:28:32,741 py30 INFO test_recharge.py-91 line：充值后的用户余额：9559606.08
2020-07-08 21:28:32,744 py30 INFO handle_requests.py-33 line：发起一次HTTP请求
2020-07-08 21:28:32,745 py30 INFO handle_requests.py-41 line：请求头为：{'X-Lemonban-Media-Type': 'lemonban.v2', 'Content-Type': 'application/json', 'Authorization': 'Bearer eyJhbGciOiJIUzUxMiJ9.eyJtZW1iZXJfaWQiOjIwMDcxMywiZXhwIjoxNTk0MjE1MjExfQ.CUDCn_kH5wr0BZpc1oQJnig7OLv8lU-yTdsQ5QQI-Y0daUntvOB1N6Mmm8mpcWUqo8vxVPXUGuGIu0s8ASHbkg'}
2020-07-08 21:28:32,745 py30 INFO handle_requests.py-42 line：请求方法为：post
2020-07-08 21:28:32,745 py30 INFO handle_requests.py-43 line：请求url为：http://api.lemonban.com/futureloan/member/recharge
2020-07-08 21:28:32,746 py30 INFO handle_requests.py-44 line：请求数据为：{'amount': 600}
2020-07-08 21:28:32,818 py30 INFO handle_requests.py-51 line：响应状态码为：200
2020-07-08 21:28:32,818 py30 INFO handle_requests.py-52 line：响应数据为：{'code': 1, 'msg': '用户id为空', 'data': None, 'copyright': 'Copyright 柠檬班 © 2017-2020 湖南省零檬信息技术有限公司 All Rights Reserved'}
2020-07-08 21:28:32,819 py30 INFO handle_requests.py-33 line：发起一次HTTP请求
2020-07-08 21:28:32,819 py30 INFO handle_requests.py-41 line：请求头为：{'X-Lemonban-Media-Type': 'lemonban.v2', 'Content-Type': 'application/json', 'Authorization': 'Bearer eyJhbGciOiJIUzUxMiJ9.eyJtZW1iZXJfaWQiOjIwMDcxMywiZXhwIjoxNTk0MjE1MjExfQ.CUDCn_kH5wr0BZpc1oQJnig7OLv8lU-yTdsQ5QQI-Y0daUntvOB1N6Mmm8mpcWUqo8vxVPXUGuGIu0s8ASHbkg'}
2020-07-08 21:28:32,819 py30 INFO handle_requests.py-42 line：请求方法为：post
2020-07-08 21:28:32,819 py30 INFO handle_requests.py-43 line：请求url为：http://api.lemonban.com/futureloan/member/recharge
2020-07-08 21:28:32,819 py30 INFO handle_requests.py-44 line：请求数据为：{'member_id': 98989898, 'amount': 600}
2020-07-08 21:28:32,882 py30 INFO handle_requests.py-51 line：响应状态码为：200
2020-07-08 21:28:32,884 py30 INFO handle_requests.py-52 line：响应数据为：{'code': 1007, 'msg': '无权限访问，请检查参数', 'data': None, 'copyright': 'Copyright 柠檬班 © 2017-2020 湖南省零檬信息技术有限公司 All Rights Reserved'}
2020-07-08 21:28:32,889 py30 INFO handle_requests.py-33 line：发起一次HTTP请求
2020-07-08 21:28:32,889 py30 INFO handle_requests.py-41 line：请求头为：{'X-Lemonban-Media-Type': 'lemonban.v2', 'Content-Type': 'application/json', 'Authorization': 'Bearer eyJhbGciOiJIUzUxMiJ9.eyJtZW1iZXJfaWQiOjIwMDcxMywiZXhwIjoxNTk0MjE1MjExfQ.CUDCn_kH5wr0BZpc1oQJnig7OLv8lU-yTdsQ5QQI-Y0daUntvOB1N6Mmm8mpcWUqo8vxVPXUGuGIu0s8ASHbkg'}
2020-07-08 21:28:32,889 py30 INFO handle_requests.py-42 line：请求方法为：post
2020-07-08 21:28:32,889 py30 INFO handle_requests.py-43 line：请求url为：http://api.lemonban.com/futureloan/member/recharge
2020-07-08 21:28:32,890 py30 INFO handle_requests.py-44 line：请求数据为：{'member_id': '200713', 'amount': 600}
2020-07-08 21:28:32,948 py30 INFO handle_requests.py-51 line：响应状态码为：200
2020-07-08 21:28:32,949 py30 INFO handle_requests.py-52 line：响应数据为：{'code': 0, 'msg': 'OK', 'data': {'id': 200713, 'leave_amount': 9560206.08, 'mobile_phone': '18605671115', 'reg_name': '美丽可爱的小简', 'reg_time': '2020-06-29 11:52:20.0', 'type': 1}, 'copyright': 'Copyright 柠檬班 © 2017-2020 湖南省零檬信息技术有限公司 All Rights Reserved'}
2020-07-08 21:28:32,949 py30 ERROR test_recharge.py-94 line：断言失败！
Traceback (most recent call last):
  File "D:\Pychram-Workspace\py30-接口自动化\day7\TestCases\test_recharge.py", line 84, in test_recharge
    self.assertEqual(response.json()["code"], expected["code"])
  File "D:\python37\lib\unittest\case.py", line 839, in assertEqual
    assertion_func(first, second, msg=msg)
  File "D:\python37\lib\unittest\case.py", line 832, in _baseAssertEqual
    raise self.failureException(msg)
AssertionError: 0 != 2
2020-07-08 21:28:32,960 py30 INFO handle_requests.py-33 line：发起一次HTTP请求
2020-07-08 21:28:32,961 py30 INFO handle_requests.py-41 line：请求头为：{'X-Lemonban-Media-Type': 'lemonban.v2', 'Content-Type': 'application/json', 'Authorization': 'Bearer eyJhbGciOiJIUzUxMiJ9.eyJtZW1iZXJfaWQiOjIwMDcxMywiZXhwIjoxNTk0MjE1MjExfQ.CUDCn_kH5wr0BZpc1oQJnig7OLv8lU-yTdsQ5QQI-Y0daUntvOB1N6Mmm8mpcWUqo8vxVPXUGuGIu0s8ASHbkg'}
2020-07-08 21:28:32,962 py30 INFO handle_requests.py-42 line：请求方法为：post
2020-07-08 21:28:32,963 py30 INFO handle_requests.py-43 line：请求url为：http://api.lemonban.com/futureloan/member/recharge
2020-07-08 21:28:32,964 py30 INFO handle_requests.py-44 line：请求数据为：{'member_id': 15.0, 'amount': 600}
2020-07-08 21:28:33,031 py30 INFO handle_requests.py-51 line：响应状态码为：200
2020-07-08 21:28:33,032 py30 INFO handle_requests.py-52 line：响应数据为：{'code': 2, 'msg': '数字格式化异常', 'data': None, 'copyright': 'Copyright 柠檬班 © 2017-2020 湖南省零檬信息技术有限公司 All Rights Reserved'}
2020-07-08 21:28:33,036 py30 INFO handle_requests.py-33 line：发起一次HTTP请求
2020-07-08 21:28:33,037 py30 INFO handle_requests.py-41 line：请求头为：{'X-Lemonban-Media-Type': 'lemonban.v2', 'Content-Type': 'application/json', 'Authorization': 'Bearer eyJhbGciOiJIUzUxMiJ9.eyJtZW1iZXJfaWQiOjIwMDcxMywiZXhwIjoxNTk0MjE1MjExfQ.CUDCn_kH5wr0BZpc1oQJnig7OLv8lU-yTdsQ5QQI-Y0daUntvOB1N6Mmm8mpcWUqo8vxVPXUGuGIu0s8ASHbkg'}
2020-07-08 21:28:33,037 py30 INFO handle_requests.py-42 line：请求方法为：post
2020-07-08 21:28:33,037 py30 INFO handle_requests.py-43 line：请求url为：http://api.lemonban.com/futureloan/member/recharge
2020-07-08 21:28:33,037 py30 INFO handle_requests.py-44 line：请求数据为：{'member_id': 200713, 'amount': 0}
2020-07-08 21:28:33,102 py30 INFO handle_requests.py-51 line：响应状态码为：200
2020-07-08 21:28:33,103 py30 INFO handle_requests.py-52 line：响应数据为：{'code': 0, 'msg': 'OK', 'data': {'id': 200713, 'leave_amount': 9560206.08, 'mobile_phone': '18605671115', 'reg_name': '美丽可爱的小简', 'reg_time': '2020-06-29 11:52:20.0', 'type': 1}, 'copyright': 'Copyright 柠檬班 © 2017-2020 湖南省零檬信息技术有限公司 All Rights Reserved'}
2020-07-08 21:28:33,103 py30 ERROR test_recharge.py-94 line：断言失败！
Traceback (most recent call last):
  File "D:\Pychram-Workspace\py30-接口自动化\day7\TestCases\test_recharge.py", line 84, in test_recharge
    self.assertEqual(response.json()["code"], expected["code"])
  File "D:\python37\lib\unittest\case.py", line 839, in assertEqual
    assertion_func(first, second, msg=msg)
  File "D:\python37\lib\unittest\case.py", line 832, in _baseAssertEqual
    raise self.failureException(msg)
AssertionError: 0 != 2
2020-07-08 21:28:33,104 py30 INFO handle_requests.py-33 line：发起一次HTTP请求
2020-07-08 21:28:33,104 py30 INFO handle_requests.py-41 line：请求头为：{'X-Lemonban-Media-Type': 'lemonban.v2', 'Content-Type': 'application/json', 'Authorization': 'Bearer eyJhbGciOiJIUzUxMiJ9.eyJtZW1iZXJfaWQiOjIwMDcxMywiZXhwIjoxNTk0MjE1MjExfQ.CUDCn_kH5wr0BZpc1oQJnig7OLv8lU-yTdsQ5QQI-Y0daUntvOB1N6Mmm8mpcWUqo8vxVPXUGuGIu0s8ASHbkg'}
2020-07-08 21:28:33,104 py30 INFO handle_requests.py-42 line：请求方法为：post
2020-07-08 21:28:33,105 py30 INFO handle_requests.py-43 line：请求url为：http://api.lemonban.com/futureloan/member/recharge
2020-07-08 21:28:33,105 py30 INFO handle_requests.py-44 line：请求数据为：{'member_id': 200713, 'amount': -600}
2020-07-08 21:28:33,172 py30 INFO handle_requests.py-51 line：响应状态码为：200
2020-07-08 21:28:33,173 py30 INFO handle_requests.py-52 line：响应数据为：{'code': 2, 'msg': '余额必须大于0并且小于或者等于500000', 'data': None, 'copyright': 'Copyright 柠檬班 © 2017-2020 湖南省零檬信息技术有限公司 All Rights Reserved'}
2020-07-08 21:28:33,180 py30 INFO handle_requests.py-33 line：发起一次HTTP请求
2020-07-08 21:28:33,182 py30 INFO handle_requests.py-41 line：请求头为：{'X-Lemonban-Media-Type': 'lemonban.v2', 'Content-Type': 'application/json', 'Authorization': 'Bearer eyJhbGciOiJIUzUxMiJ9.eyJtZW1iZXJfaWQiOjIwMDcxMywiZXhwIjoxNTk0MjE1MjExfQ.CUDCn_kH5wr0BZpc1oQJnig7OLv8lU-yTdsQ5QQI-Y0daUntvOB1N6Mmm8mpcWUqo8vxVPXUGuGIu0s8ASHbkg'}
2020-07-08 21:28:33,183 py30 INFO handle_requests.py-42 line：请求方法为：post
2020-07-08 21:28:33,183 py30 INFO handle_requests.py-43 line：请求url为：http://api.lemonban.com/futureloan/member/recharge
2020-07-08 21:28:33,184 py30 INFO handle_requests.py-44 line：请求数据为：{'member_id': 200713}
2020-07-08 21:28:33,240 py30 INFO handle_requests.py-51 line：响应状态码为：200
2020-07-08 21:28:33,240 py30 INFO handle_requests.py-52 line：响应数据为：{'code': 2, 'msg': '余额必须为数值型', 'data': None, 'copyright': 'Copyright 柠檬班 © 2017-2020 湖南省零檬信息技术有限公司 All Rights Reserved'}
2020-07-08 21:28:33,241 py30 ERROR test_recharge.py-94 line：断言失败！
Traceback (most recent call last):
  File "D:\Pychram-Workspace\py30-接口自动化\day7\TestCases\test_recharge.py", line 84, in test_recharge
    self.assertEqual(response.json()["code"], expected["code"])
  File "D:\python37\lib\unittest\case.py", line 839, in assertEqual
    assertion_func(first, second, msg=msg)
  File "D:\python37\lib\unittest\case.py", line 832, in _baseAssertEqual
    raise self.failureException(msg)
AssertionError: 2 != 1
2020-07-08 21:28:33,248 py30 INFO handle_requests.py-33 line：发起一次HTTP请求
2020-07-08 21:28:33,250 py30 INFO handle_requests.py-41 line：请求头为：{'X-Lemonban-Media-Type': 'lemonban.v2', 'Content-Type': 'application/json', 'Authorization': 'Bearer eyJhbGciOiJIUzUxMiJ9.eyJtZW1iZXJfaWQiOjIwMDcxMywiZXhwIjoxNTk0MjE1MjExfQ.CUDCn_kH5wr0BZpc1oQJnig7OLv8lU-yTdsQ5QQI-Y0daUntvOB1N6Mmm8mpcWUqo8vxVPXUGuGIu0s8ASHbkg'}
2020-07-08 21:28:33,251 py30 INFO handle_requests.py-42 line：请求方法为：post
2020-07-08 21:28:33,251 py30 INFO handle_requests.py-43 line：请求url为：http://api.lemonban.com/futureloan/member/recharge
2020-07-08 21:28:33,251 py30 INFO handle_requests.py-44 line：请求数据为：{'member_id': 200713, 'amount': 600.222}
2020-07-08 21:28:33,324 py30 INFO handle_requests.py-51 line：响应状态码为：200
2020-07-08 21:28:33,325 py30 INFO handle_requests.py-52 line：响应数据为：{'code': 2, 'msg': '余额小数超过两位', 'data': None, 'copyright': 'Copyright 柠檬班 © 2017-2020 湖南省零檬信息技术有限公司 All Rights Reserved'}
2020-07-08 21:28:33,327 py30 ERROR test_recharge.py-94 line：断言失败！
Traceback (most recent call last):
  File "D:\Pychram-Workspace\py30-接口自动化\day7\TestCases\test_recharge.py", line 85, in test_recharge
    self.assertEqual(response.json()["msg"], expected["msg"])
  File "D:\python37\lib\unittest\case.py", line 839, in assertEqual
    assertion_func(first, second, msg=msg)
  File "D:\python37\lib\unittest\case.py", line 1220, in assertMultiLineEqual
    self.fail(self._formatMessage(msg, standardMsg))
  File "D:\python37\lib\unittest\case.py", line 680, in fail
    raise self.failureException(msg)
AssertionError: '余额小数超过两位' != '金额小数超过两位'
- 余额小数超过两位
? ^
+ 金额小数超过两位
? ^

2020-07-08 21:28:33,330 py30 INFO handle_requests.py-33 line：发起一次HTTP请求
2020-07-08 21:28:33,333 py30 INFO handle_requests.py-41 line：请求头为：{'X-Lemonban-Media-Type': 'lemonban.v2', 'Content-Type': 'application/json', 'Authorization': 'Bearer eyJhbGciOiJIUzUxMiJ9.eyJtZW1iZXJfaWQiOjIwMDcxMywiZXhwIjoxNTk0MjE1MjExfQ.CUDCn_kH5wr0BZpc1oQJnig7OLv8lU-yTdsQ5QQI-Y0daUntvOB1N6Mmm8mpcWUqo8vxVPXUGuGIu0s8ASHbkg'}
2020-07-08 21:28:33,343 py30 INFO handle_requests.py-42 line：请求方法为：post
2020-07-08 21:28:33,345 py30 INFO handle_requests.py-43 line：请求url为：http://api.lemonban.com/futureloan/member/recharge
2020-07-08 21:28:33,346 py30 INFO handle_requests.py-44 line：请求数据为：{'member_id': 200713, 'amount': 500001}
2020-07-08 21:28:33,412 py30 INFO handle_requests.py-51 line：响应状态码为：200
2020-07-08 21:28:33,414 py30 INFO handle_requests.py-52 line：响应数据为：{'code': 2, 'msg': '余额必须大于0并且小于或者等于500000', 'data': None, 'copyright': 'Copyright 柠檬班 © 2017-2020 湖南省零檬信息技术有限公司 All Rights Reserved'}
2020-07-08 21:28:33,417 py30 ERROR test_recharge.py-94 line：断言失败！
Traceback (most recent call last):
  File "D:\Pychram-Workspace\py30-接口自动化\day7\TestCases\test_recharge.py", line 85, in test_recharge
    self.assertEqual(response.json()["msg"], expected["msg"])
  File "D:\python37\lib\unittest\case.py", line 839, in assertEqual
    assertion_func(first, second, msg=msg)
  File "D:\python37\lib\unittest\case.py", line 1220, in assertMultiLineEqual
    self.fail(self._formatMessage(msg, standardMsg))
  File "D:\python37\lib\unittest\case.py", line 680, in fail
    raise self.failureException(msg)
AssertionError: '余额必须大于0并且小于或者等于500000' != '金额必须大于0并且小于或者等于500000'
- 余额必须大于0并且小于或者等于500000
? ^
+ 金额必须大于0并且小于或者等于500000
? ^

2020-07-08 21:28:33,420 py30 INFO handle_requests.py-33 line：发起一次HTTP请求
2020-07-08 21:28:33,420 py30 INFO handle_requests.py-41 line：请求头为：{'X-Lemonban-Media-Type': 'lemonban.v2', 'Content-Type': 'application/json', 'Authorization': 'Bearer eyJhbGciOiJIUzUxMiJ9.eyJtZW1iZXJfaWQiOjIwMDcxMywiZXhwIjoxNTk0MjE1MjExfQ.CUDCn_kH5wr0BZpc1oQJnig7OLv8lU-yTdsQ5QQI-Y0daUntvOB1N6Mmm8mpcWUqo8vxVPXUGuGIu0s8ASHbkg'}
2020-07-08 21:28:33,420 py30 INFO handle_requests.py-42 line：请求方法为：post
2020-07-08 21:28:33,421 py30 INFO handle_requests.py-43 line：请求url为：http://api.lemonban.com/futureloan/member/recharge
2020-07-08 21:28:33,421 py30 INFO handle_requests.py-44 line：请求数据为：{'member_id': 200713, 'amount': '5万'}
2020-07-08 21:28:33,486 py30 INFO handle_requests.py-51 line：响应状态码为：200
2020-07-08 21:28:33,489 py30 INFO handle_requests.py-52 line：响应数据为：{'code': 2, 'msg': '数字格式化异常', 'data': None, 'copyright': 'Copyright 柠檬班 © 2017-2020 湖南省零檬信息技术有限公司 All Rights Reserved'}
2020-07-08 21:30:22,425 py30 INFO handle_requests.py-33 line：发起一次HTTP请求
2020-07-08 21:30:22,426 py30 INFO handle_requests.py-41 line：请求头为：{'X-Lemonban-Media-Type': 'lemonban.v2', 'Content-Type': 'application/json'}
2020-07-08 21:30:22,426 py30 INFO handle_requests.py-42 line：请求方法为：POST
2020-07-08 21:30:22,426 py30 INFO handle_requests.py-43 line：请求url为：http://api.lemonban.com/futureloan/member/register
2020-07-08 21:30:22,426 py30 INFO handle_requests.py-44 line：请求数据为：{'mobile_phone': '18605671115', 'pwd': '123456789'}
2020-07-08 21:30:22,534 py30 INFO handle_requests.py-51 line：响应状态码为：200
2020-07-08 21:30:22,534 py30 INFO handle_requests.py-52 line：响应数据为：{'code': 2, 'msg': '账号已存在', 'data': None, 'copyright': 'Copyright 柠檬班 © 2017-2020 湖南省零檬信息技术有限公司 All Rights Reserved'}
2020-07-08 21:30:22,535 py30 INFO handle_requests.py-33 line：发起一次HTTP请求
2020-07-08 21:30:22,535 py30 INFO handle_requests.py-41 line：请求头为：{'X-Lemonban-Media-Type': 'lemonban.v2', 'Content-Type': 'application/json'}
2020-07-08 21:30:22,535 py30 INFO handle_requests.py-42 line：请求方法为：POST
2020-07-08 21:30:22,535 py30 INFO handle_requests.py-43 line：请求url为：http://api.lemonban.com/futureloan/member/login
2020-07-08 21:30:22,535 py30 INFO handle_requests.py-44 line：请求数据为：{'mobile_phone': '18605671115', 'pwd': '123456789'}
2020-07-08 21:30:22,651 py30 INFO handle_requests.py-51 line：响应状态码为：200
2020-07-08 21:30:22,652 py30 INFO handle_requests.py-52 line：响应数据为：{'code': 0, 'msg': 'OK', 'data': {'id': 200713, 'leave_amount': 9560206.08, 'mobile_phone': '18605671115', 'reg_name': '美丽可爱的小简', 'reg_time': '2020-06-29 11:52:20.0', 'type': 1, 'token_info': {'token_type': 'Bearer', 'expires_in': '2020-07-08 21:35:22', 'token': 'eyJhbGciOiJIUzUxMiJ9.eyJtZW1iZXJfaWQiOjIwMDcxMywiZXhwIjoxNTk0MjE1MzIyfQ.1mlHrVSZ-AA3YZfn-m171Z8ZyORf55X7BgzkRmC9kHYl6YZyOEPQ2Vi_BrZs1Kh-y8KuT3wc3_J84xVZlzvJFg'}}, 'copyright': 'Copyright 柠檬班 © 2017-2020 湖南省零檬信息技术有限公司 All Rights Reserved'}
2020-07-08 21:30:22,704 py30 INFO test_recharge.py-67 line：充值前的用户余额：9560206.08
2020-07-08 21:30:22,704 py30 INFO test_recharge.py-70 line：充值的金额为：600
2020-07-08 21:30:22,704 py30 INFO test_recharge.py-72 line：期望的充值之后的金额为：9560806.08
2020-07-08 21:30:22,705 py30 INFO handle_requests.py-33 line：发起一次HTTP请求
2020-07-08 21:30:22,705 py30 INFO handle_requests.py-41 line：请求头为：{'X-Lemonban-Media-Type': 'lemonban.v2', 'Content-Type': 'application/json', 'Authorization': 'Bearer eyJhbGciOiJIUzUxMiJ9.eyJtZW1iZXJfaWQiOjIwMDcxMywiZXhwIjoxNTk0MjE1MzIyfQ.1mlHrVSZ-AA3YZfn-m171Z8ZyORf55X7BgzkRmC9kHYl6YZyOEPQ2Vi_BrZs1Kh-y8KuT3wc3_J84xVZlzvJFg'}
2020-07-08 21:30:22,705 py30 INFO handle_requests.py-42 line：请求方法为：post
2020-07-08 21:30:22,705 py30 INFO handle_requests.py-43 line：请求url为：http://api.lemonban.com/futureloan/member/recharge
2020-07-08 21:30:22,705 py30 INFO handle_requests.py-44 line：请求数据为：{'member_id': 200713, 'amount': 600}
2020-07-08 21:30:22,771 py30 INFO handle_requests.py-51 line：响应状态码为：200
2020-07-08 21:30:22,780 py30 INFO handle_requests.py-52 line：响应数据为：{'code': 0, 'msg': 'OK', 'data': {'id': 200713, 'leave_amount': 9560806.08, 'mobile_phone': '18605671115', 'reg_name': '美丽可爱的小简', 'reg_time': '2020-06-29 11:52:20.0', 'type': 1}, 'copyright': 'Copyright 柠檬班 © 2017-2020 湖南省零檬信息技术有限公司 All Rights Reserved'}
2020-07-08 21:30:22,828 py30 INFO test_recharge.py-91 line：充值后的用户余额：9560806.08
2020-07-08 21:30:22,876 py30 INFO test_recharge.py-67 line：充值前的用户余额：9560806.08
2020-07-08 21:30:22,877 py30 INFO test_recharge.py-70 line：充值的金额为：600.1
2020-07-08 21:30:22,879 py30 INFO test_recharge.py-72 line：期望的充值之后的金额为：9561406.18
2020-07-08 21:30:22,879 py30 INFO handle_requests.py-33 line：发起一次HTTP请求
2020-07-08 21:30:22,880 py30 INFO handle_requests.py-41 line：请求头为：{'X-Lemonban-Media-Type': 'lemonban.v2', 'Content-Type': 'application/json', 'Authorization': 'Bearer eyJhbGciOiJIUzUxMiJ9.eyJtZW1iZXJfaWQiOjIwMDcxMywiZXhwIjoxNTk0MjE1MzIyfQ.1mlHrVSZ-AA3YZfn-m171Z8ZyORf55X7BgzkRmC9kHYl6YZyOEPQ2Vi_BrZs1Kh-y8KuT3wc3_J84xVZlzvJFg'}
2020-07-08 21:30:22,880 py30 INFO handle_requests.py-42 line：请求方法为：post
2020-07-08 21:30:22,881 py30 INFO handle_requests.py-43 line：请求url为：http://api.lemonban.com/futureloan/member/recharge
2020-07-08 21:30:22,881 py30 INFO handle_requests.py-44 line：请求数据为：{'member_id': 200713, 'amount': 600.1}
2020-07-08 21:30:22,948 py30 INFO handle_requests.py-51 line：响应状态码为：200
2020-07-08 21:30:22,948 py30 INFO handle_requests.py-52 line：响应数据为：{'code': 0, 'msg': 'OK', 'data': {'id': 200713, 'leave_amount': 9561406.18, 'mobile_phone': '18605671115', 'reg_name': '美丽可爱的小简', 'reg_time': '2020-06-29 11:52:20.0', 'type': 1}, 'copyright': 'Copyright 柠檬班 © 2017-2020 湖南省零檬信息技术有限公司 All Rights Reserved'}
2020-07-08 21:30:23,008 py30 INFO test_recharge.py-91 line：充值后的用户余额：9561406.18
2020-07-08 21:30:23,059 py30 INFO test_recharge.py-67 line：充值前的用户余额：9561406.18
2020-07-08 21:30:23,060 py30 INFO test_recharge.py-70 line：充值的金额为：600.22
2020-07-08 21:30:23,060 py30 INFO test_recharge.py-72 line：期望的充值之后的金额为：9562006.4
2020-07-08 21:30:23,061 py30 INFO handle_requests.py-33 line：发起一次HTTP请求
2020-07-08 21:30:23,061 py30 INFO handle_requests.py-41 line：请求头为：{'X-Lemonban-Media-Type': 'lemonban.v2', 'Content-Type': 'application/json', 'Authorization': 'Bearer eyJhbGciOiJIUzUxMiJ9.eyJtZW1iZXJfaWQiOjIwMDcxMywiZXhwIjoxNTk0MjE1MzIyfQ.1mlHrVSZ-AA3YZfn-m171Z8ZyORf55X7BgzkRmC9kHYl6YZyOEPQ2Vi_BrZs1Kh-y8KuT3wc3_J84xVZlzvJFg'}
2020-07-08 21:30:23,061 py30 INFO handle_requests.py-42 line：请求方法为：post
2020-07-08 21:30:23,062 py30 INFO handle_requests.py-43 line：请求url为：http://api.lemonban.com/futureloan/member/recharge
2020-07-08 21:30:23,062 py30 INFO handle_requests.py-44 line：请求数据为：{'member_id': 200713, 'amount': 600.22}
2020-07-08 21:30:23,129 py30 INFO handle_requests.py-51 line：响应状态码为：200
2020-07-08 21:30:23,131 py30 INFO handle_requests.py-52 line：响应数据为：{'code': 0, 'msg': 'OK', 'data': {'id': 200713, 'leave_amount': 9562006.4, 'mobile_phone': '18605671115', 'reg_name': '美丽可爱的小简', 'reg_time': '2020-06-29 11:52:20.0', 'type': 1}, 'copyright': 'Copyright 柠檬班 © 2017-2020 湖南省零檬信息技术有限公司 All Rights Reserved'}
2020-07-08 21:30:23,187 py30 INFO test_recharge.py-91 line：充值后的用户余额：9562006.40
2020-07-08 21:30:23,238 py30 INFO test_recharge.py-67 line：充值前的用户余额：9562006.40
2020-07-08 21:30:23,238 py30 INFO test_recharge.py-70 line：充值的金额为：500000
2020-07-08 21:30:23,239 py30 INFO test_recharge.py-72 line：期望的充值之后的金额为：10062006.4
2020-07-08 21:30:23,239 py30 INFO handle_requests.py-33 line：发起一次HTTP请求
2020-07-08 21:30:23,240 py30 INFO handle_requests.py-41 line：请求头为：{'X-Lemonban-Media-Type': 'lemonban.v2', 'Content-Type': 'application/json', 'Authorization': 'Bearer eyJhbGciOiJIUzUxMiJ9.eyJtZW1iZXJfaWQiOjIwMDcxMywiZXhwIjoxNTk0MjE1MzIyfQ.1mlHrVSZ-AA3YZfn-m171Z8ZyORf55X7BgzkRmC9kHYl6YZyOEPQ2Vi_BrZs1Kh-y8KuT3wc3_J84xVZlzvJFg'}
2020-07-08 21:30:23,241 py30 INFO handle_requests.py-42 line：请求方法为：post
2020-07-08 21:30:23,241 py30 INFO handle_requests.py-43 line：请求url为：http://api.lemonban.com/futureloan/member/recharge
2020-07-08 21:30:23,241 py30 INFO handle_requests.py-44 line：请求数据为：{'member_id': 200713, 'amount': 500000}
2020-07-08 21:30:23,300 py30 INFO handle_requests.py-51 line：响应状态码为：200
2020-07-08 21:30:23,300 py30 INFO handle_requests.py-52 line：响应数据为：{'code': 0, 'msg': 'OK', 'data': {'id': 200713, 'leave_amount': 10062006.4, 'mobile_phone': '18605671115', 'reg_name': '美丽可爱的小简', 'reg_time': '2020-06-29 11:52:20.0', 'type': 1}, 'copyright': 'Copyright 柠檬班 © 2017-2020 湖南省零檬信息技术有限公司 All Rights Reserved'}
2020-07-08 21:30:23,349 py30 INFO test_recharge.py-91 line：充值后的用户余额：10062006.40
2020-07-08 21:30:23,351 py30 INFO handle_requests.py-33 line：发起一次HTTP请求
2020-07-08 21:30:23,352 py30 INFO handle_requests.py-41 line：请求头为：{'X-Lemonban-Media-Type': 'lemonban.v2', 'Content-Type': 'application/json', 'Authorization': 'Bearer eyJhbGciOiJIUzUxMiJ9.eyJtZW1iZXJfaWQiOjIwMDcxMywiZXhwIjoxNTk0MjE1MzIyfQ.1mlHrVSZ-AA3YZfn-m171Z8ZyORf55X7BgzkRmC9kHYl6YZyOEPQ2Vi_BrZs1Kh-y8KuT3wc3_J84xVZlzvJFg'}
2020-07-08 21:30:23,352 py30 INFO handle_requests.py-42 line：请求方法为：post
2020-07-08 21:30:23,352 py30 INFO handle_requests.py-43 line：请求url为：http://api.lemonban.com/futureloan/member/recharge
2020-07-08 21:30:23,353 py30 INFO handle_requests.py-44 line：请求数据为：{'amount': 600}
2020-07-08 21:30:23,436 py30 INFO handle_requests.py-51 line：响应状态码为：200
2020-07-08 21:30:23,438 py30 INFO handle_requests.py-52 line：响应数据为：{'code': 1, 'msg': '用户id为空', 'data': None, 'copyright': 'Copyright 柠檬班 © 2017-2020 湖南省零檬信息技术有限公司 All Rights Reserved'}
2020-07-08 21:30:23,441 py30 INFO handle_requests.py-33 line：发起一次HTTP请求
2020-07-08 21:30:23,442 py30 INFO handle_requests.py-41 line：请求头为：{'X-Lemonban-Media-Type': 'lemonban.v2', 'Content-Type': 'application/json', 'Authorization': 'Bearer eyJhbGciOiJIUzUxMiJ9.eyJtZW1iZXJfaWQiOjIwMDcxMywiZXhwIjoxNTk0MjE1MzIyfQ.1mlHrVSZ-AA3YZfn-m171Z8ZyORf55X7BgzkRmC9kHYl6YZyOEPQ2Vi_BrZs1Kh-y8KuT3wc3_J84xVZlzvJFg'}
2020-07-08 21:30:23,443 py30 INFO handle_requests.py-42 line：请求方法为：post
2020-07-08 21:30:23,444 py30 INFO handle_requests.py-43 line：请求url为：http://api.lemonban.com/futureloan/member/recharge
2020-07-08 21:30:23,444 py30 INFO handle_requests.py-44 line：请求数据为：{'member_id': 98989898, 'amount': 600}
2020-07-08 21:30:23,502 py30 INFO handle_requests.py-51 line：响应状态码为：200
2020-07-08 21:30:23,503 py30 INFO handle_requests.py-52 line：响应数据为：{'code': 1007, 'msg': '无权限访问，请检查参数', 'data': None, 'copyright': 'Copyright 柠檬班 © 2017-2020 湖南省零檬信息技术有限公司 All Rights Reserved'}
2020-07-08 21:30:23,504 py30 INFO handle_requests.py-33 line：发起一次HTTP请求
2020-07-08 21:30:23,512 py30 INFO handle_requests.py-41 line：请求头为：{'X-Lemonban-Media-Type': 'lemonban.v2', 'Content-Type': 'application/json', 'Authorization': 'Bearer eyJhbGciOiJIUzUxMiJ9.eyJtZW1iZXJfaWQiOjIwMDcxMywiZXhwIjoxNTk0MjE1MzIyfQ.1mlHrVSZ-AA3YZfn-m171Z8ZyORf55X7BgzkRmC9kHYl6YZyOEPQ2Vi_BrZs1Kh-y8KuT3wc3_J84xVZlzvJFg'}
2020-07-08 21:30:23,512 py30 INFO handle_requests.py-42 line：请求方法为：post
2020-07-08 21:30:23,513 py30 INFO handle_requests.py-43 line：请求url为：http://api.lemonban.com/futureloan/member/recharge
2020-07-08 21:30:23,513 py30 INFO handle_requests.py-44 line：请求数据为：{'member_id': '200713', 'amount': 600}
2020-07-08 21:30:23,590 py30 INFO handle_requests.py-51 line：响应状态码为：200
2020-07-08 21:30:23,593 py30 INFO handle_requests.py-52 line：响应数据为：{'code': 0, 'msg': 'OK', 'data': {'id': 200713, 'leave_amount': 10062606.4, 'mobile_phone': '18605671115', 'reg_name': '美丽可爱的小简', 'reg_time': '2020-06-29 11:52:20.0', 'type': 1}, 'copyright': 'Copyright 柠檬班 © 2017-2020 湖南省零檬信息技术有限公司 All Rights Reserved'}
2020-07-08 21:30:23,595 py30 ERROR test_recharge.py-94 line：断言失败！
Traceback (most recent call last):
  File "D:\Pychram-Workspace\py30-接口自动化\day7\TestCases\test_recharge.py", line 84, in test_recharge
    self.assertEqual(response.json()["code"], expected["code"])
  File "D:\python37\lib\unittest\case.py", line 839, in assertEqual
    assertion_func(first, second, msg=msg)
  File "D:\python37\lib\unittest\case.py", line 832, in _baseAssertEqual
    raise self.failureException(msg)
AssertionError: 0 != 2
2020-07-08 21:30:23,604 py30 INFO handle_requests.py-33 line：发起一次HTTP请求
2020-07-08 21:30:23,605 py30 INFO handle_requests.py-41 line：请求头为：{'X-Lemonban-Media-Type': 'lemonban.v2', 'Content-Type': 'application/json', 'Authorization': 'Bearer eyJhbGciOiJIUzUxMiJ9.eyJtZW1iZXJfaWQiOjIwMDcxMywiZXhwIjoxNTk0MjE1MzIyfQ.1mlHrVSZ-AA3YZfn-m171Z8ZyORf55X7BgzkRmC9kHYl6YZyOEPQ2Vi_BrZs1Kh-y8KuT3wc3_J84xVZlzvJFg'}
2020-07-08 21:30:23,613 py30 INFO handle_requests.py-42 line：请求方法为：post
2020-07-08 21:30:23,614 py30 INFO handle_requests.py-43 line：请求url为：http://api.lemonban.com/futureloan/member/recharge
2020-07-08 21:30:23,614 py30 INFO handle_requests.py-44 line：请求数据为：{'member_id': 15.0, 'amount': 600}
2020-07-08 21:30:23,669 py30 INFO handle_requests.py-51 line：响应状态码为：200
2020-07-08 21:30:23,669 py30 INFO handle_requests.py-52 line：响应数据为：{'code': 2, 'msg': '数字格式化异常', 'data': None, 'copyright': 'Copyright 柠檬班 © 2017-2020 湖南省零檬信息技术有限公司 All Rights Reserved'}
2020-07-08 21:30:23,670 py30 INFO handle_requests.py-33 line：发起一次HTTP请求
2020-07-08 21:30:23,670 py30 INFO handle_requests.py-41 line：请求头为：{'X-Lemonban-Media-Type': 'lemonban.v2', 'Content-Type': 'application/json', 'Authorization': 'Bearer eyJhbGciOiJIUzUxMiJ9.eyJtZW1iZXJfaWQiOjIwMDcxMywiZXhwIjoxNTk0MjE1MzIyfQ.1mlHrVSZ-AA3YZfn-m171Z8ZyORf55X7BgzkRmC9kHYl6YZyOEPQ2Vi_BrZs1Kh-y8KuT3wc3_J84xVZlzvJFg'}
2020-07-08 21:30:23,670 py30 INFO handle_requests.py-42 line：请求方法为：post
2020-07-08 21:30:23,671 py30 INFO handle_requests.py-43 line：请求url为：http://api.lemonban.com/futureloan/member/recharge
2020-07-08 21:30:23,671 py30 INFO handle_requests.py-44 line：请求数据为：{'member_id': 200713, 'amount': 0}
2020-07-08 21:30:23,739 py30 INFO handle_requests.py-51 line：响应状态码为：200
2020-07-08 21:30:23,740 py30 INFO handle_requests.py-52 line：响应数据为：{'code': 0, 'msg': 'OK', 'data': {'id': 200713, 'leave_amount': 10062606.4, 'mobile_phone': '18605671115', 'reg_name': '美丽可爱的小简', 'reg_time': '2020-06-29 11:52:20.0', 'type': 1}, 'copyright': 'Copyright 柠檬班 © 2017-2020 湖南省零檬信息技术有限公司 All Rights Reserved'}
2020-07-08 21:30:23,741 py30 ERROR test_recharge.py-94 line：断言失败！
Traceback (most recent call last):
  File "D:\Pychram-Workspace\py30-接口自动化\day7\TestCases\test_recharge.py", line 84, in test_recharge
    self.assertEqual(response.json()["code"], expected["code"])
  File "D:\python37\lib\unittest\case.py", line 839, in assertEqual
    assertion_func(first, second, msg=msg)
  File "D:\python37\lib\unittest\case.py", line 832, in _baseAssertEqual
    raise self.failureException(msg)
AssertionError: 0 != 2
2020-07-08 21:30:23,742 py30 INFO handle_requests.py-33 line：发起一次HTTP请求
2020-07-08 21:30:23,742 py30 INFO handle_requests.py-41 line：请求头为：{'X-Lemonban-Media-Type': 'lemonban.v2', 'Content-Type': 'application/json', 'Authorization': 'Bearer eyJhbGciOiJIUzUxMiJ9.eyJtZW1iZXJfaWQiOjIwMDcxMywiZXhwIjoxNTk0MjE1MzIyfQ.1mlHrVSZ-AA3YZfn-m171Z8ZyORf55X7BgzkRmC9kHYl6YZyOEPQ2Vi_BrZs1Kh-y8KuT3wc3_J84xVZlzvJFg'}
2020-07-08 21:30:23,743 py30 INFO handle_requests.py-42 line：请求方法为：post
2020-07-08 21:30:23,743 py30 INFO handle_requests.py-43 line：请求url为：http://api.lemonban.com/futureloan/member/recharge
2020-07-08 21:30:23,743 py30 INFO handle_requests.py-44 line：请求数据为：{'member_id': 200713, 'amount': -600}
2020-07-08 21:30:23,800 py30 INFO handle_requests.py-51 line：响应状态码为：200
2020-07-08 21:30:23,800 py30 INFO handle_requests.py-52 line：响应数据为：{'code': 2, 'msg': '余额必须大于0并且小于或者等于500000', 'data': None, 'copyright': 'Copyright 柠檬班 © 2017-2020 湖南省零檬信息技术有限公司 All Rights Reserved'}
2020-07-08 21:30:23,800 py30 ERROR test_recharge.py-94 line：断言失败！
Traceback (most recent call last):
  File "D:\Pychram-Workspace\py30-接口自动化\day7\TestCases\test_recharge.py", line 85, in test_recharge
    self.assertEqual(response.json()["msg"], expected["msg"])
  File "D:\python37\lib\unittest\case.py", line 839, in assertEqual
    assertion_func(first, second, msg=msg)
  File "D:\python37\lib\unittest\case.py", line 1220, in assertMultiLineEqual
    self.fail(self._formatMessage(msg, standardMsg))
  File "D:\python37\lib\unittest\case.py", line 680, in fail
    raise self.failureException(msg)
AssertionError: '余额必须大于0并且小于或者等于500000' != '金额必须大于0并且小于或者等于500000'
- 余额必须大于0并且小于或者等于500000
? ^
+ 金额必须大于0并且小于或者等于500000
? ^

2020-07-08 21:30:23,802 py30 INFO handle_requests.py-33 line：发起一次HTTP请求
2020-07-08 21:30:23,803 py30 INFO handle_requests.py-41 line：请求头为：{'X-Lemonban-Media-Type': 'lemonban.v2', 'Content-Type': 'application/json', 'Authorization': 'Bearer eyJhbGciOiJIUzUxMiJ9.eyJtZW1iZXJfaWQiOjIwMDcxMywiZXhwIjoxNTk0MjE1MzIyfQ.1mlHrVSZ-AA3YZfn-m171Z8ZyORf55X7BgzkRmC9kHYl6YZyOEPQ2Vi_BrZs1Kh-y8KuT3wc3_J84xVZlzvJFg'}
2020-07-08 21:30:23,803 py30 INFO handle_requests.py-42 line：请求方法为：post
2020-07-08 21:30:23,805 py30 INFO handle_requests.py-43 line：请求url为：http://api.lemonban.com/futureloan/member/recharge
2020-07-08 21:30:23,806 py30 INFO handle_requests.py-44 line：请求数据为：{'member_id': 200713}
2020-07-08 21:30:23,881 py30 INFO handle_requests.py-51 line：响应状态码为：200
2020-07-08 21:30:23,882 py30 INFO handle_requests.py-52 line：响应数据为：{'code': 2, 'msg': '余额必须为数值型', 'data': None, 'copyright': 'Copyright 柠檬班 © 2017-2020 湖南省零檬信息技术有限公司 All Rights Reserved'}
2020-07-08 21:30:23,883 py30 ERROR test_recharge.py-94 line：断言失败！
Traceback (most recent call last):
  File "D:\Pychram-Workspace\py30-接口自动化\day7\TestCases\test_recharge.py", line 84, in test_recharge
    self.assertEqual(response.json()["code"], expected["code"])
  File "D:\python37\lib\unittest\case.py", line 839, in assertEqual
    assertion_func(first, second, msg=msg)
  File "D:\python37\lib\unittest\case.py", line 832, in _baseAssertEqual
    raise self.failureException(msg)
AssertionError: 2 != 1
2020-07-08 21:30:23,886 py30 INFO handle_requests.py-33 line：发起一次HTTP请求
2020-07-08 21:30:23,887 py30 INFO handle_requests.py-41 line：请求头为：{'X-Lemonban-Media-Type': 'lemonban.v2', 'Content-Type': 'application/json', 'Authorization': 'Bearer eyJhbGciOiJIUzUxMiJ9.eyJtZW1iZXJfaWQiOjIwMDcxMywiZXhwIjoxNTk0MjE1MzIyfQ.1mlHrVSZ-AA3YZfn-m171Z8ZyORf55X7BgzkRmC9kHYl6YZyOEPQ2Vi_BrZs1Kh-y8KuT3wc3_J84xVZlzvJFg'}
2020-07-08 21:30:23,888 py30 INFO handle_requests.py-42 line：请求方法为：post
2020-07-08 21:30:23,889 py30 INFO handle_requests.py-43 line：请求url为：http://api.lemonban.com/futureloan/member/recharge
2020-07-08 21:30:23,889 py30 INFO handle_requests.py-44 line：请求数据为：{'member_id': 200713, 'amount': 600.222}
2020-07-08 21:30:23,956 py30 INFO handle_requests.py-51 line：响应状态码为：200
2020-07-08 21:30:23,957 py30 INFO handle_requests.py-52 line：响应数据为：{'code': 2, 'msg': '余额小数超过两位', 'data': None, 'copyright': 'Copyright 柠檬班 © 2017-2020 湖南省零檬信息技术有限公司 All Rights Reserved'}
2020-07-08 21:30:23,957 py30 ERROR test_recharge.py-94 line：断言失败！
Traceback (most recent call last):
  File "D:\Pychram-Workspace\py30-接口自动化\day7\TestCases\test_recharge.py", line 85, in test_recharge
    self.assertEqual(response.json()["msg"], expected["msg"])
  File "D:\python37\lib\unittest\case.py", line 839, in assertEqual
    assertion_func(first, second, msg=msg)
  File "D:\python37\lib\unittest\case.py", line 1220, in assertMultiLineEqual
    self.fail(self._formatMessage(msg, standardMsg))
  File "D:\python37\lib\unittest\case.py", line 680, in fail
    raise self.failureException(msg)
AssertionError: '余额小数超过两位' != '金额小数超过两位'
- 余额小数超过两位
? ^
+ 金额小数超过两位
? ^

2020-07-08 21:30:23,958 py30 INFO handle_requests.py-33 line：发起一次HTTP请求
2020-07-08 21:30:23,958 py30 INFO handle_requests.py-41 line：请求头为：{'X-Lemonban-Media-Type': 'lemonban.v2', 'Content-Type': 'application/json', 'Authorization': 'Bearer eyJhbGciOiJIUzUxMiJ9.eyJtZW1iZXJfaWQiOjIwMDcxMywiZXhwIjoxNTk0MjE1MzIyfQ.1mlHrVSZ-AA3YZfn-m171Z8ZyORf55X7BgzkRmC9kHYl6YZyOEPQ2Vi_BrZs1Kh-y8KuT3wc3_J84xVZlzvJFg'}
2020-07-08 21:30:23,959 py30 INFO handle_requests.py-42 line：请求方法为：post
2020-07-08 21:30:23,959 py30 INFO handle_requests.py-43 line：请求url为：http://api.lemonban.com/futureloan/member/recharge
2020-07-08 21:30:23,959 py30 INFO handle_requests.py-44 line：请求数据为：{'member_id': 200713, 'amount': 500001}
2020-07-08 21:30:24,024 py30 INFO handle_requests.py-51 line：响应状态码为：200
2020-07-08 21:30:24,024 py30 INFO handle_requests.py-52 line：响应数据为：{'code': 2, 'msg': '余额必须大于0并且小于或者等于500000', 'data': None, 'copyright': 'Copyright 柠檬班 © 2017-2020 湖南省零檬信息技术有限公司 All Rights Reserved'}
2020-07-08 21:30:24,025 py30 ERROR test_recharge.py-94 line：断言失败！
Traceback (most recent call last):
  File "D:\Pychram-Workspace\py30-接口自动化\day7\TestCases\test_recharge.py", line 85, in test_recharge
    self.assertEqual(response.json()["msg"], expected["msg"])
  File "D:\python37\lib\unittest\case.py", line 839, in assertEqual
    assertion_func(first, second, msg=msg)
  File "D:\python37\lib\unittest\case.py", line 1220, in assertMultiLineEqual
    self.fail(self._formatMessage(msg, standardMsg))
  File "D:\python37\lib\unittest\case.py", line 680, in fail
    raise self.failureException(msg)
AssertionError: '余额必须大于0并且小于或者等于500000' != '金额必须大于0并且小于或者等于500000'
- 余额必须大于0并且小于或者等于500000
? ^
+ 金额必须大于0并且小于或者等于500000
? ^

2020-07-08 21:30:24,026 py30 INFO handle_requests.py-33 line：发起一次HTTP请求
2020-07-08 21:30:24,027 py30 INFO handle_requests.py-41 line：请求头为：{'X-Lemonban-Media-Type': 'lemonban.v2', 'Content-Type': 'application/json', 'Authorization': 'Bearer eyJhbGciOiJIUzUxMiJ9.eyJtZW1iZXJfaWQiOjIwMDcxMywiZXhwIjoxNTk0MjE1MzIyfQ.1mlHrVSZ-AA3YZfn-m171Z8ZyORf55X7BgzkRmC9kHYl6YZyOEPQ2Vi_BrZs1Kh-y8KuT3wc3_J84xVZlzvJFg'}
2020-07-08 21:30:24,027 py30 INFO handle_requests.py-42 line：请求方法为：post
2020-07-08 21:30:24,027 py30 INFO handle_requests.py-43 line：请求url为：http://api.lemonban.com/futureloan/member/recharge
2020-07-08 21:30:24,027 py30 INFO handle_requests.py-44 line：请求数据为：{'member_id': 200713, 'amount': '5万'}
2020-07-08 21:30:24,085 py30 INFO handle_requests.py-51 line：响应状态码为：200
2020-07-08 21:30:24,085 py30 INFO handle_requests.py-52 line：响应数据为：{'code': 2, 'msg': '数字格式化异常', 'data': None, 'copyright': 'Copyright 柠檬班 © 2017-2020 湖南省零檬信息技术有限公司 All Rights Reserved'}
2020-07-08 21:35:44,193 py30 INFO handle_requests.py-33 line：发起一次HTTP请求
2020-07-08 21:35:44,194 py30 INFO handle_requests.py-41 line：请求头为：{'X-Lemonban-Media-Type': 'lemonban.v2', 'Content-Type': 'application/json'}
2020-07-08 21:35:44,194 py30 INFO handle_requests.py-42 line：请求方法为：POST
2020-07-08 21:35:44,194 py30 INFO handle_requests.py-43 line：请求url为：http://api.lemonban.com/futureloan/member/register
2020-07-08 21:35:44,194 py30 INFO handle_requests.py-44 line：请求数据为：{'mobile_phone': '18605671115', 'pwd': '123456789'}
2020-07-08 21:35:44,327 py30 INFO handle_requests.py-51 line：响应状态码为：200
2020-07-08 21:35:44,327 py30 INFO handle_requests.py-52 line：响应数据为：{'code': 2, 'msg': '账号已存在', 'data': None, 'copyright': 'Copyright 柠檬班 © 2017-2020 湖南省零檬信息技术有限公司 All Rights Reserved'}
2020-07-08 21:35:44,328 py30 INFO handle_requests.py-33 line：发起一次HTTP请求
2020-07-08 21:35:44,328 py30 INFO handle_requests.py-41 line：请求头为：{'X-Lemonban-Media-Type': 'lemonban.v2', 'Content-Type': 'application/json'}
2020-07-08 21:35:44,328 py30 INFO handle_requests.py-42 line：请求方法为：POST
2020-07-08 21:35:44,328 py30 INFO handle_requests.py-43 line：请求url为：http://api.lemonban.com/futureloan/member/login
2020-07-08 21:35:44,328 py30 INFO handle_requests.py-44 line：请求数据为：{'mobile_phone': '18605671115', 'pwd': '123456789'}
2020-07-08 21:35:44,435 py30 INFO handle_requests.py-51 line：响应状态码为：200
2020-07-08 21:35:44,436 py30 INFO handle_requests.py-52 line：响应数据为：{'code': 0, 'msg': 'OK', 'data': {'id': 200713, 'leave_amount': 10062606.4, 'mobile_phone': '18605671115', 'reg_name': '美丽可爱的小简', 'reg_time': '2020-06-29 11:52:20.0', 'type': 1, 'token_info': {'token_type': 'Bearer', 'expires_in': '2020-07-08 21:40:44', 'token': 'eyJhbGciOiJIUzUxMiJ9.eyJtZW1iZXJfaWQiOjIwMDcxMywiZXhwIjoxNTk0MjE1NjQ0fQ.HQopKHKdzIEyGrt0HUUPJOSD5fnm_KSw0aPQkli4MarUZ5zgxPDVPZxry_EfuanOgrz1rwm7wYZKx32JjI8HCw'}}, 'copyright': 'Copyright 柠檬班 © 2017-2020 湖南省零檬信息技术有限公司 All Rights Reserved'}
2020-07-08 21:35:44,496 py30 INFO test_recharge.py-67 line：充值前的用户余额：10062606.40
2020-07-08 21:35:44,497 py30 INFO test_recharge.py-70 line：充值的金额为：600
2020-07-08 21:35:44,498 py30 INFO test_recharge.py-72 line：期望的充值之后的金额为：10063206.4
2020-07-08 21:35:44,498 py30 INFO handle_requests.py-33 line：发起一次HTTP请求
2020-07-08 21:35:44,499 py30 INFO handle_requests.py-41 line：请求头为：{'X-Lemonban-Media-Type': 'lemonban.v2', 'Content-Type': 'application/json', 'Authorization': 'Bearer eyJhbGciOiJIUzUxMiJ9.eyJtZW1iZXJfaWQiOjIwMDcxMywiZXhwIjoxNTk0MjE1NjQ0fQ.HQopKHKdzIEyGrt0HUUPJOSD5fnm_KSw0aPQkli4MarUZ5zgxPDVPZxry_EfuanOgrz1rwm7wYZKx32JjI8HCw'}
2020-07-08 21:35:44,501 py30 INFO handle_requests.py-42 line：请求方法为：post
2020-07-08 21:35:44,501 py30 INFO handle_requests.py-43 line：请求url为：http://api.lemonban.com/futureloan/member/recharge
2020-07-08 21:35:44,501 py30 INFO handle_requests.py-44 line：请求数据为：{'member_id': 200713, 'amount': 600}
2020-07-08 21:35:44,567 py30 INFO handle_requests.py-51 line：响应状态码为：200
2020-07-08 21:35:44,568 py30 INFO handle_requests.py-52 line：响应数据为：{'code': 0, 'msg': 'OK', 'data': {'id': 200713, 'leave_amount': 10063206.4, 'mobile_phone': '18605671115', 'reg_name': '美丽可爱的小简', 'reg_time': '2020-06-29 11:52:20.0', 'type': 1}, 'copyright': 'Copyright 柠檬班 © 2017-2020 湖南省零檬信息技术有限公司 All Rights Reserved'}
2020-07-08 21:35:44,620 py30 INFO test_recharge.py-91 line：充值后的用户余额：10063206.40
2020-07-08 21:35:44,671 py30 INFO test_recharge.py-67 line：充值前的用户余额：10063206.40
2020-07-08 21:35:44,672 py30 INFO test_recharge.py-70 line：充值的金额为：600.1
2020-07-08 21:35:44,672 py30 INFO test_recharge.py-72 line：期望的充值之后的金额为：10063806.5
2020-07-08 21:35:44,672 py30 INFO handle_requests.py-33 line：发起一次HTTP请求
2020-07-08 21:35:44,673 py30 INFO handle_requests.py-41 line：请求头为：{'X-Lemonban-Media-Type': 'lemonban.v2', 'Content-Type': 'application/json', 'Authorization': 'Bearer eyJhbGciOiJIUzUxMiJ9.eyJtZW1iZXJfaWQiOjIwMDcxMywiZXhwIjoxNTk0MjE1NjQ0fQ.HQopKHKdzIEyGrt0HUUPJOSD5fnm_KSw0aPQkli4MarUZ5zgxPDVPZxry_EfuanOgrz1rwm7wYZKx32JjI8HCw'}
2020-07-08 21:35:44,673 py30 INFO handle_requests.py-42 line：请求方法为：post
2020-07-08 21:35:44,673 py30 INFO handle_requests.py-43 line：请求url为：http://api.lemonban.com/futureloan/member/recharge
2020-07-08 21:35:44,673 py30 INFO handle_requests.py-44 line：请求数据为：{'member_id': 200713, 'amount': 600.1}
2020-07-08 21:35:44,742 py30 INFO handle_requests.py-51 line：响应状态码为：200
2020-07-08 21:35:44,743 py30 INFO handle_requests.py-52 line：响应数据为：{'code': 0, 'msg': 'OK', 'data': {'id': 200713, 'leave_amount': 10063806.5, 'mobile_phone': '18605671115', 'reg_name': '美丽可爱的小简', 'reg_time': '2020-06-29 11:52:20.0', 'type': 1}, 'copyright': 'Copyright 柠檬班 © 2017-2020 湖南省零檬信息技术有限公司 All Rights Reserved'}
2020-07-08 21:35:44,795 py30 INFO test_recharge.py-91 line：充值后的用户余额：10063806.50
2020-07-08 21:35:44,852 py30 INFO test_recharge.py-67 line：充值前的用户余额：10063806.50
2020-07-08 21:35:44,853 py30 INFO test_recharge.py-70 line：充值的金额为：600.22
2020-07-08 21:35:44,854 py30 INFO test_recharge.py-72 line：期望的充值之后的金额为：10064406.72
2020-07-08 21:35:44,855 py30 INFO handle_requests.py-33 line：发起一次HTTP请求
2020-07-08 21:35:44,856 py30 INFO handle_requests.py-41 line：请求头为：{'X-Lemonban-Media-Type': 'lemonban.v2', 'Content-Type': 'application/json', 'Authorization': 'Bearer eyJhbGciOiJIUzUxMiJ9.eyJtZW1iZXJfaWQiOjIwMDcxMywiZXhwIjoxNTk0MjE1NjQ0fQ.HQopKHKdzIEyGrt0HUUPJOSD5fnm_KSw0aPQkli4MarUZ5zgxPDVPZxry_EfuanOgrz1rwm7wYZKx32JjI8HCw'}
2020-07-08 21:35:44,856 py30 INFO handle_requests.py-42 line：请求方法为：post
2020-07-08 21:35:44,856 py30 INFO handle_requests.py-43 line：请求url为：http://api.lemonban.com/futureloan/member/recharge
2020-07-08 21:35:44,856 py30 INFO handle_requests.py-44 line：请求数据为：{'member_id': 200713, 'amount': 600.22}
2020-07-08 21:35:44,934 py30 INFO handle_requests.py-51 line：响应状态码为：200
2020-07-08 21:35:44,934 py30 INFO handle_requests.py-52 line：响应数据为：{'code': 0, 'msg': 'OK', 'data': {'id': 200713, 'leave_amount': 10064406.72, 'mobile_phone': '18605671115', 'reg_name': '美丽可爱的小简', 'reg_time': '2020-06-29 11:52:20.0', 'type': 1}, 'copyright': 'Copyright 柠檬班 © 2017-2020 湖南省零檬信息技术有限公司 All Rights Reserved'}
2020-07-08 21:35:44,985 py30 INFO test_recharge.py-91 line：充值后的用户余额：10064406.72
2020-07-08 21:35:45,036 py30 INFO test_recharge.py-67 line：充值前的用户余额：10064406.72
2020-07-08 21:35:45,037 py30 INFO test_recharge.py-70 line：充值的金额为：500000
2020-07-08 21:35:45,037 py30 INFO test_recharge.py-72 line：期望的充值之后的金额为：10564406.72
2020-07-08 21:35:45,037 py30 INFO handle_requests.py-33 line：发起一次HTTP请求
2020-07-08 21:35:45,037 py30 INFO handle_requests.py-41 line：请求头为：{'X-Lemonban-Media-Type': 'lemonban.v2', 'Content-Type': 'application/json', 'Authorization': 'Bearer eyJhbGciOiJIUzUxMiJ9.eyJtZW1iZXJfaWQiOjIwMDcxMywiZXhwIjoxNTk0MjE1NjQ0fQ.HQopKHKdzIEyGrt0HUUPJOSD5fnm_KSw0aPQkli4MarUZ5zgxPDVPZxry_EfuanOgrz1rwm7wYZKx32JjI8HCw'}
2020-07-08 21:35:45,038 py30 INFO handle_requests.py-42 line：请求方法为：post
2020-07-08 21:35:45,038 py30 INFO handle_requests.py-43 line：请求url为：http://api.lemonban.com/futureloan/member/recharge
2020-07-08 21:35:45,038 py30 INFO handle_requests.py-44 line：请求数据为：{'member_id': 200713, 'amount': 500000}
2020-07-08 21:35:45,108 py30 INFO handle_requests.py-51 line：响应状态码为：200
2020-07-08 21:35:45,109 py30 INFO handle_requests.py-52 line：响应数据为：{'code': 0, 'msg': 'OK', 'data': {'id': 200713, 'leave_amount': 10564406.72, 'mobile_phone': '18605671115', 'reg_name': '美丽可爱的小简', 'reg_time': '2020-06-29 11:52:20.0', 'type': 1}, 'copyright': 'Copyright 柠檬班 © 2017-2020 湖南省零檬信息技术有限公司 All Rights Reserved'}
2020-07-08 21:35:45,160 py30 INFO test_recharge.py-91 line：充值后的用户余额：10564406.72
2020-07-08 21:35:45,164 py30 INFO handle_requests.py-33 line：发起一次HTTP请求
2020-07-08 21:35:45,165 py30 INFO handle_requests.py-41 line：请求头为：{'X-Lemonban-Media-Type': 'lemonban.v2', 'Content-Type': 'application/json', 'Authorization': 'Bearer eyJhbGciOiJIUzUxMiJ9.eyJtZW1iZXJfaWQiOjIwMDcxMywiZXhwIjoxNTk0MjE1NjQ0fQ.HQopKHKdzIEyGrt0HUUPJOSD5fnm_KSw0aPQkli4MarUZ5zgxPDVPZxry_EfuanOgrz1rwm7wYZKx32JjI8HCw'}
2020-07-08 21:35:45,166 py30 INFO handle_requests.py-42 line：请求方法为：post
2020-07-08 21:35:45,166 py30 INFO handle_requests.py-43 line：请求url为：http://api.lemonban.com/futureloan/member/recharge
2020-07-08 21:35:45,167 py30 INFO handle_requests.py-44 line：请求数据为：{'amount': 600}
2020-07-08 21:35:45,232 py30 INFO handle_requests.py-51 line：响应状态码为：200
2020-07-08 21:35:45,232 py30 INFO handle_requests.py-52 line：响应数据为：{'code': 1, 'msg': '用户id为空', 'data': None, 'copyright': 'Copyright 柠檬班 © 2017-2020 湖南省零檬信息技术有限公司 All Rights Reserved'}
2020-07-08 21:35:45,233 py30 INFO handle_requests.py-33 line：发起一次HTTP请求
2020-07-08 21:35:45,233 py30 INFO handle_requests.py-41 line：请求头为：{'X-Lemonban-Media-Type': 'lemonban.v2', 'Content-Type': 'application/json', 'Authorization': 'Bearer eyJhbGciOiJIUzUxMiJ9.eyJtZW1iZXJfaWQiOjIwMDcxMywiZXhwIjoxNTk0MjE1NjQ0fQ.HQopKHKdzIEyGrt0HUUPJOSD5fnm_KSw0aPQkli4MarUZ5zgxPDVPZxry_EfuanOgrz1rwm7wYZKx32JjI8HCw'}
2020-07-08 21:35:45,233 py30 INFO handle_requests.py-42 line：请求方法为：post
2020-07-08 21:35:45,233 py30 INFO handle_requests.py-43 line：请求url为：http://api.lemonban.com/futureloan/member/recharge
2020-07-08 21:35:45,233 py30 INFO handle_requests.py-44 line：请求数据为：{'member_id': 98989898, 'amount': 600}
2020-07-08 21:35:45,291 py30 INFO handle_requests.py-51 line：响应状态码为：200
2020-07-08 21:35:45,292 py30 INFO handle_requests.py-52 line：响应数据为：{'code': 1007, 'msg': '无权限访问，请检查参数', 'data': None, 'copyright': 'Copyright 柠檬班 © 2017-2020 湖南省零檬信息技术有限公司 All Rights Reserved'}
2020-07-08 21:35:45,293 py30 INFO handle_requests.py-33 line：发起一次HTTP请求
2020-07-08 21:35:45,294 py30 INFO handle_requests.py-41 line：请求头为：{'X-Lemonban-Media-Type': 'lemonban.v2', 'Content-Type': 'application/json', 'Authorization': 'Bearer eyJhbGciOiJIUzUxMiJ9.eyJtZW1iZXJfaWQiOjIwMDcxMywiZXhwIjoxNTk0MjE1NjQ0fQ.HQopKHKdzIEyGrt0HUUPJOSD5fnm_KSw0aPQkli4MarUZ5zgxPDVPZxry_EfuanOgrz1rwm7wYZKx32JjI8HCw'}
2020-07-08 21:35:45,295 py30 INFO handle_requests.py-42 line：请求方法为：post
2020-07-08 21:35:45,295 py30 INFO handle_requests.py-43 line：请求url为：http://api.lemonban.com/futureloan/member/recharge
2020-07-08 21:35:45,296 py30 INFO handle_requests.py-44 line：请求数据为：{'member_id': '200713', 'amount': 600}
2020-07-08 21:35:45,377 py30 INFO handle_requests.py-51 line：响应状态码为：200
2020-07-08 21:35:45,378 py30 INFO handle_requests.py-52 line：响应数据为：{'code': 0, 'msg': 'OK', 'data': {'id': 200713, 'leave_amount': 10565006.72, 'mobile_phone': '18605671115', 'reg_name': '美丽可爱的小简', 'reg_time': '2020-06-29 11:52:20.0', 'type': 1}, 'copyright': 'Copyright 柠檬班 © 2017-2020 湖南省零檬信息技术有限公司 All Rights Reserved'}
2020-07-08 21:35:45,378 py30 ERROR test_recharge.py-94 line：断言失败！
Traceback (most recent call last):
  File "D:\Pychram-Workspace\py30-接口自动化\day7\TestCases\test_recharge.py", line 84, in test_recharge
    self.assertEqual(response.json()["code"], expected["code"])
  File "D:\python37\lib\unittest\case.py", line 839, in assertEqual
    assertion_func(first, second, msg=msg)
  File "D:\python37\lib\unittest\case.py", line 832, in _baseAssertEqual
    raise self.failureException(msg)
AssertionError: 0 != 2
2020-07-08 21:35:45,382 py30 INFO handle_requests.py-33 line：发起一次HTTP请求
2020-07-08 21:35:45,382 py30 INFO handle_requests.py-41 line：请求头为：{'X-Lemonban-Media-Type': 'lemonban.v2', 'Content-Type': 'application/json', 'Authorization': 'Bearer eyJhbGciOiJIUzUxMiJ9.eyJtZW1iZXJfaWQiOjIwMDcxMywiZXhwIjoxNTk0MjE1NjQ0fQ.HQopKHKdzIEyGrt0HUUPJOSD5fnm_KSw0aPQkli4MarUZ5zgxPDVPZxry_EfuanOgrz1rwm7wYZKx32JjI8HCw'}
2020-07-08 21:35:45,383 py30 INFO handle_requests.py-42 line：请求方法为：post
2020-07-08 21:35:45,383 py30 INFO handle_requests.py-43 line：请求url为：http://api.lemonban.com/futureloan/member/recharge
2020-07-08 21:35:45,383 py30 INFO handle_requests.py-44 line：请求数据为：{'member_id': 15.0, 'amount': 600}
2020-07-08 21:35:45,446 py30 INFO handle_requests.py-51 line：响应状态码为：200
2020-07-08 21:35:45,447 py30 INFO handle_requests.py-52 line：响应数据为：{'code': 2, 'msg': '数字格式化异常', 'data': None, 'copyright': 'Copyright 柠檬班 © 2017-2020 湖南省零檬信息技术有限公司 All Rights Reserved'}
2020-07-08 21:35:45,447 py30 INFO handle_requests.py-33 line：发起一次HTTP请求
2020-07-08 21:35:45,448 py30 INFO handle_requests.py-41 line：请求头为：{'X-Lemonban-Media-Type': 'lemonban.v2', 'Content-Type': 'application/json', 'Authorization': 'Bearer eyJhbGciOiJIUzUxMiJ9.eyJtZW1iZXJfaWQiOjIwMDcxMywiZXhwIjoxNTk0MjE1NjQ0fQ.HQopKHKdzIEyGrt0HUUPJOSD5fnm_KSw0aPQkli4MarUZ5zgxPDVPZxry_EfuanOgrz1rwm7wYZKx32JjI8HCw'}
2020-07-08 21:35:45,448 py30 INFO handle_requests.py-42 line：请求方法为：post
2020-07-08 21:35:45,448 py30 INFO handle_requests.py-43 line：请求url为：http://api.lemonban.com/futureloan/member/recharge
2020-07-08 21:35:45,449 py30 INFO handle_requests.py-44 line：请求数据为：{'member_id': 200713, 'amount': 0}
2020-07-08 21:35:45,512 py30 INFO handle_requests.py-51 line：响应状态码为：200
2020-07-08 21:35:45,513 py30 INFO handle_requests.py-52 line：响应数据为：{'code': 0, 'msg': 'OK', 'data': {'id': 200713, 'leave_amount': 10565006.72, 'mobile_phone': '18605671115', 'reg_name': '美丽可爱的小简', 'reg_time': '2020-06-29 11:52:20.0', 'type': 1}, 'copyright': 'Copyright 柠檬班 © 2017-2020 湖南省零檬信息技术有限公司 All Rights Reserved'}
2020-07-08 21:35:45,513 py30 ERROR test_recharge.py-94 line：断言失败！
Traceback (most recent call last):
  File "D:\Pychram-Workspace\py30-接口自动化\day7\TestCases\test_recharge.py", line 84, in test_recharge
    self.assertEqual(response.json()["code"], expected["code"])
  File "D:\python37\lib\unittest\case.py", line 839, in assertEqual
    assertion_func(first, second, msg=msg)
  File "D:\python37\lib\unittest\case.py", line 832, in _baseAssertEqual
    raise self.failureException(msg)
AssertionError: 0 != 2
2020-07-08 21:35:45,514 py30 INFO handle_requests.py-33 line：发起一次HTTP请求
2020-07-08 21:35:45,515 py30 INFO handle_requests.py-41 line：请求头为：{'X-Lemonban-Media-Type': 'lemonban.v2', 'Content-Type': 'application/json', 'Authorization': 'Bearer eyJhbGciOiJIUzUxMiJ9.eyJtZW1iZXJfaWQiOjIwMDcxMywiZXhwIjoxNTk0MjE1NjQ0fQ.HQopKHKdzIEyGrt0HUUPJOSD5fnm_KSw0aPQkli4MarUZ5zgxPDVPZxry_EfuanOgrz1rwm7wYZKx32JjI8HCw'}
2020-07-08 21:35:45,515 py30 INFO handle_requests.py-42 line：请求方法为：post
2020-07-08 21:35:45,515 py30 INFO handle_requests.py-43 line：请求url为：http://api.lemonban.com/futureloan/member/recharge
2020-07-08 21:35:45,515 py30 INFO handle_requests.py-44 line：请求数据为：{'member_id': 200713, 'amount': -600}
2020-07-08 21:35:45,574 py30 INFO handle_requests.py-51 line：响应状态码为：200
2020-07-08 21:35:45,575 py30 INFO handle_requests.py-52 line：响应数据为：{'code': 2, 'msg': '余额必须大于0并且小于或者等于500000', 'data': None, 'copyright': 'Copyright 柠檬班 © 2017-2020 湖南省零檬信息技术有限公司 All Rights Reserved'}
2020-07-08 21:35:45,575 py30 ERROR test_recharge.py-94 line：断言失败！
Traceback (most recent call last):
  File "D:\Pychram-Workspace\py30-接口自动化\day7\TestCases\test_recharge.py", line 85, in test_recharge
    self.assertEqual(response.json()["msg"], expected["msg"])
  File "D:\python37\lib\unittest\case.py", line 839, in assertEqual
    assertion_func(first, second, msg=msg)
  File "D:\python37\lib\unittest\case.py", line 1220, in assertMultiLineEqual
    self.fail(self._formatMessage(msg, standardMsg))
  File "D:\python37\lib\unittest\case.py", line 680, in fail
    raise self.failureException(msg)
AssertionError: '余额必须大于0并且小于或者等于500000' != '金额必须大于0并且小于或者等于500000'
- 余额必须大于0并且小于或者等于500000
? ^
+ 金额必须大于0并且小于或者等于500000
? ^

2020-07-08 21:35:45,576 py30 INFO handle_requests.py-33 line：发起一次HTTP请求
2020-07-08 21:35:45,577 py30 INFO handle_requests.py-41 line：请求头为：{'X-Lemonban-Media-Type': 'lemonban.v2', 'Content-Type': 'application/json', 'Authorization': 'Bearer eyJhbGciOiJIUzUxMiJ9.eyJtZW1iZXJfaWQiOjIwMDcxMywiZXhwIjoxNTk0MjE1NjQ0fQ.HQopKHKdzIEyGrt0HUUPJOSD5fnm_KSw0aPQkli4MarUZ5zgxPDVPZxry_EfuanOgrz1rwm7wYZKx32JjI8HCw'}
2020-07-08 21:35:45,577 py30 INFO handle_requests.py-42 line：请求方法为：post
2020-07-08 21:35:45,577 py30 INFO handle_requests.py-43 line：请求url为：http://api.lemonban.com/futureloan/member/recharge
2020-07-08 21:35:45,578 py30 INFO handle_requests.py-44 line：请求数据为：{'member_id': 200713}
2020-07-08 21:35:45,646 py30 INFO handle_requests.py-51 line：响应状态码为：200
2020-07-08 21:35:45,646 py30 INFO handle_requests.py-52 line：响应数据为：{'code': 2, 'msg': '余额必须为数值型', 'data': None, 'copyright': 'Copyright 柠檬班 © 2017-2020 湖南省零檬信息技术有限公司 All Rights Reserved'}
2020-07-08 21:35:45,646 py30 ERROR test_recharge.py-94 line：断言失败！
Traceback (most recent call last):
  File "D:\Pychram-Workspace\py30-接口自动化\day7\TestCases\test_recharge.py", line 84, in test_recharge
    self.assertEqual(response.json()["code"], expected["code"])
  File "D:\python37\lib\unittest\case.py", line 839, in assertEqual
    assertion_func(first, second, msg=msg)
  File "D:\python37\lib\unittest\case.py", line 832, in _baseAssertEqual
    raise self.failureException(msg)
AssertionError: 2 != 1
2020-07-08 21:35:45,648 py30 INFO handle_requests.py-33 line：发起一次HTTP请求
2020-07-08 21:35:45,648 py30 INFO handle_requests.py-41 line：请求头为：{'X-Lemonban-Media-Type': 'lemonban.v2', 'Content-Type': 'application/json', 'Authorization': 'Bearer eyJhbGciOiJIUzUxMiJ9.eyJtZW1iZXJfaWQiOjIwMDcxMywiZXhwIjoxNTk0MjE1NjQ0fQ.HQopKHKdzIEyGrt0HUUPJOSD5fnm_KSw0aPQkli4MarUZ5zgxPDVPZxry_EfuanOgrz1rwm7wYZKx32JjI8HCw'}
2020-07-08 21:35:45,648 py30 INFO handle_requests.py-42 line：请求方法为：post
2020-07-08 21:35:45,648 py30 INFO handle_requests.py-43 line：请求url为：http://api.lemonban.com/futureloan/member/recharge
2020-07-08 21:35:45,648 py30 INFO handle_requests.py-44 line：请求数据为：{'member_id': 200713, 'amount': 600.222}
2020-07-08 21:35:45,702 py30 INFO handle_requests.py-51 line：响应状态码为：200
2020-07-08 21:35:45,702 py30 INFO handle_requests.py-52 line：响应数据为：{'code': 2, 'msg': '余额小数超过两位', 'data': None, 'copyright': 'Copyright 柠檬班 © 2017-2020 湖南省零檬信息技术有限公司 All Rights Reserved'}
2020-07-08 21:35:45,702 py30 ERROR test_recharge.py-94 line：断言失败！
Traceback (most recent call last):
  File "D:\Pychram-Workspace\py30-接口自动化\day7\TestCases\test_recharge.py", line 85, in test_recharge
    self.assertEqual(response.json()["msg"], expected["msg"])
  File "D:\python37\lib\unittest\case.py", line 839, in assertEqual
    assertion_func(first, second, msg=msg)
  File "D:\python37\lib\unittest\case.py", line 1220, in assertMultiLineEqual
    self.fail(self._formatMessage(msg, standardMsg))
  File "D:\python37\lib\unittest\case.py", line 680, in fail
    raise self.failureException(msg)
AssertionError: '余额小数超过两位' != '金额小数超过两位'
- 余额小数超过两位
? ^
+ 金额小数超过两位
? ^

2020-07-08 21:35:45,705 py30 INFO handle_requests.py-33 line：发起一次HTTP请求
2020-07-08 21:35:45,705 py30 INFO handle_requests.py-41 line：请求头为：{'X-Lemonban-Media-Type': 'lemonban.v2', 'Content-Type': 'application/json', 'Authorization': 'Bearer eyJhbGciOiJIUzUxMiJ9.eyJtZW1iZXJfaWQiOjIwMDcxMywiZXhwIjoxNTk0MjE1NjQ0fQ.HQopKHKdzIEyGrt0HUUPJOSD5fnm_KSw0aPQkli4MarUZ5zgxPDVPZxry_EfuanOgrz1rwm7wYZKx32JjI8HCw'}
2020-07-08 21:35:45,706 py30 INFO handle_requests.py-42 line：请求方法为：post
2020-07-08 21:35:45,706 py30 INFO handle_requests.py-43 line：请求url为：http://api.lemonban.com/futureloan/member/recharge
2020-07-08 21:35:45,707 py30 INFO handle_requests.py-44 line：请求数据为：{'member_id': 200713, 'amount': 500001}
2020-07-08 21:35:45,778 py30 INFO handle_requests.py-51 line：响应状态码为：200
2020-07-08 21:35:45,779 py30 INFO handle_requests.py-52 line：响应数据为：{'code': 2, 'msg': '余额必须大于0并且小于或者等于500000', 'data': None, 'copyright': 'Copyright 柠檬班 © 2017-2020 湖南省零檬信息技术有限公司 All Rights Reserved'}
2020-07-08 21:35:45,779 py30 ERROR test_recharge.py-94 line：断言失败！
Traceback (most recent call last):
  File "D:\Pychram-Workspace\py30-接口自动化\day7\TestCases\test_recharge.py", line 85, in test_recharge
    self.assertEqual(response.json()["msg"], expected["msg"])
  File "D:\python37\lib\unittest\case.py", line 839, in assertEqual
    assertion_func(first, second, msg=msg)
  File "D:\python37\lib\unittest\case.py", line 1220, in assertMultiLineEqual
    self.fail(self._formatMessage(msg, standardMsg))
  File "D:\python37\lib\unittest\case.py", line 680, in fail
    raise self.failureException(msg)
AssertionError: '余额必须大于0并且小于或者等于500000' != '金额必须大于0并且小于或者等于500000'
- 余额必须大于0并且小于或者等于500000
? ^
+ 金额必须大于0并且小于或者等于500000
? ^

2020-07-08 21:35:45,781 py30 INFO handle_requests.py-33 line：发起一次HTTP请求
2020-07-08 21:35:45,783 py30 INFO handle_requests.py-41 line：请求头为：{'X-Lemonban-Media-Type': 'lemonban.v2', 'Content-Type': 'application/json', 'Authorization': 'Bearer eyJhbGciOiJIUzUxMiJ9.eyJtZW1iZXJfaWQiOjIwMDcxMywiZXhwIjoxNTk0MjE1NjQ0fQ.HQopKHKdzIEyGrt0HUUPJOSD5fnm_KSw0aPQkli4MarUZ5zgxPDVPZxry_EfuanOgrz1rwm7wYZKx32JjI8HCw'}
2020-07-08 21:35:45,784 py30 INFO handle_requests.py-42 line：请求方法为：post
2020-07-08 21:35:45,785 py30 INFO handle_requests.py-43 line：请求url为：http://api.lemonban.com/futureloan/member/recharge
2020-07-08 21:35:45,786 py30 INFO handle_requests.py-44 line：请求数据为：{'member_id': 200713, 'amount': '5万'}
2020-07-08 21:35:45,857 py30 INFO handle_requests.py-51 line：响应状态码为：200
2020-07-08 21:35:45,858 py30 INFO handle_requests.py-52 line：响应数据为：{'code': 2, 'msg': '数字格式化异常', 'data': None, 'copyright': 'Copyright 柠檬班 © 2017-2020 湖南省零檬信息技术有限公司 All Rights Reserved'}
2020-07-08 21:35:45,859 py30 INFO test_register.py-34 line：======  注册模块用例 开始执行  ========
2020-07-08 21:35:45,860 py30 INFO test_register.py-44 line：*********   执行用例1：注册成功-带注册名   *********
2020-07-08 21:35:46,079 py30 INFO handle_requests.py-33 line：发起一次HTTP请求
2020-07-08 21:35:46,080 py30 INFO handle_requests.py-41 line：请求头为：{'X-Lemonban-Media-Type': 'lemonban.v2', 'Content-Type': 'application/json'}
2020-07-08 21:35:46,081 py30 INFO handle_requests.py-42 line：请求方法为：post
2020-07-08 21:35:46,081 py30 INFO handle_requests.py-43 line：请求url为：http://api.lemonban.com/futureloan/member/register
2020-07-08 21:35:46,081 py30 INFO handle_requests.py-44 line：请求数据为：{'mobile_phone': '19963428620', 'pwd': '123456789', 'type': 1, 'reg_name': '美丽可爱的小简'}
2020-07-08 21:35:46,140 py30 INFO handle_requests.py-51 line：响应状态码为：200
2020-07-08 21:35:46,142 py30 INFO handle_requests.py-52 line：响应数据为：{'code': 2, 'msg': '无效的手机格式', 'data': None, 'copyright': 'Copyright 柠檬班 © 2017-2020 湖南省零檬信息技术有限公司 All Rights Reserved'}
2020-07-08 21:35:46,145 py30 INFO test_register.py-60 line：用例的期望结果为：{"code":0,"msg":"OK"}
2020-07-08 21:35:46,146 py30 ERROR test_register.py-70 line：断言失败！
Traceback (most recent call last):
  File "D:\Pychram-Workspace\py30-接口自动化\day7\TestCases\test_register.py", line 62, in test_register_ok
    self.assertEqual(response.json()["code"],expected["code"])
  File "D:\python37\lib\unittest\case.py", line 839, in assertEqual
    assertion_func(first, second, msg=msg)
  File "D:\python37\lib\unittest\case.py", line 832, in _baseAssertEqual
    raise self.failureException(msg)
AssertionError: 2 != 0
2020-07-08 21:35:46,149 py30 INFO test_register.py-44 line：*********   执行用例2：成功-不带用户名   *********
2020-07-08 21:35:46,347 py30 INFO handle_requests.py-33 line：发起一次HTTP请求
2020-07-08 21:35:46,348 py30 INFO handle_requests.py-41 line：请求头为：{'X-Lemonban-Media-Type': 'lemonban.v2', 'Content-Type': 'application/json'}
2020-07-08 21:35:46,349 py30 INFO handle_requests.py-42 line：请求方法为：post
2020-07-08 21:35:46,349 py30 INFO handle_requests.py-43 line：请求url为：http://api.lemonban.com/futureloan/member/register
2020-07-08 21:35:46,350 py30 INFO handle_requests.py-44 line：请求数据为：{'mobile_phone': '13549350927', 'pwd': '123456789', 'type': 1}
2020-07-08 21:35:46,482 py30 INFO handle_requests.py-51 line：响应状态码为：200
2020-07-08 21:35:46,483 py30 INFO handle_requests.py-52 line：响应数据为：{'code': 0, 'msg': 'OK', 'data': {'id': 221866, 'reg_name': '小柠檬', 'mobile_phone': '13549350927'}, 'copyright': 'Copyright 柠檬班 © 2017-2020 湖南省零檬信息技术有限公司 All Rights Reserved'}
2020-07-08 21:35:46,483 py30 INFO test_register.py-60 line：用例的期望结果为：{"code":1,"msg":"手机号为空"}
2020-07-08 21:35:46,483 py30 ERROR test_register.py-70 line：断言失败！
Traceback (most recent call last):
  File "D:\Pychram-Workspace\py30-接口自动化\day7\TestCases\test_register.py", line 62, in test_register_ok
    self.assertEqual(response.json()["code"],expected["code"])
  File "D:\python37\lib\unittest\case.py", line 839, in assertEqual
    assertion_func(first, second, msg=msg)
  File "D:\python37\lib\unittest\case.py", line 832, in _baseAssertEqual
    raise self.failureException(msg)
AssertionError: 0 != 1
2020-07-08 21:35:46,484 py30 INFO test_register.py-44 line：*********   执行用例3：不输入手机号   *********
2020-07-08 21:35:46,485 py30 INFO handle_requests.py-33 line：发起一次HTTP请求
2020-07-08 21:35:46,485 py30 INFO handle_requests.py-41 line：请求头为：{'X-Lemonban-Media-Type': 'lemonban.v2', 'Content-Type': 'application/json'}
2020-07-08 21:35:46,485 py30 INFO handle_requests.py-42 line：请求方法为：post
2020-07-08 21:35:46,485 py30 INFO handle_requests.py-43 line：请求url为：http://api.lemonban.com/futureloan/member/register
2020-07-08 21:35:46,485 py30 INFO handle_requests.py-44 line：请求数据为：{'pwd': '12345678', 'type': 1}
2020-07-08 21:35:46,549 py30 INFO handle_requests.py-51 line：响应状态码为：200
2020-07-08 21:35:46,550 py30 INFO handle_requests.py-52 line：响应数据为：{'code': 1, 'msg': '手机号为空', 'data': None, 'copyright': 'Copyright 柠檬班 © 2017-2020 湖南省零檬信息技术有限公司 All Rights Reserved'}
2020-07-08 21:35:46,550 py30 INFO test_register.py-60 line：用例的期望结果为：{"code":1,"msg":"手机号为空"}
2020-07-08 21:35:46,551 py30 INFO test_register.py-44 line：*********   执行用例4：手机号长度10位   *********
2020-07-08 21:35:46,551 py30 INFO handle_requests.py-33 line：发起一次HTTP请求
2020-07-08 21:35:46,551 py30 INFO handle_requests.py-41 line：请求头为：{'X-Lemonban-Media-Type': 'lemonban.v2', 'Content-Type': 'application/json'}
2020-07-08 21:35:46,552 py30 INFO handle_requests.py-42 line：请求方法为：post
2020-07-08 21:35:46,552 py30 INFO handle_requests.py-43 line：请求url为：http://api.lemonban.com/futureloan/member/register
2020-07-08 21:35:46,552 py30 INFO handle_requests.py-44 line：请求数据为：{'mobile_phone': '1550000000', 'pwd': '12345678', 'type': 1}
2020-07-08 21:35:46,618 py30 INFO handle_requests.py-51 line：响应状态码为：200
2020-07-08 21:35:46,619 py30 INFO handle_requests.py-52 line：响应数据为：{'code': 2, 'msg': '无效的手机格式', 'data': None, 'copyright': 'Copyright 柠檬班 © 2017-2020 湖南省零檬信息技术有限公司 All Rights Reserved'}
2020-07-08 21:35:46,620 py30 INFO test_register.py-60 line：用例的期望结果为：{"code":2,"msg":"无效的手机格式"}
2020-07-08 21:35:46,620 py30 INFO test_register.py-44 line：*********   执行用例5：手机号长度12位   *********
2020-07-08 21:35:46,621 py30 INFO handle_requests.py-33 line：发起一次HTTP请求
2020-07-08 21:35:46,621 py30 INFO handle_requests.py-41 line：请求头为：{'X-Lemonban-Media-Type': 'lemonban.v2', 'Content-Type': 'application/json'}
2020-07-08 21:35:46,621 py30 INFO handle_requests.py-42 line：请求方法为：post
2020-07-08 21:35:46,621 py30 INFO handle_requests.py-43 line：请求url为：http://api.lemonban.com/futureloan/member/register
2020-07-08 21:35:46,621 py30 INFO handle_requests.py-44 line：请求数据为：{'mobile_phone': '155000000001', 'pwd': '12345678', 'type': 1}
2020-07-08 21:35:46,676 py30 INFO handle_requests.py-51 line：响应状态码为：200
2020-07-08 21:35:46,677 py30 INFO handle_requests.py-52 line：响应数据为：{'code': 2, 'msg': '无效的手机格式', 'data': None, 'copyright': 'Copyright 柠檬班 © 2017-2020 湖南省零檬信息技术有限公司 All Rights Reserved'}
2020-07-08 21:35:46,677 py30 INFO test_register.py-60 line：用例的期望结果为：{"code":2,"msg":"无效的手机格式"}
2020-07-08 21:35:46,678 py30 INFO test_register.py-44 line：*********   执行用例6：手机号含有非法字符   *********
2020-07-08 21:35:46,678 py30 INFO handle_requests.py-33 line：发起一次HTTP请求
2020-07-08 21:35:46,679 py30 INFO handle_requests.py-41 line：请求头为：{'X-Lemonban-Media-Type': 'lemonban.v2', 'Content-Type': 'application/json'}
2020-07-08 21:35:46,679 py30 INFO handle_requests.py-42 line：请求方法为：post
2020-07-08 21:35:46,679 py30 INFO handle_requests.py-43 line：请求url为：http://api.lemonban.com/futureloan/member/register
2020-07-08 21:35:46,679 py30 INFO handle_requests.py-44 line：请求数据为：{'mobile_phone': '1550000000q', 'pwd': '12345678', 'type': 1}
2020-07-08 21:35:46,746 py30 INFO handle_requests.py-51 line：响应状态码为：200
2020-07-08 21:35:46,747 py30 INFO handle_requests.py-52 line：响应数据为：{'code': 2, 'msg': '无效的手机格式', 'data': None, 'copyright': 'Copyright 柠檬班 © 2017-2020 湖南省零檬信息技术有限公司 All Rights Reserved'}
2020-07-08 21:35:46,748 py30 INFO test_register.py-60 line：用例的期望结果为：{"code":2,"msg":"无效的手机格式"}
2020-07-08 21:35:46,750 py30 INFO test_register.py-44 line：*********   执行用例7：已注册过的手机号   *********
2020-07-08 21:35:46,750 py30 INFO handle_requests.py-33 line：发起一次HTTP请求
2020-07-08 21:35:46,751 py30 INFO handle_requests.py-41 line：请求头为：{'X-Lemonban-Media-Type': 'lemonban.v2', 'Content-Type': 'application/json'}
2020-07-08 21:35:46,751 py30 INFO handle_requests.py-42 line：请求方法为：post
2020-07-08 21:35:46,751 py30 INFO handle_requests.py-43 line：请求url为：http://api.lemonban.com/futureloan/member/register
2020-07-08 21:35:46,752 py30 INFO handle_requests.py-44 line：请求数据为：{'mobile_phone': '15500000000', 'pwd': '12345678', 'type': 1}
2020-07-08 21:35:46,872 py30 INFO handle_requests.py-51 line：响应状态码为：200
2020-07-08 21:35:46,872 py30 INFO handle_requests.py-52 line：响应数据为：{'code': 2, 'msg': '账号已存在', 'data': None, 'copyright': 'Copyright 柠檬班 © 2017-2020 湖南省零檬信息技术有限公司 All Rights Reserved'}
2020-07-08 21:35:46,872 py30 INFO test_register.py-60 line：用例的期望结果为：{"code":2,"msg":"账号已存在"}
2020-07-08 21:35:46,873 py30 INFO test_register.py-44 line：*********   执行用例8：密码7位   *********
2020-07-08 21:35:46,873 py30 INFO handle_requests.py-33 line：发起一次HTTP请求
2020-07-08 21:35:46,874 py30 INFO handle_requests.py-41 line：请求头为：{'X-Lemonban-Media-Type': 'lemonban.v2', 'Content-Type': 'application/json'}
2020-07-08 21:35:46,874 py30 INFO handle_requests.py-42 line：请求方法为：post
2020-07-08 21:35:46,874 py30 INFO handle_requests.py-43 line：请求url为：http://api.lemonban.com/futureloan/member/register
2020-07-08 21:35:46,874 py30 INFO handle_requests.py-44 line：请求数据为：{'mobile_phone': '15500056781', 'pwd': '1234567', 'type': 1}
2020-07-08 21:35:46,936 py30 INFO handle_requests.py-51 line：响应状态码为：200
2020-07-08 21:35:46,937 py30 INFO handle_requests.py-52 line：响应数据为：{'code': 2, 'msg': '密码格式为8到16位', 'data': None, 'copyright': 'Copyright 柠檬班 © 2017-2020 湖南省零檬信息技术有限公司 All Rights Reserved'}
2020-07-08 21:35:46,937 py30 INFO test_register.py-60 line：用例的期望结果为：{"code":2,"msg":"密码格式为8到16位"}
2020-07-08 21:35:46,938 py30 INFO test_register.py-44 line：*********   执行用例9：密码17位   *********
2020-07-08 21:35:46,938 py30 INFO handle_requests.py-33 line：发起一次HTTP请求
2020-07-08 21:35:46,938 py30 INFO handle_requests.py-41 line：请求头为：{'X-Lemonban-Media-Type': 'lemonban.v2', 'Content-Type': 'application/json'}
2020-07-08 21:35:46,938 py30 INFO handle_requests.py-42 line：请求方法为：post
2020-07-08 21:35:46,938 py30 INFO handle_requests.py-43 line：请求url为：http://api.lemonban.com/futureloan/member/register
2020-07-08 21:35:46,939 py30 INFO handle_requests.py-44 line：请求数据为：{'mobile_phone': '15500000001', 'pwd': '12345678901234567', 'type': 1}
2020-07-08 21:35:46,999 py30 INFO handle_requests.py-51 line：响应状态码为：200
2020-07-08 21:35:47,000 py30 INFO handle_requests.py-52 line：响应数据为：{'code': 2, 'msg': '密码格式为8到16位', 'data': None, 'copyright': 'Copyright 柠檬班 © 2017-2020 湖南省零檬信息技术有限公司 All Rights Reserved'}
2020-07-08 21:35:47,000 py30 INFO test_register.py-60 line：用例的期望结果为：{"code":2,"msg":"密码格式为8到16位"}
2020-07-08 21:35:47,001 py30 INFO test_register.py-44 line：*********   执行用例10：不输入密码   *********
2020-07-08 21:35:47,002 py30 INFO handle_requests.py-33 line：发起一次HTTP请求
2020-07-08 21:35:47,002 py30 INFO handle_requests.py-41 line：请求头为：{'X-Lemonban-Media-Type': 'lemonban.v2', 'Content-Type': 'application/json'}
2020-07-08 21:35:47,003 py30 INFO handle_requests.py-42 line：请求方法为：post
2020-07-08 21:35:47,003 py30 INFO handle_requests.py-43 line：请求url为：http://api.lemonban.com/futureloan/member/register
2020-07-08 21:35:47,003 py30 INFO handle_requests.py-44 line：请求数据为：{'mobile_phone': '13300000001', 'type': 1}
2020-07-08 21:35:47,062 py30 INFO handle_requests.py-51 line：响应状态码为：200
2020-07-08 21:35:47,062 py30 INFO handle_requests.py-52 line：响应数据为：{'code': 1, 'msg': '密码为空', 'data': None, 'copyright': 'Copyright 柠檬班 © 2017-2020 湖南省零檬信息技术有限公司 All Rights Reserved'}
2020-07-08 21:35:47,062 py30 INFO test_register.py-60 line：用例的期望结果为：{"code":1,"msg":"密码为空"}
2020-07-08 21:35:47,062 py30 INFO test_register.py-44 line：*********   执行用例11：注册名11位   *********
2020-07-08 21:35:47,062 py30 INFO handle_requests.py-33 line：发起一次HTTP请求
2020-07-08 21:35:47,063 py30 INFO handle_requests.py-41 line：请求头为：{'X-Lemonban-Media-Type': 'lemonban.v2', 'Content-Type': 'application/json'}
2020-07-08 21:35:47,063 py30 INFO handle_requests.py-42 line：请求方法为：post
2020-07-08 21:35:47,063 py30 INFO handle_requests.py-43 line：请求url为：http://api.lemonban.com/futureloan/member/register
2020-07-08 21:35:47,063 py30 INFO handle_requests.py-44 line：请求数据为：{'mobile_phone': '13303007856', 'pwd': '12345678', 'type': 1, 'reg_name': '12345678909991'}
2020-07-08 21:35:47,121 py30 INFO handle_requests.py-51 line：响应状态码为：200
2020-07-08 21:35:47,121 py30 INFO handle_requests.py-52 line：响应数据为：{'code': 2, 'msg': '用户昵称长度超过10位', 'data': None, 'copyright': 'Copyright 柠檬班 © 2017-2020 湖南省零檬信息技术有限公司 All Rights Reserved'}
2020-07-08 21:35:47,122 py30 INFO test_register.py-60 line：用例的期望结果为：{"code":2,"msg":"用户昵称长度超过10位"}
2020-07-08 21:35:47,123 py30 INFO test_register.py-44 line：*********   执行用例12：类型输入非0，1内容   *********
2020-07-08 21:35:47,123 py30 INFO handle_requests.py-33 line：发起一次HTTP请求
2020-07-08 21:35:47,123 py30 INFO handle_requests.py-41 line：请求头为：{'X-Lemonban-Media-Type': 'lemonban.v2', 'Content-Type': 'application/json'}
2020-07-08 21:35:47,123 py30 INFO handle_requests.py-42 line：请求方法为：post
2020-07-08 21:35:47,123 py30 INFO handle_requests.py-43 line：请求url为：http://api.lemonban.com/futureloan/member/register
2020-07-08 21:35:47,123 py30 INFO handle_requests.py-44 line：请求数据为：{'mobile_phone': '13300003456', 'pwd': '12345678', 'type': 2}
2020-07-08 21:35:47,178 py30 INFO handle_requests.py-51 line：响应状态码为：200
2020-07-08 21:35:47,181 py30 INFO handle_requests.py-52 line：响应数据为：{'code': 2, 'msg': '不支持的用户类型', 'data': None, 'copyright': 'Copyright 柠檬班 © 2017-2020 湖南省零檬信息技术有限公司 All Rights Reserved'}
2020-07-08 21:35:47,181 py30 INFO test_register.py-60 line：用例的期望结果为：{"code":2,"msg":"不支持的用户类型"}
2020-07-08 21:35:47,183 py30 INFO test_register.py-44 line：*********   执行用例13：不输入类型   *********
2020-07-08 21:35:47,374 py30 INFO handle_requests.py-33 line：发起一次HTTP请求
2020-07-08 21:35:47,375 py30 INFO handle_requests.py-41 line：请求头为：{'X-Lemonban-Media-Type': 'lemonban.v2', 'Content-Type': 'application/json'}
2020-07-08 21:35:47,375 py30 INFO handle_requests.py-42 line：请求方法为：post
2020-07-08 21:35:47,375 py30 INFO handle_requests.py-43 line：请求url为：http://api.lemonban.com/futureloan/member/register
2020-07-08 21:35:47,375 py30 INFO handle_requests.py-44 line：请求数据为：{'mobile_phone': '13187039808', 'pwd': '12345678'}
2020-07-08 21:35:47,489 py30 INFO handle_requests.py-51 line：响应状态码为：200
2020-07-08 21:35:47,489 py30 INFO handle_requests.py-52 line：响应数据为：{'code': 0, 'msg': 'OK', 'data': {'id': 221867, 'reg_name': '小柠檬', 'mobile_phone': '13187039808'}, 'copyright': 'Copyright 柠檬班 © 2017-2020 湖南省零檬信息技术有限公司 All Rights Reserved'}
2020-07-08 21:35:47,490 py30 INFO test_register.py-60 line：用例的期望结果为：{"code":0,"msg":"OK"}
2020-07-08 21:35:47,586 py30 INFO test_register.py-38 line：======  注册模块用例 执行结束  ========
2020-07-15 22:01:39,978 py30 INFO handle_requests.py-33 line：发起一次HTTP请求
2020-07-15 22:01:39,982 py30 INFO handle_requests.py-41 line：请求头为：{'X-Lemonban-Media-Type': 'lemonban.v2', 'Content-Type': 'application/json'}
2020-07-15 22:01:39,983 py30 INFO handle_requests.py-42 line：请求方法为：POST
2020-07-15 22:01:39,983 py30 INFO handle_requests.py-43 line：请求url为：http://api.lemonban.com/futureloan/member/register
2020-07-15 22:01:39,984 py30 INFO handle_requests.py-44 line：请求数据为：{'mobile_phone': '18605671115', 'pwd': '123456789'}
2020-07-15 22:01:40,095 py30 INFO handle_requests.py-51 line：响应状态码为：200
2020-07-15 22:01:40,100 py30 INFO handle_requests.py-52 line：响应数据为：{'code': 2, 'msg': '账号已存在', 'data': None, 'copyright': 'Copyright 柠檬班 © 2017-2020 湖南省零檬信息技术有限公司 All Rights Reserved'}
2020-07-15 22:01:40,100 py30 INFO handle_requests.py-33 line：发起一次HTTP请求
2020-07-15 22:01:40,100 py30 INFO handle_requests.py-41 line：请求头为：{'X-Lemonban-Media-Type': 'lemonban.v2', 'Content-Type': 'application/json'}
2020-07-15 22:01:40,101 py30 INFO handle_requests.py-42 line：请求方法为：POST
2020-07-15 22:01:40,101 py30 INFO handle_requests.py-43 line：请求url为：http://api.lemonban.com/futureloan/member/login
2020-07-15 22:01:40,101 py30 INFO handle_requests.py-44 line：请求数据为：{'mobile_phone': '18605671115', 'pwd': '123456789'}
2020-07-15 22:01:40,209 py30 INFO handle_requests.py-51 line：响应状态码为：200
2020-07-15 22:01:40,209 py30 INFO handle_requests.py-52 line：响应数据为：{'code': 0, 'msg': 'OK', 'data': {'id': 200713, 'leave_amount': 10502401.28, 'mobile_phone': '18605671115', 'reg_name': '新昵称', 'reg_time': '2020-06-29 11:52:20.0', 'type': 1, 'token_info': {'token_type': 'Bearer', 'expires_in': '2020-07-15 22:06:39', 'token': 'eyJhbGciOiJIUzUxMiJ9.eyJtZW1iZXJfaWQiOjIwMDcxMywiZXhwIjoxNTk0ODIxOTk5fQ.G7uve97zGmJvAy31hIBFJugzXRnjJfifFrxHg7IWspNbNQCOJQkTDyJE4BcI4f5GOqOf3AitpF7PGoOOjCVR5g'}}, 'copyright': 'Copyright 柠檬班 © 2017-2020 湖南省零檬信息技术有限公司 All Rights Reserved'}
2020-07-15 22:01:40,467 py30 INFO handle_requests.py-33 line：发起一次HTTP请求
2020-07-15 22:01:40,470 py30 INFO handle_requests.py-41 line：请求头为：{'X-Lemonban-Media-Type': 'lemonban.v2', 'Content-Type': 'application/json', 'Authorization': 'Bearer eyJhbGciOiJIUzUxMiJ9.eyJtZW1iZXJfaWQiOjIwMDcxMywiZXhwIjoxNTk0ODIxOTk5fQ.G7uve97zGmJvAy31hIBFJugzXRnjJfifFrxHg7IWspNbNQCOJQkTDyJE4BcI4f5GOqOf3AitpF7PGoOOjCVR5g'}
2020-07-15 22:01:40,472 py30 INFO handle_requests.py-42 line：请求方法为：post
2020-07-15 22:01:40,472 py30 INFO handle_requests.py-43 line：请求url为：http://api.lemonban.com/futureloan/member/recharge
2020-07-15 22:01:40,473 py30 INFO handle_requests.py-44 line：请求数据为：{'amount': 600}
2020-07-15 22:01:40,534 py30 INFO handle_requests.py-51 line：响应状态码为：200
2020-07-15 22:01:40,535 py30 INFO handle_requests.py-52 line：响应数据为：{'code': 1, 'msg': '用户id为空', 'data': None, 'copyright': 'Copyright 柠檬班 © 2017-2020 湖南省零檬信息技术有限公司 All Rights Reserved'}
2020-07-15 22:01:40,547 py30 INFO handle_requests.py-33 line：发起一次HTTP请求
2020-07-15 22:01:40,548 py30 INFO handle_requests.py-41 line：请求头为：{'X-Lemonban-Media-Type': 'lemonban.v2', 'Content-Type': 'application/json', 'Authorization': 'Bearer eyJhbGciOiJIUzUxMiJ9.eyJtZW1iZXJfaWQiOjIwMDcxMywiZXhwIjoxNTk0ODIxOTk5fQ.G7uve97zGmJvAy31hIBFJugzXRnjJfifFrxHg7IWspNbNQCOJQkTDyJE4BcI4f5GOqOf3AitpF7PGoOOjCVR5g'}
2020-07-15 22:01:40,548 py30 INFO handle_requests.py-42 line：请求方法为：post
2020-07-15 22:01:40,548 py30 INFO handle_requests.py-43 line：请求url为：http://api.lemonban.com/futureloan/member/recharge
2020-07-15 22:01:40,549 py30 INFO handle_requests.py-44 line：请求数据为：{'member_id': 98989898, 'amount': 600}
2020-07-15 22:01:40,591 py30 INFO handle_requests.py-51 line：响应状态码为：200
2020-07-15 22:01:40,592 py30 INFO handle_requests.py-52 line：响应数据为：{'code': 1007, 'msg': '无权限访问，请检查参数', 'data': None, 'copyright': 'Copyright 柠檬班 © 2017-2020 湖南省零檬信息技术有限公司 All Rights Reserved'}
2020-07-15 22:01:40,646 py30 INFO handle_requests.py-33 line：发起一次HTTP请求
2020-07-15 22:01:40,646 py30 INFO handle_requests.py-41 line：请求头为：{'X-Lemonban-Media-Type': 'lemonban.v2', 'Content-Type': 'application/json', 'Authorization': 'Bearer eyJhbGciOiJIUzUxMiJ9.eyJtZW1iZXJfaWQiOjIwMDcxMywiZXhwIjoxNTk0ODIxOTk5fQ.G7uve97zGmJvAy31hIBFJugzXRnjJfifFrxHg7IWspNbNQCOJQkTDyJE4BcI4f5GOqOf3AitpF7PGoOOjCVR5g'}
2020-07-15 22:01:40,647 py30 INFO handle_requests.py-42 line：请求方法为：post
2020-07-15 22:01:40,647 py30 INFO handle_requests.py-43 line：请求url为：http://api.lemonban.com/futureloan/member/recharge
2020-07-15 22:01:40,647 py30 INFO handle_requests.py-44 line：请求数据为：{'member_id': 15.0, 'amount': 600}
2020-07-15 22:01:40,714 py30 INFO handle_requests.py-51 line：响应状态码为：200
2020-07-15 22:01:40,716 py30 INFO handle_requests.py-52 line：响应数据为：{'code': 2, 'msg': '数字格式化异常', 'data': None, 'copyright': 'Copyright 柠檬班 © 2017-2020 湖南省零檬信息技术有限公司 All Rights Reserved'}
2020-07-15 22:02:46,592 py30 INFO handle_requests.py-33 line：发起一次HTTP请求
2020-07-15 22:02:46,592 py30 INFO handle_requests.py-41 line：请求头为：{'X-Lemonban-Media-Type': 'lemonban.v2', 'Content-Type': 'application/json'}
2020-07-15 22:02:46,592 py30 INFO handle_requests.py-42 line：请求方法为：POST
2020-07-15 22:02:46,592 py30 INFO handle_requests.py-43 line：请求url为：http://api.lemonban.com/futureloan/member/register
2020-07-15 22:02:46,592 py30 INFO handle_requests.py-44 line：请求数据为：{'mobile_phone': '18605671115', 'pwd': '123456789'}
2020-07-15 22:02:46,699 py30 INFO handle_requests.py-51 line：响应状态码为：200
2020-07-15 22:02:46,705 py30 INFO handle_requests.py-52 line：响应数据为：{'code': 2, 'msg': '账号已存在', 'data': None, 'copyright': 'Copyright 柠檬班 © 2017-2020 湖南省零檬信息技术有限公司 All Rights Reserved'}
2020-07-15 22:02:46,706 py30 INFO handle_requests.py-33 line：发起一次HTTP请求
2020-07-15 22:02:46,707 py30 INFO handle_requests.py-41 line：请求头为：{'X-Lemonban-Media-Type': 'lemonban.v2', 'Content-Type': 'application/json'}
2020-07-15 22:02:46,707 py30 INFO handle_requests.py-42 line：请求方法为：POST
2020-07-15 22:02:46,708 py30 INFO handle_requests.py-43 line：请求url为：http://api.lemonban.com/futureloan/member/login
2020-07-15 22:02:46,708 py30 INFO handle_requests.py-44 line：请求数据为：{'mobile_phone': '18605671115', 'pwd': '123456789'}
2020-07-15 22:02:46,826 py30 INFO handle_requests.py-51 line：响应状态码为：200
2020-07-15 22:02:46,828 py30 INFO handle_requests.py-52 line：响应数据为：{'code': 0, 'msg': 'OK', 'data': {'id': 200713, 'leave_amount': 10502401.28, 'mobile_phone': '18605671115', 'reg_name': '新昵称', 'reg_time': '2020-06-29 11:52:20.0', 'type': 1, 'token_info': {'token_type': 'Bearer', 'expires_in': '2020-07-15 22:07:46', 'token': 'eyJhbGciOiJIUzUxMiJ9.eyJtZW1iZXJfaWQiOjIwMDcxMywiZXhwIjoxNTk0ODIyMDY2fQ.XE_NbSW9QmzNJFxFv1DvhYYRP5HtO4g3iS8CiaA5_iaWqNXoz1iNEBIvWp6R8a8mWbwyhh2gJXxghlfeV1ZaxA'}}, 'copyright': 'Copyright 柠檬班 © 2017-2020 湖南省零檬信息技术有限公司 All Rights Reserved'}
2020-07-15 22:02:47,095 py30 INFO handle_requests.py-33 line：发起一次HTTP请求
2020-07-15 22:02:47,097 py30 INFO handle_requests.py-41 line：请求头为：{'X-Lemonban-Media-Type': 'lemonban.v2', 'Content-Type': 'application/json', 'Authorization': 'Bearer eyJhbGciOiJIUzUxMiJ9.eyJtZW1iZXJfaWQiOjIwMDcxMywiZXhwIjoxNTk0ODIyMDY2fQ.XE_NbSW9QmzNJFxFv1DvhYYRP5HtO4g3iS8CiaA5_iaWqNXoz1iNEBIvWp6R8a8mWbwyhh2gJXxghlfeV1ZaxA'}
2020-07-15 22:02:47,097 py30 INFO handle_requests.py-42 line：请求方法为：post
2020-07-15 22:02:47,098 py30 INFO handle_requests.py-43 line：请求url为：http://api.lemonban.com/futureloan/member/recharge
2020-07-15 22:02:47,098 py30 INFO handle_requests.py-44 line：请求数据为：{'amount': 600}
2020-07-15 22:02:47,171 py30 INFO handle_requests.py-51 line：响应状态码为：200
2020-07-15 22:02:47,172 py30 INFO handle_requests.py-52 line：响应数据为：{'code': 1, 'msg': '用户id为空', 'data': None, 'copyright': 'Copyright 柠檬班 © 2017-2020 湖南省零檬信息技术有限公司 All Rights Reserved'}
2020-07-15 22:02:47,178 py30 INFO handle_requests.py-33 line：发起一次HTTP请求
2020-07-15 22:02:47,179 py30 INFO handle_requests.py-41 line：请求头为：{'X-Lemonban-Media-Type': 'lemonban.v2', 'Content-Type': 'application/json', 'Authorization': 'Bearer eyJhbGciOiJIUzUxMiJ9.eyJtZW1iZXJfaWQiOjIwMDcxMywiZXhwIjoxNTk0ODIyMDY2fQ.XE_NbSW9QmzNJFxFv1DvhYYRP5HtO4g3iS8CiaA5_iaWqNXoz1iNEBIvWp6R8a8mWbwyhh2gJXxghlfeV1ZaxA'}
2020-07-15 22:02:47,179 py30 INFO handle_requests.py-42 line：请求方法为：post
2020-07-15 22:02:47,179 py30 INFO handle_requests.py-43 line：请求url为：http://api.lemonban.com/futureloan/member/recharge
2020-07-15 22:02:47,179 py30 INFO handle_requests.py-44 line：请求数据为：{'member_id': 98989898, 'amount': 600}
2020-07-15 22:02:47,223 py30 INFO handle_requests.py-51 line：响应状态码为：200
2020-07-15 22:02:47,223 py30 INFO handle_requests.py-52 line：响应数据为：{'code': 1007, 'msg': '无权限访问，请检查参数', 'data': None, 'copyright': 'Copyright 柠檬班 © 2017-2020 湖南省零檬信息技术有限公司 All Rights Reserved'}
2020-07-15 22:02:47,235 py30 INFO handle_requests.py-33 line：发起一次HTTP请求
2020-07-15 22:02:47,235 py30 INFO handle_requests.py-41 line：请求头为：{'X-Lemonban-Media-Type': 'lemonban.v2', 'Content-Type': 'application/json', 'Authorization': 'Bearer eyJhbGciOiJIUzUxMiJ9.eyJtZW1iZXJfaWQiOjIwMDcxMywiZXhwIjoxNTk0ODIyMDY2fQ.XE_NbSW9QmzNJFxFv1DvhYYRP5HtO4g3iS8CiaA5_iaWqNXoz1iNEBIvWp6R8a8mWbwyhh2gJXxghlfeV1ZaxA'}
2020-07-15 22:02:47,236 py30 INFO handle_requests.py-42 line：请求方法为：post
2020-07-15 22:02:47,236 py30 INFO handle_requests.py-43 line：请求url为：http://api.lemonban.com/futureloan/member/recharge
2020-07-15 22:02:47,236 py30 INFO handle_requests.py-44 line：请求数据为：{'member_id': '200713', 'amount': 600}
2020-07-15 22:02:47,292 py30 INFO handle_requests.py-51 line：响应状态码为：200
2020-07-15 22:02:47,292 py30 INFO handle_requests.py-52 line：响应数据为：{'code': 0, 'msg': 'OK', 'data': {'id': 200713, 'leave_amount': 10503001.28, 'mobile_phone': '18605671115', 'reg_name': '新昵称', 'reg_time': '2020-06-29 11:52:20.0', 'type': 1}, 'copyright': 'Copyright 柠檬班 © 2017-2020 湖南省零檬信息技术有限公司 All Rights Reserved'}
2020-07-15 22:02:47,292 py30 ERROR test_recharge.py-99 line：断言失败！
Traceback (most recent call last):
  File "C:\Program Files\JetBrains\PyCharm Community Edition 2020.1\plugins\python-ce\helpers\pycharm\teamcity\diff_tools.py", line 32, in _patched_equals
    old(self, first, second, msg)
  File "D:\python37\lib\unittest\case.py", line 839, in assertEqual
    assertion_func(first, second, msg=msg)
  File "D:\python37\lib\unittest\case.py", line 832, in _baseAssertEqual
    raise self.failureException(msg)
AssertionError: 0 != 2

During handling of the above exception, another exception occurred:

Traceback (most recent call last):
  File "D:\Pychram-Workspace\py30-接口自动化\day8\TestCases\test_recharge.py", line 89, in test_recharge
    self.assertEqual(response.json()["code"], expected["code"])
  File "C:\Program Files\JetBrains\PyCharm Community Edition 2020.1\plugins\python-ce\helpers\pycharm\teamcity\diff_tools.py", line 38, in _patched_equals
    raise error
teamcity.diff_tools.EqualsAssertionError:  :: 0 != 2
2020-07-15 22:02:47,328 py30 INFO handle_requests.py-33 line：发起一次HTTP请求
2020-07-15 22:02:47,329 py30 INFO handle_requests.py-41 line：请求头为：{'X-Lemonban-Media-Type': 'lemonban.v2', 'Content-Type': 'application/json', 'Authorization': 'Bearer eyJhbGciOiJIUzUxMiJ9.eyJtZW1iZXJfaWQiOjIwMDcxMywiZXhwIjoxNTk0ODIyMDY2fQ.XE_NbSW9QmzNJFxFv1DvhYYRP5HtO4g3iS8CiaA5_iaWqNXoz1iNEBIvWp6R8a8mWbwyhh2gJXxghlfeV1ZaxA'}
2020-07-15 22:02:47,329 py30 INFO handle_requests.py-42 line：请求方法为：post
2020-07-15 22:02:47,329 py30 INFO handle_requests.py-43 line：请求url为：http://api.lemonban.com/futureloan/member/recharge
2020-07-15 22:02:47,329 py30 INFO handle_requests.py-44 line：请求数据为：{'member_id': 15.0, 'amount': 600}
2020-07-15 22:02:47,398 py30 INFO handle_requests.py-51 line：响应状态码为：200
2020-07-15 22:02:47,398 py30 INFO handle_requests.py-52 line：响应数据为：{'code': 2, 'msg': '数字格式化异常', 'data': None, 'copyright': 'Copyright 柠檬班 © 2017-2020 湖南省零檬信息技术有限公司 All Rights Reserved'}
2020-07-15 22:02:47,413 py30 INFO handle_requests.py-33 line：发起一次HTTP请求
2020-07-15 22:02:47,414 py30 INFO handle_requests.py-41 line：请求头为：{'X-Lemonban-Media-Type': 'lemonban.v2', 'Content-Type': 'application/json', 'Authorization': 'Bearer eyJhbGciOiJIUzUxMiJ9.eyJtZW1iZXJfaWQiOjIwMDcxMywiZXhwIjoxNTk0ODIyMDY2fQ.XE_NbSW9QmzNJFxFv1DvhYYRP5HtO4g3iS8CiaA5_iaWqNXoz1iNEBIvWp6R8a8mWbwyhh2gJXxghlfeV1ZaxA'}
2020-07-15 22:02:47,414 py30 INFO handle_requests.py-42 line：请求方法为：post
2020-07-15 22:02:47,414 py30 INFO handle_requests.py-43 line：请求url为：http://api.lemonban.com/futureloan/member/recharge
2020-07-15 22:02:47,414 py30 INFO handle_requests.py-44 line：请求数据为：{'member_id': 200713, 'amount': 0}
2020-07-15 22:02:47,475 py30 INFO handle_requests.py-51 line：响应状态码为：200
2020-07-15 22:02:47,475 py30 INFO handle_requests.py-52 line：响应数据为：{'code': 0, 'msg': 'OK', 'data': {'id': 200713, 'leave_amount': 10503001.28, 'mobile_phone': '18605671115', 'reg_name': '新昵称', 'reg_time': '2020-06-29 11:52:20.0', 'type': 1}, 'copyright': 'Copyright 柠檬班 © 2017-2020 湖南省零檬信息技术有限公司 All Rights Reserved'}
2020-07-15 22:02:47,475 py30 ERROR test_recharge.py-99 line：断言失败！
Traceback (most recent call last):
  File "C:\Program Files\JetBrains\PyCharm Community Edition 2020.1\plugins\python-ce\helpers\pycharm\teamcity\diff_tools.py", line 32, in _patched_equals
    old(self, first, second, msg)
  File "D:\python37\lib\unittest\case.py", line 839, in assertEqual
    assertion_func(first, second, msg=msg)
  File "D:\python37\lib\unittest\case.py", line 832, in _baseAssertEqual
    raise self.failureException(msg)
AssertionError: 0 != 2

During handling of the above exception, another exception occurred:

Traceback (most recent call last):
  File "D:\Pychram-Workspace\py30-接口自动化\day8\TestCases\test_recharge.py", line 89, in test_recharge
    self.assertEqual(response.json()["code"], expected["code"])
  File "C:\Program Files\JetBrains\PyCharm Community Edition 2020.1\plugins\python-ce\helpers\pycharm\teamcity\diff_tools.py", line 38, in _patched_equals
    raise error
teamcity.diff_tools.EqualsAssertionError:  :: 0 != 2
2020-07-15 22:02:47,514 py30 INFO handle_requests.py-33 line：发起一次HTTP请求
2020-07-15 22:02:47,515 py30 INFO handle_requests.py-41 line：请求头为：{'X-Lemonban-Media-Type': 'lemonban.v2', 'Content-Type': 'application/json', 'Authorization': 'Bearer eyJhbGciOiJIUzUxMiJ9.eyJtZW1iZXJfaWQiOjIwMDcxMywiZXhwIjoxNTk0ODIyMDY2fQ.XE_NbSW9QmzNJFxFv1DvhYYRP5HtO4g3iS8CiaA5_iaWqNXoz1iNEBIvWp6R8a8mWbwyhh2gJXxghlfeV1ZaxA'}
2020-07-15 22:02:47,515 py30 INFO handle_requests.py-42 line：请求方法为：post
2020-07-15 22:02:47,515 py30 INFO handle_requests.py-43 line：请求url为：http://api.lemonban.com/futureloan/member/recharge
2020-07-15 22:02:47,515 py30 INFO handle_requests.py-44 line：请求数据为：{'member_id': 200713, 'amount': -600}
2020-07-15 22:02:47,579 py30 INFO handle_requests.py-51 line：响应状态码为：200
2020-07-15 22:02:47,581 py30 INFO handle_requests.py-52 line：响应数据为：{'code': 2, 'msg': '余额必须大于0并且小于或者等于500000', 'data': None, 'copyright': 'Copyright 柠檬班 © 2017-2020 湖南省零檬信息技术有限公司 All Rights Reserved'}
2020-07-15 22:02:47,582 py30 ERROR test_recharge.py-99 line：断言失败！
Traceback (most recent call last):
  File "C:\Program Files\JetBrains\PyCharm Community Edition 2020.1\plugins\python-ce\helpers\pycharm\teamcity\diff_tools.py", line 32, in _patched_equals
    old(self, first, second, msg)
  File "D:\python37\lib\unittest\case.py", line 839, in assertEqual
    assertion_func(first, second, msg=msg)
  File "D:\python37\lib\unittest\case.py", line 1220, in assertMultiLineEqual
    self.fail(self._formatMessage(msg, standardMsg))
  File "D:\python37\lib\unittest\case.py", line 680, in fail
    raise self.failureException(msg)
AssertionError: '余额必须大于0并且小于或者等于500000' != '金额必须大于0并且小于或者等于500000'
- 余额必须大于0并且小于或者等于500000
? ^
+ 金额必须大于0并且小于或者等于500000
? ^


During handling of the above exception, another exception occurred:

Traceback (most recent call last):
  File "D:\Pychram-Workspace\py30-接口自动化\day8\TestCases\test_recharge.py", line 90, in test_recharge
    self.assertEqual(response.json()["msg"], expected["msg"])
  File "C:\Program Files\JetBrains\PyCharm Community Edition 2020.1\plugins\python-ce\helpers\pycharm\teamcity\diff_tools.py", line 38, in _patched_equals
    raise error
teamcity.diff_tools.EqualsAssertionError:  :: 余额必须大于0并且小于或者等于500000 != 金额必须大于0并且小于或者等于500000
2020-07-15 22:02:47,610 py30 INFO handle_requests.py-33 line：发起一次HTTP请求
2020-07-15 22:02:47,610 py30 INFO handle_requests.py-41 line：请求头为：{'X-Lemonban-Media-Type': 'lemonban.v2', 'Content-Type': 'application/json', 'Authorization': 'Bearer eyJhbGciOiJIUzUxMiJ9.eyJtZW1iZXJfaWQiOjIwMDcxMywiZXhwIjoxNTk0ODIyMDY2fQ.XE_NbSW9QmzNJFxFv1DvhYYRP5HtO4g3iS8CiaA5_iaWqNXoz1iNEBIvWp6R8a8mWbwyhh2gJXxghlfeV1ZaxA'}
2020-07-15 22:02:47,610 py30 INFO handle_requests.py-42 line：请求方法为：post
2020-07-15 22:02:47,610 py30 INFO handle_requests.py-43 line：请求url为：http://api.lemonban.com/futureloan/member/recharge
2020-07-15 22:02:47,610 py30 INFO handle_requests.py-44 line：请求数据为：{'member_id': 200713}
2020-07-15 22:02:47,652 py30 INFO handle_requests.py-51 line：响应状态码为：200
2020-07-15 22:02:47,653 py30 INFO handle_requests.py-52 line：响应数据为：{'code': 2, 'msg': '余额必须为数值型', 'data': None, 'copyright': 'Copyright 柠檬班 © 2017-2020 湖南省零檬信息技术有限公司 All Rights Reserved'}
2020-07-15 22:02:47,653 py30 ERROR test_recharge.py-99 line：断言失败！
Traceback (most recent call last):
  File "C:\Program Files\JetBrains\PyCharm Community Edition 2020.1\plugins\python-ce\helpers\pycharm\teamcity\diff_tools.py", line 32, in _patched_equals
    old(self, first, second, msg)
  File "D:\python37\lib\unittest\case.py", line 839, in assertEqual
    assertion_func(first, second, msg=msg)
  File "D:\python37\lib\unittest\case.py", line 832, in _baseAssertEqual
    raise self.failureException(msg)
AssertionError: 2 != 1

During handling of the above exception, another exception occurred:

Traceback (most recent call last):
  File "D:\Pychram-Workspace\py30-接口自动化\day8\TestCases\test_recharge.py", line 89, in test_recharge
    self.assertEqual(response.json()["code"], expected["code"])
  File "C:\Program Files\JetBrains\PyCharm Community Edition 2020.1\plugins\python-ce\helpers\pycharm\teamcity\diff_tools.py", line 38, in _patched_equals
    raise error
teamcity.diff_tools.EqualsAssertionError:  :: 2 != 1
2020-07-15 22:02:47,687 py30 INFO handle_requests.py-33 line：发起一次HTTP请求
2020-07-15 22:02:47,687 py30 INFO handle_requests.py-41 line：请求头为：{'X-Lemonban-Media-Type': 'lemonban.v2', 'Content-Type': 'application/json', 'Authorization': 'Bearer eyJhbGciOiJIUzUxMiJ9.eyJtZW1iZXJfaWQiOjIwMDcxMywiZXhwIjoxNTk0ODIyMDY2fQ.XE_NbSW9QmzNJFxFv1DvhYYRP5HtO4g3iS8CiaA5_iaWqNXoz1iNEBIvWp6R8a8mWbwyhh2gJXxghlfeV1ZaxA'}
2020-07-15 22:02:47,687 py30 INFO handle_requests.py-42 line：请求方法为：post
2020-07-15 22:02:47,688 py30 INFO handle_requests.py-43 line：请求url为：http://api.lemonban.com/futureloan/member/recharge
2020-07-15 22:02:47,688 py30 INFO handle_requests.py-44 line：请求数据为：{'member_id': 200713, 'amount': 600.222}
2020-07-15 22:02:47,732 py30 INFO handle_requests.py-51 line：响应状态码为：200
2020-07-15 22:02:47,732 py30 INFO handle_requests.py-52 line：响应数据为：{'code': 2, 'msg': '余额小数超过两位', 'data': None, 'copyright': 'Copyright 柠檬班 © 2017-2020 湖南省零檬信息技术有限公司 All Rights Reserved'}
2020-07-15 22:02:47,733 py30 ERROR test_recharge.py-99 line：断言失败！
Traceback (most recent call last):
  File "C:\Program Files\JetBrains\PyCharm Community Edition 2020.1\plugins\python-ce\helpers\pycharm\teamcity\diff_tools.py", line 32, in _patched_equals
    old(self, first, second, msg)
  File "D:\python37\lib\unittest\case.py", line 839, in assertEqual
    assertion_func(first, second, msg=msg)
  File "D:\python37\lib\unittest\case.py", line 1220, in assertMultiLineEqual
    self.fail(self._formatMessage(msg, standardMsg))
  File "D:\python37\lib\unittest\case.py", line 680, in fail
    raise self.failureException(msg)
AssertionError: '余额小数超过两位' != '金额小数超过两位'
- 余额小数超过两位
? ^
+ 金额小数超过两位
? ^


During handling of the above exception, another exception occurred:

Traceback (most recent call last):
  File "D:\Pychram-Workspace\py30-接口自动化\day8\TestCases\test_recharge.py", line 90, in test_recharge
    self.assertEqual(response.json()["msg"], expected["msg"])
  File "C:\Program Files\JetBrains\PyCharm Community Edition 2020.1\plugins\python-ce\helpers\pycharm\teamcity\diff_tools.py", line 38, in _patched_equals
    raise error
teamcity.diff_tools.EqualsAssertionError:  :: 余额小数超过两位 != 金额小数超过两位
2020-07-15 22:02:47,769 py30 INFO handle_requests.py-33 line：发起一次HTTP请求
2020-07-15 22:02:47,770 py30 INFO handle_requests.py-41 line：请求头为：{'X-Lemonban-Media-Type': 'lemonban.v2', 'Content-Type': 'application/json', 'Authorization': 'Bearer eyJhbGciOiJIUzUxMiJ9.eyJtZW1iZXJfaWQiOjIwMDcxMywiZXhwIjoxNTk0ODIyMDY2fQ.XE_NbSW9QmzNJFxFv1DvhYYRP5HtO4g3iS8CiaA5_iaWqNXoz1iNEBIvWp6R8a8mWbwyhh2gJXxghlfeV1ZaxA'}
2020-07-15 22:02:47,770 py30 INFO handle_requests.py-42 line：请求方法为：post
2020-07-15 22:02:47,770 py30 INFO handle_requests.py-43 line：请求url为：http://api.lemonban.com/futureloan/member/recharge
2020-07-15 22:02:47,770 py30 INFO handle_requests.py-44 line：请求数据为：{'member_id': 200713, 'amount': 500001}
2020-07-15 22:02:47,812 py30 INFO handle_requests.py-51 line：响应状态码为：200
2020-07-15 22:02:47,812 py30 INFO handle_requests.py-52 line：响应数据为：{'code': 2, 'msg': '余额必须大于0并且小于或者等于500000', 'data': None, 'copyright': 'Copyright 柠檬班 © 2017-2020 湖南省零檬信息技术有限公司 All Rights Reserved'}
2020-07-15 22:02:47,813 py30 ERROR test_recharge.py-99 line：断言失败！
Traceback (most recent call last):
  File "C:\Program Files\JetBrains\PyCharm Community Edition 2020.1\plugins\python-ce\helpers\pycharm\teamcity\diff_tools.py", line 32, in _patched_equals
    old(self, first, second, msg)
  File "D:\python37\lib\unittest\case.py", line 839, in assertEqual
    assertion_func(first, second, msg=msg)
  File "D:\python37\lib\unittest\case.py", line 1220, in assertMultiLineEqual
    self.fail(self._formatMessage(msg, standardMsg))
  File "D:\python37\lib\unittest\case.py", line 680, in fail
    raise self.failureException(msg)
AssertionError: '余额必须大于0并且小于或者等于500000' != '金额必须大于0并且小于或者等于500000'
- 余额必须大于0并且小于或者等于500000
? ^
+ 金额必须大于0并且小于或者等于500000
? ^


During handling of the above exception, another exception occurred:

Traceback (most recent call last):
  File "D:\Pychram-Workspace\py30-接口自动化\day8\TestCases\test_recharge.py", line 90, in test_recharge
    self.assertEqual(response.json()["msg"], expected["msg"])
  File "C:\Program Files\JetBrains\PyCharm Community Edition 2020.1\plugins\python-ce\helpers\pycharm\teamcity\diff_tools.py", line 38, in _patched_equals
    raise error
teamcity.diff_tools.EqualsAssertionError:  :: 余额必须大于0并且小于或者等于500000 != 金额必须大于0并且小于或者等于500000
2020-07-15 22:02:47,845 py30 INFO handle_requests.py-33 line：发起一次HTTP请求
2020-07-15 22:02:47,845 py30 INFO handle_requests.py-41 line：请求头为：{'X-Lemonban-Media-Type': 'lemonban.v2', 'Content-Type': 'application/json', 'Authorization': 'Bearer eyJhbGciOiJIUzUxMiJ9.eyJtZW1iZXJfaWQiOjIwMDcxMywiZXhwIjoxNTk0ODIyMDY2fQ.XE_NbSW9QmzNJFxFv1DvhYYRP5HtO4g3iS8CiaA5_iaWqNXoz1iNEBIvWp6R8a8mWbwyhh2gJXxghlfeV1ZaxA'}
2020-07-15 22:02:47,845 py30 INFO handle_requests.py-42 line：请求方法为：post
2020-07-15 22:02:47,845 py30 INFO handle_requests.py-43 line：请求url为：http://api.lemonban.com/futureloan/member/recharge
2020-07-15 22:02:47,845 py30 INFO handle_requests.py-44 line：请求数据为：{'member_id': 200713, 'amount': '5万'}
2020-07-15 22:02:47,903 py30 INFO handle_requests.py-51 line：响应状态码为：200
2020-07-15 22:02:47,904 py30 INFO handle_requests.py-52 line：响应数据为：{'code': 2, 'msg': '数字格式化异常', 'data': None, 'copyright': 'Copyright 柠檬班 © 2017-2020 湖南省零檬信息技术有限公司 All Rights Reserved'}
2020-07-15 22:03:58,732 py30 INFO handle_requests.py-33 line：发起一次HTTP请求
2020-07-15 22:03:58,732 py30 INFO handle_requests.py-41 line：请求头为：{'X-Lemonban-Media-Type': 'lemonban.v2', 'Content-Type': 'application/json'}
2020-07-15 22:03:58,733 py30 INFO handle_requests.py-42 line：请求方法为：POST
2020-07-15 22:03:58,733 py30 INFO handle_requests.py-43 line：请求url为：http://api.lemonban.com/futureloan/member/register
2020-07-15 22:03:58,734 py30 INFO handle_requests.py-44 line：请求数据为：{'mobile_phone': '18605671115', 'pwd': '123456789'}
2020-07-15 22:03:58,849 py30 INFO handle_requests.py-51 line：响应状态码为：200
2020-07-15 22:03:58,855 py30 INFO handle_requests.py-52 line：响应数据为：{'code': 2, 'msg': '账号已存在', 'data': None, 'copyright': 'Copyright 柠檬班 © 2017-2020 湖南省零檬信息技术有限公司 All Rights Reserved'}
2020-07-15 22:03:58,858 py30 INFO handle_requests.py-33 line：发起一次HTTP请求
2020-07-15 22:03:58,858 py30 INFO handle_requests.py-41 line：请求头为：{'X-Lemonban-Media-Type': 'lemonban.v2', 'Content-Type': 'application/json'}
2020-07-15 22:03:58,859 py30 INFO handle_requests.py-42 line：请求方法为：POST
2020-07-15 22:03:58,859 py30 INFO handle_requests.py-43 line：请求url为：http://api.lemonban.com/futureloan/member/login
2020-07-15 22:03:58,860 py30 INFO handle_requests.py-44 line：请求数据为：{'mobile_phone': '18605671115', 'pwd': '123456789'}
2020-07-15 22:03:58,987 py30 INFO handle_requests.py-51 line：响应状态码为：200
2020-07-15 22:03:58,987 py30 INFO handle_requests.py-52 line：响应数据为：{'code': 0, 'msg': 'OK', 'data': {'id': 200713, 'leave_amount': 10503001.28, 'mobile_phone': '18605671115', 'reg_name': '新昵称', 'reg_time': '2020-06-29 11:52:20.0', 'type': 1, 'token_info': {'token_type': 'Bearer', 'expires_in': '2020-07-15 22:08:58', 'token': 'eyJhbGciOiJIUzUxMiJ9.eyJtZW1iZXJfaWQiOjIwMDcxMywiZXhwIjoxNTk0ODIyMTM4fQ.WqZwW__EvS3Oam1vVsA-Wmt-MwlibcOrQf1B5KGeeyZbjHpn0WcMWThsu9PzRRq_MTH7gZ8npC9aXOGk0NN3Mw'}}, 'copyright': 'Copyright 柠檬班 © 2017-2020 湖南省零檬信息技术有限公司 All Rights Reserved'}
2020-07-15 22:03:59,235 py30 INFO handle_requests.py-33 line：发起一次HTTP请求
2020-07-15 22:03:59,237 py30 INFO handle_requests.py-41 line：请求头为：{'X-Lemonban-Media-Type': 'lemonban.v2', 'Content-Type': 'application/json', 'Authorization': 'Bearer eyJhbGciOiJIUzUxMiJ9.eyJtZW1iZXJfaWQiOjIwMDcxMywiZXhwIjoxNTk0ODIyMTM4fQ.WqZwW__EvS3Oam1vVsA-Wmt-MwlibcOrQf1B5KGeeyZbjHpn0WcMWThsu9PzRRq_MTH7gZ8npC9aXOGk0NN3Mw'}
2020-07-15 22:03:59,238 py30 INFO handle_requests.py-42 line：请求方法为：post
2020-07-15 22:03:59,239 py30 INFO handle_requests.py-43 line：请求url为：http://api.lemonban.com/futureloan/member/recharge
2020-07-15 22:03:59,239 py30 INFO handle_requests.py-44 line：请求数据为：{'amount': 600}
2020-07-15 22:03:59,289 py30 INFO handle_requests.py-51 line：响应状态码为：200
2020-07-15 22:03:59,289 py30 INFO handle_requests.py-52 line：响应数据为：{'code': 1, 'msg': '用户id为空', 'data': None, 'copyright': 'Copyright 柠檬班 © 2017-2020 湖南省零檬信息技术有限公司 All Rights Reserved'}
2020-07-15 22:03:59,296 py30 INFO handle_requests.py-33 line：发起一次HTTP请求
2020-07-15 22:03:59,297 py30 INFO handle_requests.py-41 line：请求头为：{'X-Lemonban-Media-Type': 'lemonban.v2', 'Content-Type': 'application/json', 'Authorization': 'Bearer eyJhbGciOiJIUzUxMiJ9.eyJtZW1iZXJfaWQiOjIwMDcxMywiZXhwIjoxNTk0ODIyMTM4fQ.WqZwW__EvS3Oam1vVsA-Wmt-MwlibcOrQf1B5KGeeyZbjHpn0WcMWThsu9PzRRq_MTH7gZ8npC9aXOGk0NN3Mw'}
2020-07-15 22:03:59,298 py30 INFO handle_requests.py-42 line：请求方法为：post
2020-07-15 22:03:59,298 py30 INFO handle_requests.py-43 line：请求url为：http://api.lemonban.com/futureloan/member/recharge
2020-07-15 22:03:59,299 py30 INFO handle_requests.py-44 line：请求数据为：{'member_id': 98989898, 'amount': 600}
2020-07-15 22:03:59,346 py30 INFO handle_requests.py-51 line：响应状态码为：200
2020-07-15 22:03:59,347 py30 INFO handle_requests.py-52 line：响应数据为：{'code': 1007, 'msg': '无权限访问，请检查参数', 'data': None, 'copyright': 'Copyright 柠檬班 © 2017-2020 湖南省零檬信息技术有限公司 All Rights Reserved'}
2020-07-15 22:03:59,357 py30 INFO handle_requests.py-33 line：发起一次HTTP请求
2020-07-15 22:03:59,357 py30 INFO handle_requests.py-41 line：请求头为：{'X-Lemonban-Media-Type': 'lemonban.v2', 'Content-Type': 'application/json', 'Authorization': 'Bearer eyJhbGciOiJIUzUxMiJ9.eyJtZW1iZXJfaWQiOjIwMDcxMywiZXhwIjoxNTk0ODIyMTM4fQ.WqZwW__EvS3Oam1vVsA-Wmt-MwlibcOrQf1B5KGeeyZbjHpn0WcMWThsu9PzRRq_MTH7gZ8npC9aXOGk0NN3Mw'}
2020-07-15 22:03:59,358 py30 INFO handle_requests.py-42 line：请求方法为：post
2020-07-15 22:03:59,358 py30 INFO handle_requests.py-43 line：请求url为：http://api.lemonban.com/futureloan/member/recharge
2020-07-15 22:03:59,358 py30 INFO handle_requests.py-44 line：请求数据为：{'member_id': '200713', 'amount': 600}
2020-07-15 22:03:59,421 py30 INFO handle_requests.py-51 line：响应状态码为：200
2020-07-15 22:03:59,422 py30 INFO handle_requests.py-52 line：响应数据为：{'code': 0, 'msg': 'OK', 'data': {'id': 200713, 'leave_amount': 10503601.28, 'mobile_phone': '18605671115', 'reg_name': '新昵称', 'reg_time': '2020-06-29 11:52:20.0', 'type': 1}, 'copyright': 'Copyright 柠檬班 © 2017-2020 湖南省零檬信息技术有限公司 All Rights Reserved'}
2020-07-15 22:03:59,423 py30 ERROR test_recharge.py-99 line：断言失败！
Traceback (most recent call last):
  File "C:\Program Files\JetBrains\PyCharm Community Edition 2020.1\plugins\python-ce\helpers\pycharm\teamcity\diff_tools.py", line 32, in _patched_equals
    old(self, first, second, msg)
  File "D:\python37\lib\unittest\case.py", line 839, in assertEqual
    assertion_func(first, second, msg=msg)
  File "D:\python37\lib\unittest\case.py", line 832, in _baseAssertEqual
    raise self.failureException(msg)
AssertionError: 0 != 2

During handling of the above exception, another exception occurred:

Traceback (most recent call last):
  File "D:\Pychram-Workspace\py30-接口自动化\day8\TestCases\test_recharge.py", line 89, in test_recharge
    self.assertEqual(response.json()["code"], expected["code"])
  File "C:\Program Files\JetBrains\PyCharm Community Edition 2020.1\plugins\python-ce\helpers\pycharm\teamcity\diff_tools.py", line 38, in _patched_equals
    raise error
teamcity.diff_tools.EqualsAssertionError:  :: 0 != 2
2020-07-15 22:03:59,467 py30 INFO handle_requests.py-33 line：发起一次HTTP请求
2020-07-15 22:03:59,467 py30 INFO handle_requests.py-41 line：请求头为：{'X-Lemonban-Media-Type': 'lemonban.v2', 'Content-Type': 'application/json', 'Authorization': 'Bearer eyJhbGciOiJIUzUxMiJ9.eyJtZW1iZXJfaWQiOjIwMDcxMywiZXhwIjoxNTk0ODIyMTM4fQ.WqZwW__EvS3Oam1vVsA-Wmt-MwlibcOrQf1B5KGeeyZbjHpn0WcMWThsu9PzRRq_MTH7gZ8npC9aXOGk0NN3Mw'}
2020-07-15 22:03:59,468 py30 INFO handle_requests.py-42 line：请求方法为：post
2020-07-15 22:03:59,468 py30 INFO handle_requests.py-43 line：请求url为：http://api.lemonban.com/futureloan/member/recharge
2020-07-15 22:03:59,468 py30 INFO handle_requests.py-44 line：请求数据为：{'member_id': 15.0, 'amount': 600}
2020-07-15 22:03:59,514 py30 INFO handle_requests.py-51 line：响应状态码为：200
2020-07-15 22:03:59,515 py30 INFO handle_requests.py-52 line：响应数据为：{'code': 2, 'msg': '数字格式化异常', 'data': None, 'copyright': 'Copyright 柠檬班 © 2017-2020 湖南省零檬信息技术有限公司 All Rights Reserved'}
2020-07-15 22:03:59,539 py30 INFO handle_requests.py-33 line：发起一次HTTP请求
2020-07-15 22:03:59,541 py30 INFO handle_requests.py-41 line：请求头为：{'X-Lemonban-Media-Type': 'lemonban.v2', 'Content-Type': 'application/json', 'Authorization': 'Bearer eyJhbGciOiJIUzUxMiJ9.eyJtZW1iZXJfaWQiOjIwMDcxMywiZXhwIjoxNTk0ODIyMTM4fQ.WqZwW__EvS3Oam1vVsA-Wmt-MwlibcOrQf1B5KGeeyZbjHpn0WcMWThsu9PzRRq_MTH7gZ8npC9aXOGk0NN3Mw'}
2020-07-15 22:03:59,542 py30 INFO handle_requests.py-42 line：请求方法为：post
2020-07-15 22:03:59,542 py30 INFO handle_requests.py-43 line：请求url为：http://api.lemonban.com/futureloan/member/recharge
2020-07-15 22:03:59,542 py30 INFO handle_requests.py-44 line：请求数据为：{'member_id': 200713, 'amount': 0}
2020-07-15 22:03:59,608 py30 INFO handle_requests.py-51 line：响应状态码为：200
2020-07-15 22:03:59,608 py30 INFO handle_requests.py-52 line：响应数据为：{'code': 0, 'msg': 'OK', 'data': {'id': 200713, 'leave_amount': 10503601.28, 'mobile_phone': '18605671115', 'reg_name': '新昵称', 'reg_time': '2020-06-29 11:52:20.0', 'type': 1}, 'copyright': 'Copyright 柠檬班 © 2017-2020 湖南省零檬信息技术有限公司 All Rights Reserved'}
2020-07-15 22:03:59,609 py30 ERROR test_recharge.py-99 line：断言失败！
Traceback (most recent call last):
  File "C:\Program Files\JetBrains\PyCharm Community Edition 2020.1\plugins\python-ce\helpers\pycharm\teamcity\diff_tools.py", line 32, in _patched_equals
    old(self, first, second, msg)
  File "D:\python37\lib\unittest\case.py", line 839, in assertEqual
    assertion_func(first, second, msg=msg)
  File "D:\python37\lib\unittest\case.py", line 832, in _baseAssertEqual
    raise self.failureException(msg)
AssertionError: 0 != 2

During handling of the above exception, another exception occurred:

Traceback (most recent call last):
  File "D:\Pychram-Workspace\py30-接口自动化\day8\TestCases\test_recharge.py", line 89, in test_recharge
    self.assertEqual(response.json()["code"], expected["code"])
  File "C:\Program Files\JetBrains\PyCharm Community Edition 2020.1\plugins\python-ce\helpers\pycharm\teamcity\diff_tools.py", line 38, in _patched_equals
    raise error
teamcity.diff_tools.EqualsAssertionError:  :: 0 != 2
2020-07-15 22:03:59,650 py30 INFO handle_requests.py-33 line：发起一次HTTP请求
2020-07-15 22:03:59,651 py30 INFO handle_requests.py-41 line：请求头为：{'X-Lemonban-Media-Type': 'lemonban.v2', 'Content-Type': 'application/json', 'Authorization': 'Bearer eyJhbGciOiJIUzUxMiJ9.eyJtZW1iZXJfaWQiOjIwMDcxMywiZXhwIjoxNTk0ODIyMTM4fQ.WqZwW__EvS3Oam1vVsA-Wmt-MwlibcOrQf1B5KGeeyZbjHpn0WcMWThsu9PzRRq_MTH7gZ8npC9aXOGk0NN3Mw'}
2020-07-15 22:03:59,651 py30 INFO handle_requests.py-42 line：请求方法为：post
2020-07-15 22:03:59,651 py30 INFO handle_requests.py-43 line：请求url为：http://api.lemonban.com/futureloan/member/recharge
2020-07-15 22:03:59,651 py30 INFO handle_requests.py-44 line：请求数据为：{'member_id': 200713, 'amount': -600}
2020-07-15 22:03:59,711 py30 INFO handle_requests.py-51 line：响应状态码为：200
2020-07-15 22:03:59,711 py30 INFO handle_requests.py-52 line：响应数据为：{'code': 2, 'msg': '余额必须大于0并且小于或者等于500000', 'data': None, 'copyright': 'Copyright 柠檬班 © 2017-2020 湖南省零檬信息技术有限公司 All Rights Reserved'}
2020-07-15 22:03:59,712 py30 ERROR test_recharge.py-99 line：断言失败！
Traceback (most recent call last):
  File "C:\Program Files\JetBrains\PyCharm Community Edition 2020.1\plugins\python-ce\helpers\pycharm\teamcity\diff_tools.py", line 32, in _patched_equals
    old(self, first, second, msg)
  File "D:\python37\lib\unittest\case.py", line 839, in assertEqual
    assertion_func(first, second, msg=msg)
  File "D:\python37\lib\unittest\case.py", line 1220, in assertMultiLineEqual
    self.fail(self._formatMessage(msg, standardMsg))
  File "D:\python37\lib\unittest\case.py", line 680, in fail
    raise self.failureException(msg)
AssertionError: '余额必须大于0并且小于或者等于500000' != '金额必须大于0并且小于或者等于500000'
- 余额必须大于0并且小于或者等于500000
? ^
+ 金额必须大于0并且小于或者等于500000
? ^


During handling of the above exception, another exception occurred:

Traceback (most recent call last):
  File "D:\Pychram-Workspace\py30-接口自动化\day8\TestCases\test_recharge.py", line 90, in test_recharge
    self.assertEqual(response.json()["msg"], expected["msg"])
  File "C:\Program Files\JetBrains\PyCharm Community Edition 2020.1\plugins\python-ce\helpers\pycharm\teamcity\diff_tools.py", line 38, in _patched_equals
    raise error
teamcity.diff_tools.EqualsAssertionError:  :: 余额必须大于0并且小于或者等于500000 != 金额必须大于0并且小于或者等于500000
2020-07-15 22:03:59,733 py30 INFO handle_requests.py-33 line：发起一次HTTP请求
2020-07-15 22:03:59,734 py30 INFO handle_requests.py-41 line：请求头为：{'X-Lemonban-Media-Type': 'lemonban.v2', 'Content-Type': 'application/json', 'Authorization': 'Bearer eyJhbGciOiJIUzUxMiJ9.eyJtZW1iZXJfaWQiOjIwMDcxMywiZXhwIjoxNTk0ODIyMTM4fQ.WqZwW__EvS3Oam1vVsA-Wmt-MwlibcOrQf1B5KGeeyZbjHpn0WcMWThsu9PzRRq_MTH7gZ8npC9aXOGk0NN3Mw'}
2020-07-15 22:03:59,734 py30 INFO handle_requests.py-42 line：请求方法为：post
2020-07-15 22:03:59,734 py30 INFO handle_requests.py-43 line：请求url为：http://api.lemonban.com/futureloan/member/recharge
2020-07-15 22:03:59,735 py30 INFO handle_requests.py-44 line：请求数据为：{'member_id': 200713}
2020-07-15 22:03:59,795 py30 INFO handle_requests.py-51 line：响应状态码为：200
2020-07-15 22:03:59,796 py30 INFO handle_requests.py-52 line：响应数据为：{'code': 2, 'msg': '余额必须为数值型', 'data': None, 'copyright': 'Copyright 柠檬班 © 2017-2020 湖南省零檬信息技术有限公司 All Rights Reserved'}
2020-07-15 22:03:59,797 py30 ERROR test_recharge.py-99 line：断言失败！
Traceback (most recent call last):
  File "C:\Program Files\JetBrains\PyCharm Community Edition 2020.1\plugins\python-ce\helpers\pycharm\teamcity\diff_tools.py", line 32, in _patched_equals
    old(self, first, second, msg)
  File "D:\python37\lib\unittest\case.py", line 839, in assertEqual
    assertion_func(first, second, msg=msg)
  File "D:\python37\lib\unittest\case.py", line 832, in _baseAssertEqual
    raise self.failureException(msg)
AssertionError: 2 != 1

During handling of the above exception, another exception occurred:

Traceback (most recent call last):
  File "D:\Pychram-Workspace\py30-接口自动化\day8\TestCases\test_recharge.py", line 89, in test_recharge
    self.assertEqual(response.json()["code"], expected["code"])
  File "C:\Program Files\JetBrains\PyCharm Community Edition 2020.1\plugins\python-ce\helpers\pycharm\teamcity\diff_tools.py", line 38, in _patched_equals
    raise error
teamcity.diff_tools.EqualsAssertionError:  :: 2 != 1
2020-07-15 22:03:59,827 py30 INFO handle_requests.py-33 line：发起一次HTTP请求
2020-07-15 22:03:59,828 py30 INFO handle_requests.py-41 line：请求头为：{'X-Lemonban-Media-Type': 'lemonban.v2', 'Content-Type': 'application/json', 'Authorization': 'Bearer eyJhbGciOiJIUzUxMiJ9.eyJtZW1iZXJfaWQiOjIwMDcxMywiZXhwIjoxNTk0ODIyMTM4fQ.WqZwW__EvS3Oam1vVsA-Wmt-MwlibcOrQf1B5KGeeyZbjHpn0WcMWThsu9PzRRq_MTH7gZ8npC9aXOGk0NN3Mw'}
2020-07-15 22:03:59,828 py30 INFO handle_requests.py-42 line：请求方法为：post
2020-07-15 22:03:59,828 py30 INFO handle_requests.py-43 line：请求url为：http://api.lemonban.com/futureloan/member/recharge
2020-07-15 22:03:59,828 py30 INFO handle_requests.py-44 line：请求数据为：{'member_id': 200713, 'amount': 600.222}
2020-07-15 22:03:59,873 py30 INFO handle_requests.py-51 line：响应状态码为：200
2020-07-15 22:03:59,874 py30 INFO handle_requests.py-52 line：响应数据为：{'code': 2, 'msg': '余额小数超过两位', 'data': None, 'copyright': 'Copyright 柠檬班 © 2017-2020 湖南省零檬信息技术有限公司 All Rights Reserved'}
2020-07-15 22:03:59,875 py30 ERROR test_recharge.py-99 line：断言失败！
Traceback (most recent call last):
  File "C:\Program Files\JetBrains\PyCharm Community Edition 2020.1\plugins\python-ce\helpers\pycharm\teamcity\diff_tools.py", line 32, in _patched_equals
    old(self, first, second, msg)
  File "D:\python37\lib\unittest\case.py", line 839, in assertEqual
    assertion_func(first, second, msg=msg)
  File "D:\python37\lib\unittest\case.py", line 1220, in assertMultiLineEqual
    self.fail(self._formatMessage(msg, standardMsg))
  File "D:\python37\lib\unittest\case.py", line 680, in fail
    raise self.failureException(msg)
AssertionError: '余额小数超过两位' != '金额小数超过两位'
- 余额小数超过两位
? ^
+ 金额小数超过两位
? ^


During handling of the above exception, another exception occurred:

Traceback (most recent call last):
  File "D:\Pychram-Workspace\py30-接口自动化\day8\TestCases\test_recharge.py", line 90, in test_recharge
    self.assertEqual(response.json()["msg"], expected["msg"])
  File "C:\Program Files\JetBrains\PyCharm Community Edition 2020.1\plugins\python-ce\helpers\pycharm\teamcity\diff_tools.py", line 38, in _patched_equals
    raise error
teamcity.diff_tools.EqualsAssertionError:  :: 余额小数超过两位 != 金额小数超过两位
2020-07-15 22:03:59,905 py30 INFO handle_requests.py-33 line：发起一次HTTP请求
2020-07-15 22:03:59,906 py30 INFO handle_requests.py-41 line：请求头为：{'X-Lemonban-Media-Type': 'lemonban.v2', 'Content-Type': 'application/json', 'Authorization': 'Bearer eyJhbGciOiJIUzUxMiJ9.eyJtZW1iZXJfaWQiOjIwMDcxMywiZXhwIjoxNTk0ODIyMTM4fQ.WqZwW__EvS3Oam1vVsA-Wmt-MwlibcOrQf1B5KGeeyZbjHpn0WcMWThsu9PzRRq_MTH7gZ8npC9aXOGk0NN3Mw'}
2020-07-15 22:03:59,906 py30 INFO handle_requests.py-42 line：请求方法为：post
2020-07-15 22:03:59,907 py30 INFO handle_requests.py-43 line：请求url为：http://api.lemonban.com/futureloan/member/recharge
2020-07-15 22:03:59,907 py30 INFO handle_requests.py-44 line：请求数据为：{'member_id': 200713, 'amount': 500001}
2020-07-15 22:03:59,970 py30 INFO handle_requests.py-51 line：响应状态码为：200
2020-07-15 22:03:59,971 py30 INFO handle_requests.py-52 line：响应数据为：{'code': 2, 'msg': '余额必须大于0并且小于或者等于500000', 'data': None, 'copyright': 'Copyright 柠檬班 © 2017-2020 湖南省零檬信息技术有限公司 All Rights Reserved'}
2020-07-15 22:03:59,972 py30 ERROR test_recharge.py-99 line：断言失败！
Traceback (most recent call last):
  File "C:\Program Files\JetBrains\PyCharm Community Edition 2020.1\plugins\python-ce\helpers\pycharm\teamcity\diff_tools.py", line 32, in _patched_equals
    old(self, first, second, msg)
  File "D:\python37\lib\unittest\case.py", line 839, in assertEqual
    assertion_func(first, second, msg=msg)
  File "D:\python37\lib\unittest\case.py", line 1220, in assertMultiLineEqual
    self.fail(self._formatMessage(msg, standardMsg))
  File "D:\python37\lib\unittest\case.py", line 680, in fail
    raise self.failureException(msg)
AssertionError: '余额必须大于0并且小于或者等于500000' != '金额必须大于0并且小于或者等于500000'
- 余额必须大于0并且小于或者等于500000
? ^
+ 金额必须大于0并且小于或者等于500000
? ^


During handling of the above exception, another exception occurred:

Traceback (most recent call last):
  File "D:\Pychram-Workspace\py30-接口自动化\day8\TestCases\test_recharge.py", line 90, in test_recharge
    self.assertEqual(response.json()["msg"], expected["msg"])
  File "C:\Program Files\JetBrains\PyCharm Community Edition 2020.1\plugins\python-ce\helpers\pycharm\teamcity\diff_tools.py", line 38, in _patched_equals
    raise error
teamcity.diff_tools.EqualsAssertionError:  :: 余额必须大于0并且小于或者等于500000 != 金额必须大于0并且小于或者等于500000
2020-07-15 22:03:59,994 py30 INFO handle_requests.py-33 line：发起一次HTTP请求
2020-07-15 22:03:59,994 py30 INFO handle_requests.py-41 line：请求头为：{'X-Lemonban-Media-Type': 'lemonban.v2', 'Content-Type': 'application/json', 'Authorization': 'Bearer eyJhbGciOiJIUzUxMiJ9.eyJtZW1iZXJfaWQiOjIwMDcxMywiZXhwIjoxNTk0ODIyMTM4fQ.WqZwW__EvS3Oam1vVsA-Wmt-MwlibcOrQf1B5KGeeyZbjHpn0WcMWThsu9PzRRq_MTH7gZ8npC9aXOGk0NN3Mw'}
2020-07-15 22:03:59,994 py30 INFO handle_requests.py-42 line：请求方法为：post
2020-07-15 22:03:59,994 py30 INFO handle_requests.py-43 line：请求url为：http://api.lemonban.com/futureloan/member/recharge
2020-07-15 22:03:59,995 py30 INFO handle_requests.py-44 line：请求数据为：{'member_id': 200713, 'amount': '5万'}
2020-07-15 22:04:00,062 py30 INFO handle_requests.py-51 line：响应状态码为：200
2020-07-15 22:04:00,062 py30 INFO handle_requests.py-52 line：响应数据为：{'code': 2, 'msg': '数字格式化异常', 'data': None, 'copyright': 'Copyright 柠檬班 © 2017-2020 湖南省零檬信息技术有限公司 All Rights Reserved'}
2020-07-15 22:08:32,946 py30 INFO handle_requests.py-33 line：发起一次HTTP请求
2020-07-15 22:08:32,948 py30 INFO handle_requests.py-41 line：请求头为：{'X-Lemonban-Media-Type': 'lemonban.v2', 'Content-Type': 'application/json'}
2020-07-15 22:08:32,949 py30 INFO handle_requests.py-42 line：请求方法为：POST
2020-07-15 22:08:32,950 py30 INFO handle_requests.py-43 line：请求url为：http://api.lemonban.com/futureloan/member/register
2020-07-15 22:08:32,950 py30 INFO handle_requests.py-44 line：请求数据为：{'mobile_phone': '18605671115', 'pwd': '123456789'}
2020-07-15 22:08:33,076 py30 INFO handle_requests.py-51 line：响应状态码为：200
2020-07-15 22:08:33,082 py30 INFO handle_requests.py-52 line：响应数据为：{'code': 2, 'msg': '账号已存在', 'data': None, 'copyright': 'Copyright 柠檬班 © 2017-2020 湖南省零檬信息技术有限公司 All Rights Reserved'}
2020-07-15 22:08:33,083 py30 INFO handle_requests.py-33 line：发起一次HTTP请求
2020-07-15 22:08:33,083 py30 INFO handle_requests.py-41 line：请求头为：{'X-Lemonban-Media-Type': 'lemonban.v2', 'Content-Type': 'application/json'}
2020-07-15 22:08:33,084 py30 INFO handle_requests.py-42 line：请求方法为：POST
2020-07-15 22:08:33,084 py30 INFO handle_requests.py-43 line：请求url为：http://api.lemonban.com/futureloan/member/login
2020-07-15 22:08:33,085 py30 INFO handle_requests.py-44 line：请求数据为：{'mobile_phone': '18605671115', 'pwd': '123456789'}
2020-07-15 22:08:33,202 py30 INFO handle_requests.py-51 line：响应状态码为：200
2020-07-15 22:08:33,203 py30 INFO handle_requests.py-52 line：响应数据为：{'code': 0, 'msg': 'OK', 'data': {'id': 200713, 'leave_amount': 10503601.28, 'mobile_phone': '18605671115', 'reg_name': '新昵称', 'reg_time': '2020-06-29 11:52:20.0', 'type': 1, 'token_info': {'token_type': 'Bearer', 'expires_in': '2020-07-15 22:13:32', 'token': 'eyJhbGciOiJIUzUxMiJ9.eyJtZW1iZXJfaWQiOjIwMDcxMywiZXhwIjoxNTk0ODIyNDEyfQ.XVGkWMpG7BstFl7--mE71YQ5azo0U0iLqyJFQcDdtwYR0oaGSCBqGQ0qfGS6kp18hSSjUkk1MKQwFavvc1AaUQ'}}, 'copyright': 'Copyright 柠檬班 © 2017-2020 湖南省零檬信息技术有限公司 All Rights Reserved'}
2020-07-15 22:08:33,244 py30 INFO test_recharge.py-71 line：充值前的用户余额：10503601.28
2020-07-15 22:08:33,246 py30 INFO test_recharge.py-74 line：充值的金额为：600
2020-07-15 22:08:33,247 py30 INFO test_recharge.py-76 line：期望的充值之后的金额为：10504201.28
2020-07-15 22:08:33,248 py30 INFO handle_requests.py-33 line：发起一次HTTP请求
2020-07-15 22:08:33,248 py30 INFO handle_requests.py-41 line：请求头为：{'X-Lemonban-Media-Type': 'lemonban.v2', 'Content-Type': 'application/json', 'Authorization': 'Bearer eyJhbGciOiJIUzUxMiJ9.eyJtZW1iZXJfaWQiOjIwMDcxMywiZXhwIjoxNTk0ODIyNDEyfQ.XVGkWMpG7BstFl7--mE71YQ5azo0U0iLqyJFQcDdtwYR0oaGSCBqGQ0qfGS6kp18hSSjUkk1MKQwFavvc1AaUQ'}
2020-07-15 22:08:33,248 py30 INFO handle_requests.py-42 line：请求方法为：post
2020-07-15 22:08:33,249 py30 INFO handle_requests.py-43 line：请求url为：http://api.lemonban.com/futureloan/member/recharge
2020-07-15 22:08:33,249 py30 INFO handle_requests.py-44 line：请求数据为：{'member_id': 200713, 'amount': 600}
2020-07-15 22:08:33,306 py30 INFO handle_requests.py-51 line：响应状态码为：200
2020-07-15 22:08:33,308 py30 INFO handle_requests.py-52 line：响应数据为：{'code': 0, 'msg': 'OK', 'data': {'id': 200713, 'leave_amount': 10504201.28, 'mobile_phone': '18605671115', 'reg_name': '新昵称', 'reg_time': '2020-06-29 11:52:20.0', 'type': 1}, 'copyright': 'Copyright 柠檬班 © 2017-2020 湖南省零檬信息技术有限公司 All Rights Reserved'}
2020-07-15 22:08:33,346 py30 INFO test_recharge.py-96 line：充值后的用户余额：10504201.28
2020-07-15 22:08:33,411 py30 INFO test_recharge.py-71 line：充值前的用户余额：10504201.28
2020-07-15 22:08:33,412 py30 INFO test_recharge.py-74 line：充值的金额为：600.1
2020-07-15 22:08:33,413 py30 INFO test_recharge.py-76 line：期望的充值之后的金额为：10504801.38
2020-07-15 22:08:33,414 py30 INFO handle_requests.py-33 line：发起一次HTTP请求
2020-07-15 22:08:33,414 py30 INFO handle_requests.py-41 line：请求头为：{'X-Lemonban-Media-Type': 'lemonban.v2', 'Content-Type': 'application/json', 'Authorization': 'Bearer eyJhbGciOiJIUzUxMiJ9.eyJtZW1iZXJfaWQiOjIwMDcxMywiZXhwIjoxNTk0ODIyNDEyfQ.XVGkWMpG7BstFl7--mE71YQ5azo0U0iLqyJFQcDdtwYR0oaGSCBqGQ0qfGS6kp18hSSjUkk1MKQwFavvc1AaUQ'}
2020-07-15 22:08:33,414 py30 INFO handle_requests.py-42 line：请求方法为：post
2020-07-15 22:08:33,415 py30 INFO handle_requests.py-43 line：请求url为：http://api.lemonban.com/futureloan/member/recharge
2020-07-15 22:08:33,415 py30 INFO handle_requests.py-44 line：请求数据为：{'member_id': 200713, 'amount': 600.1}
2020-07-15 22:08:33,488 py30 INFO handle_requests.py-51 line：响应状态码为：200
2020-07-15 22:08:33,489 py30 INFO handle_requests.py-52 line：响应数据为：{'code': 0, 'msg': 'OK', 'data': {'id': 200713, 'leave_amount': 10504801.38, 'mobile_phone': '18605671115', 'reg_name': '新昵称', 'reg_time': '2020-06-29 11:52:20.0', 'type': 1}, 'copyright': 'Copyright 柠檬班 © 2017-2020 湖南省零檬信息技术有限公司 All Rights Reserved'}
2020-07-15 22:08:33,490 py30 ERROR test_recharge.py-99 line：断言失败！
Traceback (most recent call last):
  File "C:\Program Files\JetBrains\PyCharm Community Edition 2020.1\plugins\python-ce\helpers\pycharm\teamcity\diff_tools.py", line 32, in _patched_equals
    old(self, first, second, msg)
  File "D:\python37\lib\unittest\case.py", line 839, in assertEqual
    assertion_func(first, second, msg=msg)
  File "D:\python37\lib\unittest\case.py", line 832, in _baseAssertEqual
    raise self.failureException(msg)
AssertionError: 10504801.38 != 10504201.28

During handling of the above exception, another exception occurred:

Traceback (most recent call last):
  File "D:\Pychram-Workspace\py30-接口自动化\day8\TestCases\test_recharge.py", line 93, in test_recharge
    self.assertEqual(response.json()["data"]["leave_amount"], expected["data"]["leave_amount"])
  File "C:\Program Files\JetBrains\PyCharm Community Edition 2020.1\plugins\python-ce\helpers\pycharm\teamcity\diff_tools.py", line 38, in _patched_equals
    raise error
teamcity.diff_tools.EqualsAssertionError:  :: 10504801.38 != 10504201.28
2020-07-15 22:08:33,712 py30 INFO test_recharge.py-71 line：充值前的用户余额：10504801.38
2020-07-15 22:08:33,712 py30 INFO test_recharge.py-74 line：充值的金额为：600.22
2020-07-15 22:08:33,712 py30 INFO test_recharge.py-76 line：期望的充值之后的金额为：10505401.6
2020-07-15 22:08:33,713 py30 INFO handle_requests.py-33 line：发起一次HTTP请求
2020-07-15 22:08:33,713 py30 INFO handle_requests.py-41 line：请求头为：{'X-Lemonban-Media-Type': 'lemonban.v2', 'Content-Type': 'application/json', 'Authorization': 'Bearer eyJhbGciOiJIUzUxMiJ9.eyJtZW1iZXJfaWQiOjIwMDcxMywiZXhwIjoxNTk0ODIyNDEyfQ.XVGkWMpG7BstFl7--mE71YQ5azo0U0iLqyJFQcDdtwYR0oaGSCBqGQ0qfGS6kp18hSSjUkk1MKQwFavvc1AaUQ'}
2020-07-15 22:08:33,713 py30 INFO handle_requests.py-42 line：请求方法为：post
2020-07-15 22:08:33,713 py30 INFO handle_requests.py-43 line：请求url为：http://api.lemonban.com/futureloan/member/recharge
2020-07-15 22:08:33,713 py30 INFO handle_requests.py-44 line：请求数据为：{'member_id': 200713, 'amount': 600.22}
2020-07-15 22:08:33,778 py30 INFO handle_requests.py-51 line：响应状态码为：200
2020-07-15 22:08:33,778 py30 INFO handle_requests.py-52 line：响应数据为：{'code': 0, 'msg': 'OK', 'data': {'id': 200713, 'leave_amount': 10505401.6, 'mobile_phone': '18605671115', 'reg_name': '新昵称', 'reg_time': '2020-06-29 11:52:20.0', 'type': 1}, 'copyright': 'Copyright 柠檬班 © 2017-2020 湖南省零檬信息技术有限公司 All Rights Reserved'}
2020-07-15 22:08:33,778 py30 ERROR test_recharge.py-99 line：断言失败！
Traceback (most recent call last):
  File "C:\Program Files\JetBrains\PyCharm Community Edition 2020.1\plugins\python-ce\helpers\pycharm\teamcity\diff_tools.py", line 32, in _patched_equals
    old(self, first, second, msg)
  File "D:\python37\lib\unittest\case.py", line 839, in assertEqual
    assertion_func(first, second, msg=msg)
  File "D:\python37\lib\unittest\case.py", line 832, in _baseAssertEqual
    raise self.failureException(msg)
AssertionError: 10505401.6 != 10504801.38

During handling of the above exception, another exception occurred:

Traceback (most recent call last):
  File "D:\Pychram-Workspace\py30-接口自动化\day8\TestCases\test_recharge.py", line 93, in test_recharge
    self.assertEqual(response.json()["data"]["leave_amount"], expected["data"]["leave_amount"])
  File "C:\Program Files\JetBrains\PyCharm Community Edition 2020.1\plugins\python-ce\helpers\pycharm\teamcity\diff_tools.py", line 38, in _patched_equals
    raise error
teamcity.diff_tools.EqualsAssertionError:  :: 10505401.6 != 10504801.38
2020-07-15 22:08:33,836 py30 INFO test_recharge.py-71 line：充值前的用户余额：10505401.60
2020-07-15 22:08:33,838 py30 INFO test_recharge.py-74 line：充值的金额为：500000
2020-07-15 22:08:33,839 py30 INFO test_recharge.py-76 line：期望的充值之后的金额为：11005401.6
2020-07-15 22:08:33,840 py30 INFO handle_requests.py-33 line：发起一次HTTP请求
2020-07-15 22:08:33,841 py30 INFO handle_requests.py-41 line：请求头为：{'X-Lemonban-Media-Type': 'lemonban.v2', 'Content-Type': 'application/json', 'Authorization': 'Bearer eyJhbGciOiJIUzUxMiJ9.eyJtZW1iZXJfaWQiOjIwMDcxMywiZXhwIjoxNTk0ODIyNDEyfQ.XVGkWMpG7BstFl7--mE71YQ5azo0U0iLqyJFQcDdtwYR0oaGSCBqGQ0qfGS6kp18hSSjUkk1MKQwFavvc1AaUQ'}
2020-07-15 22:08:33,841 py30 INFO handle_requests.py-42 line：请求方法为：post
2020-07-15 22:08:33,841 py30 INFO handle_requests.py-43 line：请求url为：http://api.lemonban.com/futureloan/member/recharge
2020-07-15 22:08:33,841 py30 INFO handle_requests.py-44 line：请求数据为：{'member_id': 200713, 'amount': 500000}
2020-07-15 22:08:33,912 py30 INFO handle_requests.py-51 line：响应状态码为：200
2020-07-15 22:08:33,912 py30 INFO handle_requests.py-52 line：响应数据为：{'code': 0, 'msg': 'OK', 'data': {'id': 200713, 'leave_amount': 11005401.6, 'mobile_phone': '18605671115', 'reg_name': '新昵称', 'reg_time': '2020-06-29 11:52:20.0', 'type': 1}, 'copyright': 'Copyright 柠檬班 © 2017-2020 湖南省零檬信息技术有限公司 All Rights Reserved'}
2020-07-15 22:08:33,913 py30 ERROR test_recharge.py-99 line：断言失败！
Traceback (most recent call last):
  File "C:\Program Files\JetBrains\PyCharm Community Edition 2020.1\plugins\python-ce\helpers\pycharm\teamcity\diff_tools.py", line 32, in _patched_equals
    old(self, first, second, msg)
  File "D:\python37\lib\unittest\case.py", line 839, in assertEqual
    assertion_func(first, second, msg=msg)
  File "D:\python37\lib\unittest\case.py", line 832, in _baseAssertEqual
    raise self.failureException(msg)
AssertionError: 11005401.6 != 10505401.6

During handling of the above exception, another exception occurred:

Traceback (most recent call last):
  File "D:\Pychram-Workspace\py30-接口自动化\day8\TestCases\test_recharge.py", line 93, in test_recharge
    self.assertEqual(response.json()["data"]["leave_amount"], expected["data"]["leave_amount"])
  File "C:\Program Files\JetBrains\PyCharm Community Edition 2020.1\plugins\python-ce\helpers\pycharm\teamcity\diff_tools.py", line 38, in _patched_equals
    raise error
teamcity.diff_tools.EqualsAssertionError:  :: 11005401.6 != 10505401.6
2020-07-15 22:08:33,960 py30 INFO handle_requests.py-33 line：发起一次HTTP请求
2020-07-15 22:08:33,960 py30 INFO handle_requests.py-41 line：请求头为：{'X-Lemonban-Media-Type': 'lemonban.v2', 'Content-Type': 'application/json', 'Authorization': 'Bearer eyJhbGciOiJIUzUxMiJ9.eyJtZW1iZXJfaWQiOjIwMDcxMywiZXhwIjoxNTk0ODIyNDEyfQ.XVGkWMpG7BstFl7--mE71YQ5azo0U0iLqyJFQcDdtwYR0oaGSCBqGQ0qfGS6kp18hSSjUkk1MKQwFavvc1AaUQ'}
2020-07-15 22:08:33,960 py30 INFO handle_requests.py-42 line：请求方法为：post
2020-07-15 22:08:33,960 py30 INFO handle_requests.py-43 line：请求url为：http://api.lemonban.com/futureloan/member/recharge
2020-07-15 22:08:33,961 py30 INFO handle_requests.py-44 line：请求数据为：{'amount': 600}
2020-07-15 22:08:34,000 py30 INFO handle_requests.py-51 line：响应状态码为：200
2020-07-15 22:08:34,001 py30 INFO handle_requests.py-52 line：响应数据为：{'code': 1, 'msg': '用户id为空', 'data': None, 'copyright': 'Copyright 柠檬班 © 2017-2020 湖南省零檬信息技术有限公司 All Rights Reserved'}
2020-07-15 22:08:34,022 py30 INFO handle_requests.py-33 line：发起一次HTTP请求
2020-07-15 22:08:34,023 py30 INFO handle_requests.py-41 line：请求头为：{'X-Lemonban-Media-Type': 'lemonban.v2', 'Content-Type': 'application/json', 'Authorization': 'Bearer eyJhbGciOiJIUzUxMiJ9.eyJtZW1iZXJfaWQiOjIwMDcxMywiZXhwIjoxNTk0ODIyNDEyfQ.XVGkWMpG7BstFl7--mE71YQ5azo0U0iLqyJFQcDdtwYR0oaGSCBqGQ0qfGS6kp18hSSjUkk1MKQwFavvc1AaUQ'}
2020-07-15 22:08:34,023 py30 INFO handle_requests.py-42 line：请求方法为：post
2020-07-15 22:08:34,023 py30 INFO handle_requests.py-43 line：请求url为：http://api.lemonban.com/futureloan/member/recharge
2020-07-15 22:08:34,023 py30 INFO handle_requests.py-44 line：请求数据为：{'member_id': 98989898, 'amount': 600}
2020-07-15 22:08:34,080 py30 INFO handle_requests.py-51 line：响应状态码为：200
2020-07-15 22:08:34,080 py30 INFO handle_requests.py-52 line：响应数据为：{'code': 1007, 'msg': '无权限访问，请检查参数', 'data': None, 'copyright': 'Copyright 柠檬班 © 2017-2020 湖南省零檬信息技术有限公司 All Rights Reserved'}
2020-07-15 22:08:34,095 py30 INFO handle_requests.py-33 line：发起一次HTTP请求
2020-07-15 22:08:34,096 py30 INFO handle_requests.py-41 line：请求头为：{'X-Lemonban-Media-Type': 'lemonban.v2', 'Content-Type': 'application/json', 'Authorization': 'Bearer eyJhbGciOiJIUzUxMiJ9.eyJtZW1iZXJfaWQiOjIwMDcxMywiZXhwIjoxNTk0ODIyNDEyfQ.XVGkWMpG7BstFl7--mE71YQ5azo0U0iLqyJFQcDdtwYR0oaGSCBqGQ0qfGS6kp18hSSjUkk1MKQwFavvc1AaUQ'}
2020-07-15 22:08:34,096 py30 INFO handle_requests.py-42 line：请求方法为：post
2020-07-15 22:08:34,096 py30 INFO handle_requests.py-43 line：请求url为：http://api.lemonban.com/futureloan/member/recharge
2020-07-15 22:08:34,096 py30 INFO handle_requests.py-44 line：请求数据为：{'member_id': '200713', 'amount': 600}
2020-07-15 22:08:34,147 py30 INFO handle_requests.py-51 line：响应状态码为：200
2020-07-15 22:08:34,148 py30 INFO handle_requests.py-52 line：响应数据为：{'code': 0, 'msg': 'OK', 'data': {'id': 200713, 'leave_amount': 11006001.6, 'mobile_phone': '18605671115', 'reg_name': '新昵称', 'reg_time': '2020-06-29 11:52:20.0', 'type': 1}, 'copyright': 'Copyright 柠檬班 © 2017-2020 湖南省零檬信息技术有限公司 All Rights Reserved'}
2020-07-15 22:08:34,148 py30 ERROR test_recharge.py-99 line：断言失败！
Traceback (most recent call last):
  File "C:\Program Files\JetBrains\PyCharm Community Edition 2020.1\plugins\python-ce\helpers\pycharm\teamcity\diff_tools.py", line 32, in _patched_equals
    old(self, first, second, msg)
  File "D:\python37\lib\unittest\case.py", line 839, in assertEqual
    assertion_func(first, second, msg=msg)
  File "D:\python37\lib\unittest\case.py", line 832, in _baseAssertEqual
    raise self.failureException(msg)
AssertionError: 0 != 2

During handling of the above exception, another exception occurred:

Traceback (most recent call last):
  File "D:\Pychram-Workspace\py30-接口自动化\day8\TestCases\test_recharge.py", line 89, in test_recharge
    self.assertEqual(response.json()["code"], expected["code"])
  File "C:\Program Files\JetBrains\PyCharm Community Edition 2020.1\plugins\python-ce\helpers\pycharm\teamcity\diff_tools.py", line 38, in _patched_equals
    raise error
teamcity.diff_tools.EqualsAssertionError:  :: 0 != 2
2020-07-15 22:08:34,172 py30 INFO handle_requests.py-33 line：发起一次HTTP请求
2020-07-15 22:08:34,173 py30 INFO handle_requests.py-41 line：请求头为：{'X-Lemonban-Media-Type': 'lemonban.v2', 'Content-Type': 'application/json', 'Authorization': 'Bearer eyJhbGciOiJIUzUxMiJ9.eyJtZW1iZXJfaWQiOjIwMDcxMywiZXhwIjoxNTk0ODIyNDEyfQ.XVGkWMpG7BstFl7--mE71YQ5azo0U0iLqyJFQcDdtwYR0oaGSCBqGQ0qfGS6kp18hSSjUkk1MKQwFavvc1AaUQ'}
2020-07-15 22:08:34,173 py30 INFO handle_requests.py-42 line：请求方法为：post
2020-07-15 22:08:34,173 py30 INFO handle_requests.py-43 line：请求url为：http://api.lemonban.com/futureloan/member/recharge
2020-07-15 22:08:34,173 py30 INFO handle_requests.py-44 line：请求数据为：{'member_id': 15.0, 'amount': 600}
2020-07-15 22:08:34,239 py30 INFO handle_requests.py-51 line：响应状态码为：200
2020-07-15 22:08:34,239 py30 INFO handle_requests.py-52 line：响应数据为：{'code': 2, 'msg': '数字格式化异常', 'data': None, 'copyright': 'Copyright 柠檬班 © 2017-2020 湖南省零檬信息技术有限公司 All Rights Reserved'}
2020-07-15 22:08:34,248 py30 INFO handle_requests.py-33 line：发起一次HTTP请求
2020-07-15 22:08:34,248 py30 INFO handle_requests.py-41 line：请求头为：{'X-Lemonban-Media-Type': 'lemonban.v2', 'Content-Type': 'application/json', 'Authorization': 'Bearer eyJhbGciOiJIUzUxMiJ9.eyJtZW1iZXJfaWQiOjIwMDcxMywiZXhwIjoxNTk0ODIyNDEyfQ.XVGkWMpG7BstFl7--mE71YQ5azo0U0iLqyJFQcDdtwYR0oaGSCBqGQ0qfGS6kp18hSSjUkk1MKQwFavvc1AaUQ'}
2020-07-15 22:08:34,248 py30 INFO handle_requests.py-42 line：请求方法为：post
2020-07-15 22:08:34,248 py30 INFO handle_requests.py-43 line：请求url为：http://api.lemonban.com/futureloan/member/recharge
2020-07-15 22:08:34,248 py30 INFO handle_requests.py-44 line：请求数据为：{'member_id': 200713, 'amount': 0}
2020-07-15 22:08:34,295 py30 INFO handle_requests.py-51 line：响应状态码为：200
2020-07-15 22:08:34,296 py30 INFO handle_requests.py-52 line：响应数据为：{'code': 0, 'msg': 'OK', 'data': {'id': 200713, 'leave_amount': 11006001.6, 'mobile_phone': '18605671115', 'reg_name': '新昵称', 'reg_time': '2020-06-29 11:52:20.0', 'type': 1}, 'copyright': 'Copyright 柠檬班 © 2017-2020 湖南省零檬信息技术有限公司 All Rights Reserved'}
2020-07-15 22:08:34,296 py30 ERROR test_recharge.py-99 line：断言失败！
Traceback (most recent call last):
  File "C:\Program Files\JetBrains\PyCharm Community Edition 2020.1\plugins\python-ce\helpers\pycharm\teamcity\diff_tools.py", line 32, in _patched_equals
    old(self, first, second, msg)
  File "D:\python37\lib\unittest\case.py", line 839, in assertEqual
    assertion_func(first, second, msg=msg)
  File "D:\python37\lib\unittest\case.py", line 832, in _baseAssertEqual
    raise self.failureException(msg)
AssertionError: 0 != 2

During handling of the above exception, another exception occurred:

Traceback (most recent call last):
  File "D:\Pychram-Workspace\py30-接口自动化\day8\TestCases\test_recharge.py", line 89, in test_recharge
    self.assertEqual(response.json()["code"], expected["code"])
  File "C:\Program Files\JetBrains\PyCharm Community Edition 2020.1\plugins\python-ce\helpers\pycharm\teamcity\diff_tools.py", line 38, in _patched_equals
    raise error
teamcity.diff_tools.EqualsAssertionError:  :: 0 != 2
2020-07-15 22:08:34,331 py30 INFO handle_requests.py-33 line：发起一次HTTP请求
2020-07-15 22:08:34,331 py30 INFO handle_requests.py-41 line：请求头为：{'X-Lemonban-Media-Type': 'lemonban.v2', 'Content-Type': 'application/json', 'Authorization': 'Bearer eyJhbGciOiJIUzUxMiJ9.eyJtZW1iZXJfaWQiOjIwMDcxMywiZXhwIjoxNTk0ODIyNDEyfQ.XVGkWMpG7BstFl7--mE71YQ5azo0U0iLqyJFQcDdtwYR0oaGSCBqGQ0qfGS6kp18hSSjUkk1MKQwFavvc1AaUQ'}
2020-07-15 22:08:34,331 py30 INFO handle_requests.py-42 line：请求方法为：post
2020-07-15 22:08:34,331 py30 INFO handle_requests.py-43 line：请求url为：http://api.lemonban.com/futureloan/member/recharge
2020-07-15 22:08:34,331 py30 INFO handle_requests.py-44 line：请求数据为：{'member_id': 200713, 'amount': -600}
2020-07-15 22:08:34,390 py30 INFO handle_requests.py-51 line：响应状态码为：200
2020-07-15 22:08:34,391 py30 INFO handle_requests.py-52 line：响应数据为：{'code': 2, 'msg': '余额必须大于0并且小于或者等于500000', 'data': None, 'copyright': 'Copyright 柠檬班 © 2017-2020 湖南省零檬信息技术有限公司 All Rights Reserved'}
2020-07-15 22:08:34,393 py30 ERROR test_recharge.py-99 line：断言失败！
Traceback (most recent call last):
  File "C:\Program Files\JetBrains\PyCharm Community Edition 2020.1\plugins\python-ce\helpers\pycharm\teamcity\diff_tools.py", line 32, in _patched_equals
    old(self, first, second, msg)
  File "D:\python37\lib\unittest\case.py", line 839, in assertEqual
    assertion_func(first, second, msg=msg)
  File "D:\python37\lib\unittest\case.py", line 1220, in assertMultiLineEqual
    self.fail(self._formatMessage(msg, standardMsg))
  File "D:\python37\lib\unittest\case.py", line 680, in fail
    raise self.failureException(msg)
AssertionError: '余额必须大于0并且小于或者等于500000' != '金额必须大于0并且小于或者等于500000'
- 余额必须大于0并且小于或者等于500000
? ^
+ 金额必须大于0并且小于或者等于500000
? ^


During handling of the above exception, another exception occurred:

Traceback (most recent call last):
  File "D:\Pychram-Workspace\py30-接口自动化\day8\TestCases\test_recharge.py", line 90, in test_recharge
    self.assertEqual(response.json()["msg"], expected["msg"])
  File "C:\Program Files\JetBrains\PyCharm Community Edition 2020.1\plugins\python-ce\helpers\pycharm\teamcity\diff_tools.py", line 38, in _patched_equals
    raise error
teamcity.diff_tools.EqualsAssertionError:  :: 余额必须大于0并且小于或者等于500000 != 金额必须大于0并且小于或者等于500000
2020-07-15 22:08:34,427 py30 INFO handle_requests.py-33 line：发起一次HTTP请求
2020-07-15 22:08:34,428 py30 INFO handle_requests.py-41 line：请求头为：{'X-Lemonban-Media-Type': 'lemonban.v2', 'Content-Type': 'application/json', 'Authorization': 'Bearer eyJhbGciOiJIUzUxMiJ9.eyJtZW1iZXJfaWQiOjIwMDcxMywiZXhwIjoxNTk0ODIyNDEyfQ.XVGkWMpG7BstFl7--mE71YQ5azo0U0iLqyJFQcDdtwYR0oaGSCBqGQ0qfGS6kp18hSSjUkk1MKQwFavvc1AaUQ'}
2020-07-15 22:08:34,428 py30 INFO handle_requests.py-42 line：请求方法为：post
2020-07-15 22:08:34,428 py30 INFO handle_requests.py-43 line：请求url为：http://api.lemonban.com/futureloan/member/recharge
2020-07-15 22:08:34,429 py30 INFO handle_requests.py-44 line：请求数据为：{'member_id': 200713}
2020-07-15 22:08:34,488 py30 INFO handle_requests.py-51 line：响应状态码为：200
2020-07-15 22:08:34,488 py30 INFO handle_requests.py-52 line：响应数据为：{'code': 2, 'msg': '余额必须为数值型', 'data': None, 'copyright': 'Copyright 柠檬班 © 2017-2020 湖南省零檬信息技术有限公司 All Rights Reserved'}
2020-07-15 22:08:34,488 py30 ERROR test_recharge.py-99 line：断言失败！
Traceback (most recent call last):
  File "C:\Program Files\JetBrains\PyCharm Community Edition 2020.1\plugins\python-ce\helpers\pycharm\teamcity\diff_tools.py", line 32, in _patched_equals
    old(self, first, second, msg)
  File "D:\python37\lib\unittest\case.py", line 839, in assertEqual
    assertion_func(first, second, msg=msg)
  File "D:\python37\lib\unittest\case.py", line 832, in _baseAssertEqual
    raise self.failureException(msg)
AssertionError: 2 != 1

During handling of the above exception, another exception occurred:

Traceback (most recent call last):
  File "D:\Pychram-Workspace\py30-接口自动化\day8\TestCases\test_recharge.py", line 89, in test_recharge
    self.assertEqual(response.json()["code"], expected["code"])
  File "C:\Program Files\JetBrains\PyCharm Community Edition 2020.1\plugins\python-ce\helpers\pycharm\teamcity\diff_tools.py", line 38, in _patched_equals
    raise error
teamcity.diff_tools.EqualsAssertionError:  :: 2 != 1
2020-07-15 22:08:34,513 py30 INFO handle_requests.py-33 line：发起一次HTTP请求
2020-07-15 22:08:34,513 py30 INFO handle_requests.py-41 line：请求头为：{'X-Lemonban-Media-Type': 'lemonban.v2', 'Content-Type': 'application/json', 'Authorization': 'Bearer eyJhbGciOiJIUzUxMiJ9.eyJtZW1iZXJfaWQiOjIwMDcxMywiZXhwIjoxNTk0ODIyNDEyfQ.XVGkWMpG7BstFl7--mE71YQ5azo0U0iLqyJFQcDdtwYR0oaGSCBqGQ0qfGS6kp18hSSjUkk1MKQwFavvc1AaUQ'}
2020-07-15 22:08:34,513 py30 INFO handle_requests.py-42 line：请求方法为：post
2020-07-15 22:08:34,513 py30 INFO handle_requests.py-43 line：请求url为：http://api.lemonban.com/futureloan/member/recharge
2020-07-15 22:08:34,513 py30 INFO handle_requests.py-44 line：请求数据为：{'member_id': 200713, 'amount': 600.222}
2020-07-15 22:08:34,565 py30 INFO handle_requests.py-51 line：响应状态码为：200
2020-07-15 22:08:34,566 py30 INFO handle_requests.py-52 line：响应数据为：{'code': 2, 'msg': '余额小数超过两位', 'data': None, 'copyright': 'Copyright 柠檬班 © 2017-2020 湖南省零檬信息技术有限公司 All Rights Reserved'}
2020-07-15 22:08:34,566 py30 ERROR test_recharge.py-99 line：断言失败！
Traceback (most recent call last):
  File "C:\Program Files\JetBrains\PyCharm Community Edition 2020.1\plugins\python-ce\helpers\pycharm\teamcity\diff_tools.py", line 32, in _patched_equals
    old(self, first, second, msg)
  File "D:\python37\lib\unittest\case.py", line 839, in assertEqual
    assertion_func(first, second, msg=msg)
  File "D:\python37\lib\unittest\case.py", line 1220, in assertMultiLineEqual
    self.fail(self._formatMessage(msg, standardMsg))
  File "D:\python37\lib\unittest\case.py", line 680, in fail
    raise self.failureException(msg)
AssertionError: '余额小数超过两位' != '金额小数超过两位'
- 余额小数超过两位
? ^
+ 金额小数超过两位
? ^


During handling of the above exception, another exception occurred:

Traceback (most recent call last):
  File "D:\Pychram-Workspace\py30-接口自动化\day8\TestCases\test_recharge.py", line 90, in test_recharge
    self.assertEqual(response.json()["msg"], expected["msg"])
  File "C:\Program Files\JetBrains\PyCharm Community Edition 2020.1\plugins\python-ce\helpers\pycharm\teamcity\diff_tools.py", line 38, in _patched_equals
    raise error
teamcity.diff_tools.EqualsAssertionError:  :: 余额小数超过两位 != 金额小数超过两位
2020-07-15 22:08:34,620 py30 INFO handle_requests.py-33 line：发起一次HTTP请求
2020-07-15 22:08:34,620 py30 INFO handle_requests.py-41 line：请求头为：{'X-Lemonban-Media-Type': 'lemonban.v2', 'Content-Type': 'application/json', 'Authorization': 'Bearer eyJhbGciOiJIUzUxMiJ9.eyJtZW1iZXJfaWQiOjIwMDcxMywiZXhwIjoxNTk0ODIyNDEyfQ.XVGkWMpG7BstFl7--mE71YQ5azo0U0iLqyJFQcDdtwYR0oaGSCBqGQ0qfGS6kp18hSSjUkk1MKQwFavvc1AaUQ'}
2020-07-15 22:08:34,620 py30 INFO handle_requests.py-42 line：请求方法为：post
2020-07-15 22:08:34,620 py30 INFO handle_requests.py-43 line：请求url为：http://api.lemonban.com/futureloan/member/recharge
2020-07-15 22:08:34,621 py30 INFO handle_requests.py-44 line：请求数据为：{'member_id': 200713, 'amount': 500001}
2020-07-15 22:08:34,671 py30 INFO handle_requests.py-51 line：响应状态码为：200
2020-07-15 22:08:34,671 py30 INFO handle_requests.py-52 line：响应数据为：{'code': 2, 'msg': '余额必须大于0并且小于或者等于500000', 'data': None, 'copyright': 'Copyright 柠檬班 © 2017-2020 湖南省零檬信息技术有限公司 All Rights Reserved'}
2020-07-15 22:08:34,671 py30 ERROR test_recharge.py-99 line：断言失败！
Traceback (most recent call last):
  File "C:\Program Files\JetBrains\PyCharm Community Edition 2020.1\plugins\python-ce\helpers\pycharm\teamcity\diff_tools.py", line 32, in _patched_equals
    old(self, first, second, msg)
  File "D:\python37\lib\unittest\case.py", line 839, in assertEqual
    assertion_func(first, second, msg=msg)
  File "D:\python37\lib\unittest\case.py", line 1220, in assertMultiLineEqual
    self.fail(self._formatMessage(msg, standardMsg))
  File "D:\python37\lib\unittest\case.py", line 680, in fail
    raise self.failureException(msg)
AssertionError: '余额必须大于0并且小于或者等于500000' != '金额必须大于0并且小于或者等于500000'
- 余额必须大于0并且小于或者等于500000
? ^
+ 金额必须大于0并且小于或者等于500000
? ^


During handling of the above exception, another exception occurred:

Traceback (most recent call last):
  File "D:\Pychram-Workspace\py30-接口自动化\day8\TestCases\test_recharge.py", line 90, in test_recharge
    self.assertEqual(response.json()["msg"], expected["msg"])
  File "C:\Program Files\JetBrains\PyCharm Community Edition 2020.1\plugins\python-ce\helpers\pycharm\teamcity\diff_tools.py", line 38, in _patched_equals
    raise error
teamcity.diff_tools.EqualsAssertionError:  :: 余额必须大于0并且小于或者等于500000 != 金额必须大于0并且小于或者等于500000
2020-07-15 22:08:34,700 py30 INFO handle_requests.py-33 line：发起一次HTTP请求
2020-07-15 22:08:34,701 py30 INFO handle_requests.py-41 line：请求头为：{'X-Lemonban-Media-Type': 'lemonban.v2', 'Content-Type': 'application/json', 'Authorization': 'Bearer eyJhbGciOiJIUzUxMiJ9.eyJtZW1iZXJfaWQiOjIwMDcxMywiZXhwIjoxNTk0ODIyNDEyfQ.XVGkWMpG7BstFl7--mE71YQ5azo0U0iLqyJFQcDdtwYR0oaGSCBqGQ0qfGS6kp18hSSjUkk1MKQwFavvc1AaUQ'}
2020-07-15 22:08:34,701 py30 INFO handle_requests.py-42 line：请求方法为：post
2020-07-15 22:08:34,701 py30 INFO handle_requests.py-43 line：请求url为：http://api.lemonban.com/futureloan/member/recharge
2020-07-15 22:08:34,701 py30 INFO handle_requests.py-44 line：请求数据为：{'member_id': 200713, 'amount': '5万'}
2020-07-15 22:08:34,757 py30 INFO handle_requests.py-51 line：响应状态码为：200
2020-07-15 22:08:34,758 py30 INFO handle_requests.py-52 line：响应数据为：{'code': 2, 'msg': '数字格式化异常', 'data': None, 'copyright': 'Copyright 柠檬班 © 2017-2020 湖南省零檬信息技术有限公司 All Rights Reserved'}
2020-07-15 22:14:46,320 py30 INFO handle_requests.py-33 line：发起一次HTTP请求
2020-07-15 22:14:46,320 py30 INFO handle_requests.py-41 line：请求头为：{'X-Lemonban-Media-Type': 'lemonban.v2', 'Content-Type': 'application/json'}
2020-07-15 22:14:46,321 py30 INFO handle_requests.py-42 line：请求方法为：POST
2020-07-15 22:14:46,321 py30 INFO handle_requests.py-43 line：请求url为：http://api.lemonban.com/futureloan/member/register
2020-07-15 22:14:46,321 py30 INFO handle_requests.py-44 line：请求数据为：{'mobile_phone': '18605671115', 'pwd': '123456789'}
2020-07-15 22:14:46,426 py30 INFO handle_requests.py-51 line：响应状态码为：200
2020-07-15 22:14:46,430 py30 INFO handle_requests.py-52 line：响应数据为：{'code': 2, 'msg': '账号已存在', 'data': None, 'copyright': 'Copyright 柠檬班 © 2017-2020 湖南省零檬信息技术有限公司 All Rights Reserved'}
2020-07-15 22:14:46,431 py30 INFO handle_requests.py-33 line：发起一次HTTP请求
2020-07-15 22:14:46,431 py30 INFO handle_requests.py-41 line：请求头为：{'X-Lemonban-Media-Type': 'lemonban.v2', 'Content-Type': 'application/json'}
2020-07-15 22:14:46,432 py30 INFO handle_requests.py-42 line：请求方法为：POST
2020-07-15 22:14:46,432 py30 INFO handle_requests.py-43 line：请求url为：http://api.lemonban.com/futureloan/member/login
2020-07-15 22:14:46,433 py30 INFO handle_requests.py-44 line：请求数据为：{'mobile_phone': '18605671115', 'pwd': '123456789'}
2020-07-15 22:14:46,547 py30 INFO handle_requests.py-51 line：响应状态码为：200
2020-07-15 22:14:46,548 py30 INFO handle_requests.py-52 line：响应数据为：{'code': 0, 'msg': 'OK', 'data': {'id': 200713, 'leave_amount': 11006001.6, 'mobile_phone': '18605671115', 'reg_name': '新昵称', 'reg_time': '2020-06-29 11:52:20.0', 'type': 1, 'token_info': {'token_type': 'Bearer', 'expires_in': '2020-07-15 22:19:46', 'token': 'eyJhbGciOiJIUzUxMiJ9.eyJtZW1iZXJfaWQiOjIwMDcxMywiZXhwIjoxNTk0ODIyNzg2fQ.i7S7YvJQaxqwyXqhep78vjG-eWfXWA8Jgo8QdoeM6Jia5s0HPraSOrMB02Xwfwd72VZ72anWYpIf3UGx3A5BMQ'}}, 'copyright': 'Copyright 柠檬班 © 2017-2020 湖南省零檬信息技术有限公司 All Rights Reserved'}
2020-07-15 22:14:46,600 py30 INFO test_recharge.py-71 line：充值前的用户余额：11006001.60
2020-07-15 22:14:46,600 py30 INFO test_recharge.py-74 line：充值的金额为：600
2020-07-15 22:14:46,600 py30 INFO test_recharge.py-76 line：期望的充值之后的金额为：11006601.6
2020-07-15 22:14:46,601 py30 INFO handle_requests.py-33 line：发起一次HTTP请求
2020-07-15 22:14:46,601 py30 INFO handle_requests.py-41 line：请求头为：{'X-Lemonban-Media-Type': 'lemonban.v2', 'Content-Type': 'application/json', 'Authorization': 'Bearer eyJhbGciOiJIUzUxMiJ9.eyJtZW1iZXJfaWQiOjIwMDcxMywiZXhwIjoxNTk0ODIyNzg2fQ.i7S7YvJQaxqwyXqhep78vjG-eWfXWA8Jgo8QdoeM6Jia5s0HPraSOrMB02Xwfwd72VZ72anWYpIf3UGx3A5BMQ'}
2020-07-15 22:14:46,601 py30 INFO handle_requests.py-42 line：请求方法为：post
2020-07-15 22:14:46,601 py30 INFO handle_requests.py-43 line：请求url为：http://api.lemonban.com/futureloan/member/recharge
2020-07-15 22:14:46,601 py30 INFO handle_requests.py-44 line：请求数据为：{'member_id': 200713, 'amount': 600}
2020-07-15 22:14:46,665 py30 INFO handle_requests.py-51 line：响应状态码为：200
2020-07-15 22:14:46,665 py30 INFO handle_requests.py-52 line：响应数据为：{'code': 0, 'msg': 'OK', 'data': {'id': 200713, 'leave_amount': 11006601.6, 'mobile_phone': '18605671115', 'reg_name': '新昵称', 'reg_time': '2020-06-29 11:52:20.0', 'type': 1}, 'copyright': 'Copyright 柠檬班 © 2017-2020 湖南省零檬信息技术有限公司 All Rights Reserved'}
2020-07-15 22:14:46,713 py30 INFO test_recharge.py-96 line：充值后的用户余额：11006601.60
2020-07-15 22:14:46,783 py30 INFO test_recharge.py-71 line：充值前的用户余额：11006601.60
2020-07-15 22:14:46,783 py30 INFO test_recharge.py-74 line：充值的金额为：600.1
2020-07-15 22:14:46,784 py30 INFO test_recharge.py-76 line：期望的充值之后的金额为：11007201.7
2020-07-15 22:14:46,784 py30 INFO handle_requests.py-33 line：发起一次HTTP请求
2020-07-15 22:14:46,784 py30 INFO handle_requests.py-41 line：请求头为：{'X-Lemonban-Media-Type': 'lemonban.v2', 'Content-Type': 'application/json', 'Authorization': 'Bearer eyJhbGciOiJIUzUxMiJ9.eyJtZW1iZXJfaWQiOjIwMDcxMywiZXhwIjoxNTk0ODIyNzg2fQ.i7S7YvJQaxqwyXqhep78vjG-eWfXWA8Jgo8QdoeM6Jia5s0HPraSOrMB02Xwfwd72VZ72anWYpIf3UGx3A5BMQ'}
2020-07-15 22:14:46,785 py30 INFO handle_requests.py-42 line：请求方法为：post
2020-07-15 22:14:46,785 py30 INFO handle_requests.py-43 line：请求url为：http://api.lemonban.com/futureloan/member/recharge
2020-07-15 22:14:46,785 py30 INFO handle_requests.py-44 line：请求数据为：{'member_id': 200713, 'amount': 600.1}
2020-07-15 22:14:46,840 py30 INFO handle_requests.py-51 line：响应状态码为：200
2020-07-15 22:14:46,840 py30 INFO handle_requests.py-52 line：响应数据为：{'code': 0, 'msg': 'OK', 'data': {'id': 200713, 'leave_amount': 11007201.7, 'mobile_phone': '18605671115', 'reg_name': '新昵称', 'reg_time': '2020-06-29 11:52:20.0', 'type': 1}, 'copyright': 'Copyright 柠檬班 © 2017-2020 湖南省零檬信息技术有限公司 All Rights Reserved'}
2020-07-15 22:14:46,841 py30 ERROR test_recharge.py-99 line：断言失败！
Traceback (most recent call last):
  File "C:\Program Files\JetBrains\PyCharm Community Edition 2020.1\plugins\python-ce\helpers\pycharm\teamcity\diff_tools.py", line 32, in _patched_equals
    old(self, first, second, msg)
  File "D:\python37\lib\unittest\case.py", line 839, in assertEqual
    assertion_func(first, second, msg=msg)
  File "D:\python37\lib\unittest\case.py", line 832, in _baseAssertEqual
    raise self.failureException(msg)
AssertionError: 11007201.7 != 11006601.6

During handling of the above exception, another exception occurred:

Traceback (most recent call last):
  File "D:\Pychram-Workspace\py30-接口自动化\day8\TestCases\test_recharge.py", line 93, in test_recharge
    self.assertEqual(response.json()["data"]["leave_amount"], expected["data"]["leave_amount"])
  File "C:\Program Files\JetBrains\PyCharm Community Edition 2020.1\plugins\python-ce\helpers\pycharm\teamcity\diff_tools.py", line 38, in _patched_equals
    raise error
teamcity.diff_tools.EqualsAssertionError:  :: 11007201.7 != 11006601.6
2020-07-15 22:14:47,051 py30 INFO test_recharge.py-71 line：充值前的用户余额：11007201.70
2020-07-15 22:14:47,053 py30 INFO test_recharge.py-74 line：充值的金额为：600.22
2020-07-15 22:14:47,054 py30 INFO test_recharge.py-76 line：期望的充值之后的金额为：11007801.92
2020-07-15 22:14:47,054 py30 INFO handle_requests.py-33 line：发起一次HTTP请求
2020-07-15 22:14:47,054 py30 INFO handle_requests.py-41 line：请求头为：{'X-Lemonban-Media-Type': 'lemonban.v2', 'Content-Type': 'application/json', 'Authorization': 'Bearer eyJhbGciOiJIUzUxMiJ9.eyJtZW1iZXJfaWQiOjIwMDcxMywiZXhwIjoxNTk0ODIyNzg2fQ.i7S7YvJQaxqwyXqhep78vjG-eWfXWA8Jgo8QdoeM6Jia5s0HPraSOrMB02Xwfwd72VZ72anWYpIf3UGx3A5BMQ'}
2020-07-15 22:14:47,054 py30 INFO handle_requests.py-42 line：请求方法为：post
2020-07-15 22:14:47,055 py30 INFO handle_requests.py-43 line：请求url为：http://api.lemonban.com/futureloan/member/recharge
2020-07-15 22:14:47,055 py30 INFO handle_requests.py-44 line：请求数据为：{'member_id': 200713, 'amount': 600.22}
2020-07-15 22:14:47,118 py30 INFO handle_requests.py-51 line：响应状态码为：200
2020-07-15 22:14:47,119 py30 INFO handle_requests.py-52 line：响应数据为：{'code': 0, 'msg': 'OK', 'data': {'id': 200713, 'leave_amount': 11007801.92, 'mobile_phone': '18605671115', 'reg_name': '新昵称', 'reg_time': '2020-06-29 11:52:20.0', 'type': 1}, 'copyright': 'Copyright 柠檬班 © 2017-2020 湖南省零檬信息技术有限公司 All Rights Reserved'}
2020-07-15 22:14:47,119 py30 ERROR test_recharge.py-99 line：断言失败！
Traceback (most recent call last):
  File "C:\Program Files\JetBrains\PyCharm Community Edition 2020.1\plugins\python-ce\helpers\pycharm\teamcity\diff_tools.py", line 32, in _patched_equals
    old(self, first, second, msg)
  File "D:\python37\lib\unittest\case.py", line 839, in assertEqual
    assertion_func(first, second, msg=msg)
  File "D:\python37\lib\unittest\case.py", line 832, in _baseAssertEqual
    raise self.failureException(msg)
AssertionError: 11007801.92 != 11007201.7

During handling of the above exception, another exception occurred:

Traceback (most recent call last):
  File "D:\Pychram-Workspace\py30-接口自动化\day8\TestCases\test_recharge.py", line 93, in test_recharge
    self.assertEqual(response.json()["data"]["leave_amount"], expected["data"]["leave_amount"])
  File "C:\Program Files\JetBrains\PyCharm Community Edition 2020.1\plugins\python-ce\helpers\pycharm\teamcity\diff_tools.py", line 38, in _patched_equals
    raise error
teamcity.diff_tools.EqualsAssertionError:  :: 11007801.92 != 11007201.7
2020-07-15 22:14:47,193 py30 INFO test_recharge.py-71 line：充值前的用户余额：11007801.92
2020-07-15 22:14:47,194 py30 INFO test_recharge.py-74 line：充值的金额为：500000
2020-07-15 22:14:47,195 py30 INFO test_recharge.py-76 line：期望的充值之后的金额为：11507801.92
2020-07-15 22:14:47,195 py30 INFO handle_requests.py-33 line：发起一次HTTP请求
2020-07-15 22:14:47,195 py30 INFO handle_requests.py-41 line：请求头为：{'X-Lemonban-Media-Type': 'lemonban.v2', 'Content-Type': 'application/json', 'Authorization': 'Bearer eyJhbGciOiJIUzUxMiJ9.eyJtZW1iZXJfaWQiOjIwMDcxMywiZXhwIjoxNTk0ODIyNzg2fQ.i7S7YvJQaxqwyXqhep78vjG-eWfXWA8Jgo8QdoeM6Jia5s0HPraSOrMB02Xwfwd72VZ72anWYpIf3UGx3A5BMQ'}
2020-07-15 22:14:47,196 py30 INFO handle_requests.py-42 line：请求方法为：post
2020-07-15 22:14:47,196 py30 INFO handle_requests.py-43 line：请求url为：http://api.lemonban.com/futureloan/member/recharge
2020-07-15 22:14:47,196 py30 INFO handle_requests.py-44 line：请求数据为：{'member_id': 200713, 'amount': 500000}
2020-07-15 22:14:47,261 py30 INFO handle_requests.py-51 line：响应状态码为：200
2020-07-15 22:14:47,261 py30 INFO handle_requests.py-52 line：响应数据为：{'code': 0, 'msg': 'OK', 'data': {'id': 200713, 'leave_amount': 11507801.92, 'mobile_phone': '18605671115', 'reg_name': '新昵称', 'reg_time': '2020-06-29 11:52:20.0', 'type': 1}, 'copyright': 'Copyright 柠檬班 © 2017-2020 湖南省零檬信息技术有限公司 All Rights Reserved'}
2020-07-15 22:14:47,262 py30 ERROR test_recharge.py-99 line：断言失败！
Traceback (most recent call last):
  File "C:\Program Files\JetBrains\PyCharm Community Edition 2020.1\plugins\python-ce\helpers\pycharm\teamcity\diff_tools.py", line 32, in _patched_equals
    old(self, first, second, msg)
  File "D:\python37\lib\unittest\case.py", line 839, in assertEqual
    assertion_func(first, second, msg=msg)
  File "D:\python37\lib\unittest\case.py", line 832, in _baseAssertEqual
    raise self.failureException(msg)
AssertionError: 11507801.92 != 11007801.92

During handling of the above exception, another exception occurred:

Traceback (most recent call last):
  File "D:\Pychram-Workspace\py30-接口自动化\day8\TestCases\test_recharge.py", line 93, in test_recharge
    self.assertEqual(response.json()["data"]["leave_amount"], expected["data"]["leave_amount"])
  File "C:\Program Files\JetBrains\PyCharm Community Edition 2020.1\plugins\python-ce\helpers\pycharm\teamcity\diff_tools.py", line 38, in _patched_equals
    raise error
teamcity.diff_tools.EqualsAssertionError:  :: 11507801.92 != 11007801.92
2020-07-15 22:14:47,313 py30 INFO handle_requests.py-33 line：发起一次HTTP请求
2020-07-15 22:14:47,313 py30 INFO handle_requests.py-41 line：请求头为：{'X-Lemonban-Media-Type': 'lemonban.v2', 'Content-Type': 'application/json', 'Authorization': 'Bearer eyJhbGciOiJIUzUxMiJ9.eyJtZW1iZXJfaWQiOjIwMDcxMywiZXhwIjoxNTk0ODIyNzg2fQ.i7S7YvJQaxqwyXqhep78vjG-eWfXWA8Jgo8QdoeM6Jia5s0HPraSOrMB02Xwfwd72VZ72anWYpIf3UGx3A5BMQ'}
2020-07-15 22:14:47,314 py30 INFO handle_requests.py-42 line：请求方法为：post
2020-07-15 22:14:47,314 py30 INFO handle_requests.py-43 line：请求url为：http://api.lemonban.com/futureloan/member/recharge
2020-07-15 22:14:47,314 py30 INFO handle_requests.py-44 line：请求数据为：{'amount': 600}
2020-07-15 22:14:47,370 py30 INFO handle_requests.py-51 line：响应状态码为：200
2020-07-15 22:14:47,371 py30 INFO handle_requests.py-52 line：响应数据为：{'code': 1, 'msg': '用户id为空', 'data': None, 'copyright': 'Copyright 柠檬班 © 2017-2020 湖南省零檬信息技术有限公司 All Rights Reserved'}
2020-07-15 22:14:47,378 py30 INFO handle_requests.py-33 line：发起一次HTTP请求
2020-07-15 22:14:47,378 py30 INFO handle_requests.py-41 line：请求头为：{'X-Lemonban-Media-Type': 'lemonban.v2', 'Content-Type': 'application/json', 'Authorization': 'Bearer eyJhbGciOiJIUzUxMiJ9.eyJtZW1iZXJfaWQiOjIwMDcxMywiZXhwIjoxNTk0ODIyNzg2fQ.i7S7YvJQaxqwyXqhep78vjG-eWfXWA8Jgo8QdoeM6Jia5s0HPraSOrMB02Xwfwd72VZ72anWYpIf3UGx3A5BMQ'}
2020-07-15 22:14:47,378 py30 INFO handle_requests.py-42 line：请求方法为：post
2020-07-15 22:14:47,379 py30 INFO handle_requests.py-43 line：请求url为：http://api.lemonban.com/futureloan/member/recharge
2020-07-15 22:14:47,379 py30 INFO handle_requests.py-44 line：请求数据为：{'member_id': 98989898, 'amount': 600}
2020-07-15 22:14:47,438 py30 INFO handle_requests.py-51 line：响应状态码为：200
2020-07-15 22:14:47,439 py30 INFO handle_requests.py-52 line：响应数据为：{'code': 1007, 'msg': '无权限访问，请检查参数', 'data': None, 'copyright': 'Copyright 柠檬班 © 2017-2020 湖南省零檬信息技术有限公司 All Rights Reserved'}
2020-07-15 22:14:47,470 py30 INFO handle_requests.py-33 line：发起一次HTTP请求
2020-07-15 22:14:47,471 py30 INFO handle_requests.py-41 line：请求头为：{'X-Lemonban-Media-Type': 'lemonban.v2', 'Content-Type': 'application/json', 'Authorization': 'Bearer eyJhbGciOiJIUzUxMiJ9.eyJtZW1iZXJfaWQiOjIwMDcxMywiZXhwIjoxNTk0ODIyNzg2fQ.i7S7YvJQaxqwyXqhep78vjG-eWfXWA8Jgo8QdoeM6Jia5s0HPraSOrMB02Xwfwd72VZ72anWYpIf3UGx3A5BMQ'}
2020-07-15 22:14:47,471 py30 INFO handle_requests.py-42 line：请求方法为：post
2020-07-15 22:14:47,471 py30 INFO handle_requests.py-43 line：请求url为：http://api.lemonban.com/futureloan/member/recharge
2020-07-15 22:14:47,471 py30 INFO handle_requests.py-44 line：请求数据为：{'member_id': '200713', 'amount': 600}
2020-07-15 22:14:47,542 py30 INFO handle_requests.py-51 line：响应状态码为：200
2020-07-15 22:14:47,544 py30 INFO handle_requests.py-52 line：响应数据为：{'code': 0, 'msg': 'OK', 'data': {'id': 200713, 'leave_amount': 11508401.92, 'mobile_phone': '18605671115', 'reg_name': '新昵称', 'reg_time': '2020-06-29 11:52:20.0', 'type': 1}, 'copyright': 'Copyright 柠檬班 © 2017-2020 湖南省零檬信息技术有限公司 All Rights Reserved'}
2020-07-15 22:14:47,546 py30 ERROR test_recharge.py-99 line：断言失败！
Traceback (most recent call last):
  File "C:\Program Files\JetBrains\PyCharm Community Edition 2020.1\plugins\python-ce\helpers\pycharm\teamcity\diff_tools.py", line 32, in _patched_equals
    old(self, first, second, msg)
  File "D:\python37\lib\unittest\case.py", line 839, in assertEqual
    assertion_func(first, second, msg=msg)
  File "D:\python37\lib\unittest\case.py", line 832, in _baseAssertEqual
    raise self.failureException(msg)
AssertionError: 0 != 2

During handling of the above exception, another exception occurred:

Traceback (most recent call last):
  File "D:\Pychram-Workspace\py30-接口自动化\day8\TestCases\test_recharge.py", line 89, in test_recharge
    self.assertEqual(response.json()["code"], expected["code"])
  File "C:\Program Files\JetBrains\PyCharm Community Edition 2020.1\plugins\python-ce\helpers\pycharm\teamcity\diff_tools.py", line 38, in _patched_equals
    raise error
teamcity.diff_tools.EqualsAssertionError:  :: 0 != 2
2020-07-15 22:14:47,573 py30 INFO handle_requests.py-33 line：发起一次HTTP请求
2020-07-15 22:14:47,575 py30 INFO handle_requests.py-41 line：请求头为：{'X-Lemonban-Media-Type': 'lemonban.v2', 'Content-Type': 'application/json', 'Authorization': 'Bearer eyJhbGciOiJIUzUxMiJ9.eyJtZW1iZXJfaWQiOjIwMDcxMywiZXhwIjoxNTk0ODIyNzg2fQ.i7S7YvJQaxqwyXqhep78vjG-eWfXWA8Jgo8QdoeM6Jia5s0HPraSOrMB02Xwfwd72VZ72anWYpIf3UGx3A5BMQ'}
2020-07-15 22:14:47,578 py30 INFO handle_requests.py-42 line：请求方法为：post
2020-07-15 22:14:47,580 py30 INFO handle_requests.py-43 line：请求url为：http://api.lemonban.com/futureloan/member/recharge
2020-07-15 22:14:47,580 py30 INFO handle_requests.py-44 line：请求数据为：{'member_id': 15.0, 'amount': 600}
2020-07-15 22:14:47,631 py30 INFO handle_requests.py-51 line：响应状态码为：200
2020-07-15 22:14:47,632 py30 INFO handle_requests.py-52 line：响应数据为：{'code': 2, 'msg': '数字格式化异常', 'data': None, 'copyright': 'Copyright 柠檬班 © 2017-2020 湖南省零檬信息技术有限公司 All Rights Reserved'}
2020-07-15 22:14:47,647 py30 INFO handle_requests.py-33 line：发起一次HTTP请求
2020-07-15 22:14:47,647 py30 INFO handle_requests.py-41 line：请求头为：{'X-Lemonban-Media-Type': 'lemonban.v2', 'Content-Type': 'application/json', 'Authorization': 'Bearer eyJhbGciOiJIUzUxMiJ9.eyJtZW1iZXJfaWQiOjIwMDcxMywiZXhwIjoxNTk0ODIyNzg2fQ.i7S7YvJQaxqwyXqhep78vjG-eWfXWA8Jgo8QdoeM6Jia5s0HPraSOrMB02Xwfwd72VZ72anWYpIf3UGx3A5BMQ'}
2020-07-15 22:14:47,648 py30 INFO handle_requests.py-42 line：请求方法为：post
2020-07-15 22:14:47,648 py30 INFO handle_requests.py-43 line：请求url为：http://api.lemonban.com/futureloan/member/recharge
2020-07-15 22:14:47,648 py30 INFO handle_requests.py-44 line：请求数据为：{'member_id': 200713, 'amount': 0}
2020-07-15 22:14:47,700 py30 INFO handle_requests.py-51 line：响应状态码为：200
2020-07-15 22:14:47,700 py30 INFO handle_requests.py-52 line：响应数据为：{'code': 0, 'msg': 'OK', 'data': {'id': 200713, 'leave_amount': 11508401.92, 'mobile_phone': '18605671115', 'reg_name': '新昵称', 'reg_time': '2020-06-29 11:52:20.0', 'type': 1}, 'copyright': 'Copyright 柠檬班 © 2017-2020 湖南省零檬信息技术有限公司 All Rights Reserved'}
2020-07-15 22:14:47,700 py30 ERROR test_recharge.py-99 line：断言失败！
Traceback (most recent call last):
  File "C:\Program Files\JetBrains\PyCharm Community Edition 2020.1\plugins\python-ce\helpers\pycharm\teamcity\diff_tools.py", line 32, in _patched_equals
    old(self, first, second, msg)
  File "D:\python37\lib\unittest\case.py", line 839, in assertEqual
    assertion_func(first, second, msg=msg)
  File "D:\python37\lib\unittest\case.py", line 832, in _baseAssertEqual
    raise self.failureException(msg)
AssertionError: 0 != 2

During handling of the above exception, another exception occurred:

Traceback (most recent call last):
  File "D:\Pychram-Workspace\py30-接口自动化\day8\TestCases\test_recharge.py", line 89, in test_recharge
    self.assertEqual(response.json()["code"], expected["code"])
  File "C:\Program Files\JetBrains\PyCharm Community Edition 2020.1\plugins\python-ce\helpers\pycharm\teamcity\diff_tools.py", line 38, in _patched_equals
    raise error
teamcity.diff_tools.EqualsAssertionError:  :: 0 != 2
2020-07-15 22:14:47,755 py30 INFO handle_requests.py-33 line：发起一次HTTP请求
2020-07-15 22:14:47,756 py30 INFO handle_requests.py-41 line：请求头为：{'X-Lemonban-Media-Type': 'lemonban.v2', 'Content-Type': 'application/json', 'Authorization': 'Bearer eyJhbGciOiJIUzUxMiJ9.eyJtZW1iZXJfaWQiOjIwMDcxMywiZXhwIjoxNTk0ODIyNzg2fQ.i7S7YvJQaxqwyXqhep78vjG-eWfXWA8Jgo8QdoeM6Jia5s0HPraSOrMB02Xwfwd72VZ72anWYpIf3UGx3A5BMQ'}
2020-07-15 22:14:47,756 py30 INFO handle_requests.py-42 line：请求方法为：post
2020-07-15 22:14:47,756 py30 INFO handle_requests.py-43 line：请求url为：http://api.lemonban.com/futureloan/member/recharge
2020-07-15 22:14:47,756 py30 INFO handle_requests.py-44 line：请求数据为：{'member_id': 200713, 'amount': -600}
2020-07-15 22:14:47,805 py30 INFO handle_requests.py-51 line：响应状态码为：200
2020-07-15 22:14:47,806 py30 INFO handle_requests.py-52 line：响应数据为：{'code': 2, 'msg': '余额必须大于0并且小于或者等于500000', 'data': None, 'copyright': 'Copyright 柠檬班 © 2017-2020 湖南省零檬信息技术有限公司 All Rights Reserved'}
2020-07-15 22:14:47,807 py30 ERROR test_recharge.py-99 line：断言失败！
Traceback (most recent call last):
  File "C:\Program Files\JetBrains\PyCharm Community Edition 2020.1\plugins\python-ce\helpers\pycharm\teamcity\diff_tools.py", line 32, in _patched_equals
    old(self, first, second, msg)
  File "D:\python37\lib\unittest\case.py", line 839, in assertEqual
    assertion_func(first, second, msg=msg)
  File "D:\python37\lib\unittest\case.py", line 1220, in assertMultiLineEqual
    self.fail(self._formatMessage(msg, standardMsg))
  File "D:\python37\lib\unittest\case.py", line 680, in fail
    raise self.failureException(msg)
AssertionError: '余额必须大于0并且小于或者等于500000' != '金额必须大于0并且小于或者等于500000'
- 余额必须大于0并且小于或者等于500000
? ^
+ 金额必须大于0并且小于或者等于500000
? ^


During handling of the above exception, another exception occurred:

Traceback (most recent call last):
  File "D:\Pychram-Workspace\py30-接口自动化\day8\TestCases\test_recharge.py", line 90, in test_recharge
    self.assertEqual(response.json()["msg"], expected["msg"])
  File "C:\Program Files\JetBrains\PyCharm Community Edition 2020.1\plugins\python-ce\helpers\pycharm\teamcity\diff_tools.py", line 38, in _patched_equals
    raise error
teamcity.diff_tools.EqualsAssertionError:  :: 余额必须大于0并且小于或者等于500000 != 金额必须大于0并且小于或者等于500000
2020-07-15 22:14:47,869 py30 INFO handle_requests.py-33 line：发起一次HTTP请求
2020-07-15 22:14:47,870 py30 INFO handle_requests.py-41 line：请求头为：{'X-Lemonban-Media-Type': 'lemonban.v2', 'Content-Type': 'application/json', 'Authorization': 'Bearer eyJhbGciOiJIUzUxMiJ9.eyJtZW1iZXJfaWQiOjIwMDcxMywiZXhwIjoxNTk0ODIyNzg2fQ.i7S7YvJQaxqwyXqhep78vjG-eWfXWA8Jgo8QdoeM6Jia5s0HPraSOrMB02Xwfwd72VZ72anWYpIf3UGx3A5BMQ'}
2020-07-15 22:14:47,870 py30 INFO handle_requests.py-42 line：请求方法为：post
2020-07-15 22:14:47,870 py30 INFO handle_requests.py-43 line：请求url为：http://api.lemonban.com/futureloan/member/recharge
2020-07-15 22:14:47,870 py30 INFO handle_requests.py-44 line：请求数据为：{'member_id': 200713}
2020-07-15 22:14:47,911 py30 INFO handle_requests.py-51 line：响应状态码为：200
2020-07-15 22:14:47,911 py30 INFO handle_requests.py-52 line：响应数据为：{'code': 2, 'msg': '余额必须为数值型', 'data': None, 'copyright': 'Copyright 柠檬班 © 2017-2020 湖南省零檬信息技术有限公司 All Rights Reserved'}
2020-07-15 22:14:47,912 py30 ERROR test_recharge.py-99 line：断言失败！
Traceback (most recent call last):
  File "C:\Program Files\JetBrains\PyCharm Community Edition 2020.1\plugins\python-ce\helpers\pycharm\teamcity\diff_tools.py", line 32, in _patched_equals
    old(self, first, second, msg)
  File "D:\python37\lib\unittest\case.py", line 839, in assertEqual
    assertion_func(first, second, msg=msg)
  File "D:\python37\lib\unittest\case.py", line 832, in _baseAssertEqual
    raise self.failureException(msg)
AssertionError: 2 != 1

During handling of the above exception, another exception occurred:

Traceback (most recent call last):
  File "D:\Pychram-Workspace\py30-接口自动化\day8\TestCases\test_recharge.py", line 89, in test_recharge
    self.assertEqual(response.json()["code"], expected["code"])
  File "C:\Program Files\JetBrains\PyCharm Community Edition 2020.1\plugins\python-ce\helpers\pycharm\teamcity\diff_tools.py", line 38, in _patched_equals
    raise error
teamcity.diff_tools.EqualsAssertionError:  :: 2 != 1
2020-07-15 22:14:47,935 py30 INFO handle_requests.py-33 line：发起一次HTTP请求
2020-07-15 22:14:47,936 py30 INFO handle_requests.py-41 line：请求头为：{'X-Lemonban-Media-Type': 'lemonban.v2', 'Content-Type': 'application/json', 'Authorization': 'Bearer eyJhbGciOiJIUzUxMiJ9.eyJtZW1iZXJfaWQiOjIwMDcxMywiZXhwIjoxNTk0ODIyNzg2fQ.i7S7YvJQaxqwyXqhep78vjG-eWfXWA8Jgo8QdoeM6Jia5s0HPraSOrMB02Xwfwd72VZ72anWYpIf3UGx3A5BMQ'}
2020-07-15 22:14:47,937 py30 INFO handle_requests.py-42 line：请求方法为：post
2020-07-15 22:14:47,938 py30 INFO handle_requests.py-43 line：请求url为：http://api.lemonban.com/futureloan/member/recharge
2020-07-15 22:14:47,938 py30 INFO handle_requests.py-44 line：请求数据为：{'member_id': 200713, 'amount': 600.222}
2020-07-15 22:14:47,986 py30 INFO handle_requests.py-51 line：响应状态码为：200
2020-07-15 22:14:47,986 py30 INFO handle_requests.py-52 line：响应数据为：{'code': 2, 'msg': '余额小数超过两位', 'data': None, 'copyright': 'Copyright 柠檬班 © 2017-2020 湖南省零檬信息技术有限公司 All Rights Reserved'}
2020-07-15 22:14:47,987 py30 ERROR test_recharge.py-99 line：断言失败！
Traceback (most recent call last):
  File "C:\Program Files\JetBrains\PyCharm Community Edition 2020.1\plugins\python-ce\helpers\pycharm\teamcity\diff_tools.py", line 32, in _patched_equals
    old(self, first, second, msg)
  File "D:\python37\lib\unittest\case.py", line 839, in assertEqual
    assertion_func(first, second, msg=msg)
  File "D:\python37\lib\unittest\case.py", line 1220, in assertMultiLineEqual
    self.fail(self._formatMessage(msg, standardMsg))
  File "D:\python37\lib\unittest\case.py", line 680, in fail
    raise self.failureException(msg)
AssertionError: '余额小数超过两位' != '金额小数超过两位'
- 余额小数超过两位
? ^
+ 金额小数超过两位
? ^


During handling of the above exception, another exception occurred:

Traceback (most recent call last):
  File "D:\Pychram-Workspace\py30-接口自动化\day8\TestCases\test_recharge.py", line 90, in test_recharge
    self.assertEqual(response.json()["msg"], expected["msg"])
  File "C:\Program Files\JetBrains\PyCharm Community Edition 2020.1\plugins\python-ce\helpers\pycharm\teamcity\diff_tools.py", line 38, in _patched_equals
    raise error
teamcity.diff_tools.EqualsAssertionError:  :: 余额小数超过两位 != 金额小数超过两位
2020-07-15 22:14:48,017 py30 INFO handle_requests.py-33 line：发起一次HTTP请求
2020-07-15 22:14:48,017 py30 INFO handle_requests.py-41 line：请求头为：{'X-Lemonban-Media-Type': 'lemonban.v2', 'Content-Type': 'application/json', 'Authorization': 'Bearer eyJhbGciOiJIUzUxMiJ9.eyJtZW1iZXJfaWQiOjIwMDcxMywiZXhwIjoxNTk0ODIyNzg2fQ.i7S7YvJQaxqwyXqhep78vjG-eWfXWA8Jgo8QdoeM6Jia5s0HPraSOrMB02Xwfwd72VZ72anWYpIf3UGx3A5BMQ'}
2020-07-15 22:14:48,017 py30 INFO handle_requests.py-42 line：请求方法为：post
2020-07-15 22:14:48,017 py30 INFO handle_requests.py-43 line：请求url为：http://api.lemonban.com/futureloan/member/recharge
2020-07-15 22:14:48,017 py30 INFO handle_requests.py-44 line：请求数据为：{'member_id': 200713, 'amount': 500001}
2020-07-15 22:14:48,058 py30 INFO handle_requests.py-51 line：响应状态码为：200
2020-07-15 22:14:48,058 py30 INFO handle_requests.py-52 line：响应数据为：{'code': 2, 'msg': '余额必须大于0并且小于或者等于500000', 'data': None, 'copyright': 'Copyright 柠檬班 © 2017-2020 湖南省零檬信息技术有限公司 All Rights Reserved'}
2020-07-15 22:14:48,059 py30 ERROR test_recharge.py-99 line：断言失败！
Traceback (most recent call last):
  File "C:\Program Files\JetBrains\PyCharm Community Edition 2020.1\plugins\python-ce\helpers\pycharm\teamcity\diff_tools.py", line 32, in _patched_equals
    old(self, first, second, msg)
  File "D:\python37\lib\unittest\case.py", line 839, in assertEqual
    assertion_func(first, second, msg=msg)
  File "D:\python37\lib\unittest\case.py", line 1220, in assertMultiLineEqual
    self.fail(self._formatMessage(msg, standardMsg))
  File "D:\python37\lib\unittest\case.py", line 680, in fail
    raise self.failureException(msg)
AssertionError: '余额必须大于0并且小于或者等于500000' != '金额必须大于0并且小于或者等于500000'
- 余额必须大于0并且小于或者等于500000
? ^
+ 金额必须大于0并且小于或者等于500000
? ^


During handling of the above exception, another exception occurred:

Traceback (most recent call last):
  File "D:\Pychram-Workspace\py30-接口自动化\day8\TestCases\test_recharge.py", line 90, in test_recharge
    self.assertEqual(response.json()["msg"], expected["msg"])
  File "C:\Program Files\JetBrains\PyCharm Community Edition 2020.1\plugins\python-ce\helpers\pycharm\teamcity\diff_tools.py", line 38, in _patched_equals
    raise error
teamcity.diff_tools.EqualsAssertionError:  :: 余额必须大于0并且小于或者等于500000 != 金额必须大于0并且小于或者等于500000
2020-07-15 22:14:48,111 py30 INFO handle_requests.py-33 line：发起一次HTTP请求
2020-07-15 22:14:48,111 py30 INFO handle_requests.py-41 line：请求头为：{'X-Lemonban-Media-Type': 'lemonban.v2', 'Content-Type': 'application/json', 'Authorization': 'Bearer eyJhbGciOiJIUzUxMiJ9.eyJtZW1iZXJfaWQiOjIwMDcxMywiZXhwIjoxNTk0ODIyNzg2fQ.i7S7YvJQaxqwyXqhep78vjG-eWfXWA8Jgo8QdoeM6Jia5s0HPraSOrMB02Xwfwd72VZ72anWYpIf3UGx3A5BMQ'}
2020-07-15 22:14:48,111 py30 INFO handle_requests.py-42 line：请求方法为：post
2020-07-15 22:14:48,112 py30 INFO handle_requests.py-43 line：请求url为：http://api.lemonban.com/futureloan/member/recharge
2020-07-15 22:14:48,112 py30 INFO handle_requests.py-44 line：请求数据为：{'member_id': 200713, 'amount': '5万'}
2020-07-15 22:14:48,172 py30 INFO handle_requests.py-51 line：响应状态码为：200
2020-07-15 22:14:48,176 py30 INFO handle_requests.py-52 line：响应数据为：{'code': 2, 'msg': '数字格式化异常', 'data': None, 'copyright': 'Copyright 柠檬班 © 2017-2020 湖南省零檬信息技术有限公司 All Rights Reserved'}
